-- The C compiler identification is GNU 11.4.0
-- The CXX compiler identification is GNU 11.4.0
-- Detecting C compiler ABI info
-- Detecting C compiler ABI info - done
-- Check for working C compiler: /usr/bin/cc - skipped
-- Detecting C compile features
-- Detecting C compile features - done
-- Detecting CXX compiler ABI info
-- Detecting CXX compiler ABI info - done
-- Check for working CXX compiler: /usr/bin/c++ - skipped
-- Detecting CXX compile features
-- Detecting CXX compile features - done
-- Found ament_cmake: 1.3.5 (/opt/ros/humble/share/ament_cmake/cmake)
-- Found Python3: /usr/bin/python3.10 (found version "3.10.12") found components: Interpreter 
-- Found camera_info_manager: 3.1.7 (/opt/ros/humble/share/camera_info_manager/cmake)
-- Found rosidl_generator_c: 3.1.5 (/opt/ros/humble/share/rosidl_generator_c/cmake)
-- Found rosidl_adapter: 3.1.5 (/opt/ros/humble/share/rosidl_adapter/cmake)
-- Found rosidl_generator_cpp: 3.1.5 (/opt/ros/humble/share/rosidl_generator_cpp/cmake)
-- Using all available rosidl_typesupport_c: rosidl_typesupport_fastrtps_c;rosidl_typesupport_introspection_c
-- Using all available rosidl_typesupport_cpp: rosidl_typesupport_fastrtps_cpp;rosidl_typesupport_introspection_cpp
-- Found rmw_implementation_cmake: 6.1.1 (/opt/ros/humble/share/rmw_implementation_cmake/cmake)
-- Found rmw_fastrtps_cpp: 6.2.4 (/opt/ros/humble/share/rmw_fastrtps_cpp/cmake)
-- Found OpenSSL: /usr/lib/aarch64-linux-gnu/libcrypto.so (found version "3.0.2")  
-- Found FastRTPS: /opt/ros/humble/include  
-- Using RMW implementation 'rmw_fastrtps_cpp' as default
-- Looking for pthread.h
-- Looking for pthread.h - found
-- Performing Test CMAKE_HAVE_LIBC_PTHREAD
-- Performing Test CMAKE_HAVE_LIBC_PTHREAD - Failed
-- Looking for pthread_create in pthreads
-- Looking for pthread_create in pthreads - not found
-- Looking for pthread_create in pthread
-- Looking for pthread_create in pthread - found
-- Found Threads: TRUE  
-- Found cv_bridge: 3.2.1 (/opt/ros/humble/share/cv_bridge/cmake)
-- xtl v0.7.4
-- Building xtensor v0.24.3
-- Found xtl v0.7.4
-- Found depthai_bridge: 2.8.2 (/underlay_ws/install/depthai_bridge/share/depthai_bridge/cmake)
-- Found eigen3_cmake_module: 0.1.1 (/opt/ros/humble/share/eigen3_cmake_module/cmake)
-- Found Eigen3: TRUE (found version "3.4.0") 
-- Ensuring Eigen3 include directory is part of orocos-kdl CMake target
-- Found rtabmap_slam: 0.21.1 (/opt/ros/humble/share/rtabmap_slam/cmake)
-- Checking for module 'eigen3'
--   Found eigen3, version 3.4.0
-- Found Eigen: /usr/include/eigen3 (Required is at least version "3.1") 
-- Eigen found (include: /usr/include/eigen3, version: 3.4.0)
-- Checking for module 'flann'
--   Found flann, version 1.9.1
-- Found FLANN: /usr/lib/aarch64-linux-gnu/libflann_cpp.so  
-- FLANN found (include: /usr/include, lib: /usr/lib/aarch64-linux-gnu/libflann_cpp.so)
-- Checking for module 'libusb-1.0'
--   Found libusb-1.0, version 1.0.25
-- Found libusb: /usr/lib/aarch64-linux-gnu/libusb-1.0.so  
-- OpenNI found (version: 1.5.4.0, include: /usr/include/ni, lib: /usr/lib/libOpenNI.so;libusb::libusb)
-- OpenNI2 found (version: 2.2.0.33, include: /usr/include/openni2, lib: /usr/lib/aarch64-linux-gnu/libOpenNI2.so;libusb::libusb)
-- Eigen found (include: /usr/include/eigen3, version: 3.4.0)
-- OpenNI found (version: 1.5.4.0, include: /usr/include/ni, lib: /usr/lib/libOpenNI.so;libusb::libusb)
-- OpenNI2 found (version: 2.2.0.33, include: /usr/include/openni2, lib: /usr/lib/aarch64-linux-gnu/libOpenNI2.so;libusb::libusb)
-- Found Qhull version 8.0.2
-- OpenNI found (version: 1.5.4.0, include: /usr/include/ni, lib: /usr/lib/libOpenNI.so;libusb::libusb)
-- Found PCL_COMMON: /usr/lib/aarch64-linux-gnu/libpcl_common.so  
-- Found PCL_KDTREE: /usr/lib/aarch64-linux-gnu/libpcl_kdtree.so  
-- Found PCL_OCTREE: /usr/lib/aarch64-linux-gnu/libpcl_octree.so  
-- Found PCL_SEARCH: /usr/lib/aarch64-linux-gnu/libpcl_search.so  
-- Found PCL_SAMPLE_CONSENSUS: /usr/lib/aarch64-linux-gnu/libpcl_sample_consensus.so  
-- Found PCL_FILTERS: /usr/lib/aarch64-linux-gnu/libpcl_filters.so  
-- Found PCL_2D: /usr/include/pcl-1.12  
-- Found PCL_GEOMETRY: /usr/include/pcl-1.12  
-- Found PCL_IO: /usr/lib/aarch64-linux-gnu/libpcl_io.so  
-- Found PCL_FEATURES: /usr/lib/aarch64-linux-gnu/libpcl_features.so  
-- Found PCL_ML: /usr/lib/aarch64-linux-gnu/libpcl_ml.so  
-- Found PCL_SEGMENTATION: /usr/lib/aarch64-linux-gnu/libpcl_segmentation.so  
-- Found PCL_VISUALIZATION: /usr/lib/aarch64-linux-gnu/libpcl_visualization.so  
-- Found PCL_SURFACE: /usr/lib/aarch64-linux-gnu/libpcl_surface.so  
-- Found PCL_REGISTRATION: /usr/lib/aarch64-linux-gnu/libpcl_registration.so  
-- Found PCL_KEYPOINTS: /usr/lib/aarch64-linux-gnu/libpcl_keypoints.so  
-- Found PCL_TRACKING: /usr/lib/aarch64-linux-gnu/libpcl_tracking.so  
-- Found PCL_RECOGNITION: /usr/lib/aarch64-linux-gnu/libpcl_recognition.so  
-- Found PCL_STEREO: /usr/lib/aarch64-linux-gnu/libpcl_stereo.so  
-- Found PCL_APPS: /usr/lib/aarch64-linux-gnu/libpcl_apps.so  
-- Found PCL_IN_HAND_SCANNER: /usr/include/pcl-1.12  
-- Found PCL_MODELER: /usr/include/pcl-1.12  
-- Found PCL_POINT_CLOUD_EDITOR: /usr/include/pcl-1.12  
-- Found PCL_OUTOFCORE: /usr/lib/aarch64-linux-gnu/libpcl_outofcore.so  
-- Found PCL_PEOPLE: /usr/lib/aarch64-linux-gnu/libpcl_people.so  
-- Found depthai_ros_driver: 2.8.2 (/underlay_ws/install/depthai_ros_driver/share/depthai_ros_driver/cmake)
-- Found ira_laser_tools: 2.0.7 (/underlay_ws/install/ira_laser_tools/share/ira_laser_tools/cmake)
-- Found image_proc: 3.0.0 (/opt/ros/humble/share/image_proc/cmake)
-- Found laserscan_kinect: 1.1.0 (/underlay_ws/install/laserscan_kinect/share/laserscan_kinect/cmake)
-- Found OpenCV: /usr (found suitable version "4.5.4", minimum required is "4") found components: imgproc highgui 
-- Configuring done
-- Generating done
-- Build files have been written to: /ws/src/rae-ros/build/rae_camera
[ 10%] [32mBuilding CXX object CMakeFiles/stereo_pair.dir/src/stereo_pair.cpp.o[0m
[ 20%] [32mBuilding CXX object CMakeFiles/yolo.dir/src/yolo.cpp.o[0m
[ 30%] [32mBuilding CXX object CMakeFiles/perception_ipc_rtabmap.dir/src/perception_ipc_rtabmap.cpp.o[0m
[ 50%] [32mBuilding CXX object CMakeFiles/stereo_depth.dir/src/stereo_depth.cpp.o[0m
[ 50%] [32mBuilding CXX object CMakeFiles/camera.dir/src/camera.cpp.o[0m
[ 60%] [32m[1mLinking CXX executable stereo_pair[0m
[ 60%] Built target stereo_pair
[ 70%] [32m[1mLinking CXX executable camera[0m
[ 80%] [32m[1mLinking CXX executable stereo_depth[0m
[ 80%] Built target stereo_depth
[ 80%] Built target camera
[ 90%] [32m[1mLinking CXX executable yolo[0m
[ 90%] Built target yolo
[100%] [32m[1mLinking CXX executable perception_ipc_rtabmap[0m
[100%] Built target perception_ipc_rtabmap
-- Install configuration: ""
-- Installing: /ws/src/rae-ros/install/rae_camera/lib/rae_camera/camera
-- Set runtime path of "/ws/src/rae-ros/install/rae_camera/lib/rae_camera/camera" to "/underlay_ws/install/depthai_bridge/lib:/opt/ros/humble/lib/aarch64-linux-gnu:/opt/ros/humble/lib:/underlay_ws/install/depthai_ros_msgs/lib:/usr/local/lib"
-- Installing: /ws/src/rae-ros/install/rae_camera/lib/rae_camera/stereo_depth
-- Set runtime path of "/ws/src/rae-ros/install/rae_camera/lib/rae_camera/stereo_depth" to "/underlay_ws/install/depthai_bridge/lib:/opt/ros/humble/lib/aarch64-linux-gnu:/opt/ros/humble/lib:/underlay_ws/install/depthai_ros_msgs/lib:/usr/local/lib"
-- Installing: /ws/src/rae-ros/install/rae_camera/lib/rae_camera/stereo_pair
-- Set runtime path of "/ws/src/rae-ros/install/rae_camera/lib/rae_camera/stereo_pair" to "/underlay_ws/install/depthai_bridge/lib:/opt/ros/humble/lib/aarch64-linux-gnu:/opt/ros/humble/lib:/underlay_ws/install/depthai_ros_msgs/lib:/usr/local/lib"
-- Installing: /ws/src/rae-ros/install/rae_camera/lib/rae_camera/yolo
-- Set runtime path of "/ws/src/rae-ros/install/rae_camera/lib/rae_camera/yolo" to "/underlay_ws/install/depthai_bridge/lib:/opt/ros/humble/lib/aarch64-linux-gnu:/opt/ros/humble/lib:/underlay_ws/install/depthai_ros_msgs/lib:/usr/local/lib"
-- Installing: /ws/src/rae-ros/install/rae_camera/lib/rae_camera/perception_ipc_rtabmap
-- Set runtime path of "/ws/src/rae-ros/install/rae_camera/lib/rae_camera/perception_ipc_rtabmap" to "/opt/ros/humble/lib/aarch64-linux-gnu:/opt/ros/humble/lib:/underlay_ws/install/depthai_ros_driver/lib:/underlay_ws/install/ira_laser_tools/lib:/underlay_ws/install/laserscan_kinect/lib:/underlay_ws/install/depthai_bridge/lib:/underlay_ws/install/depthai_ros_msgs/lib:/usr/local/lib"
-- Installing: /ws/src/rae-ros/install/rae_camera/share/rae_camera/launch
-- Installing: /ws/src/rae-ros/install/rae_camera/share/rae_camera/launch/rae_camera.launch.py
-- Installing: /ws/src/rae-ros/install/rae_camera/share/rae_camera/launch/perception_ipc.launch.py
-- Installing: /ws/src/rae-ros/install/rae_camera/share/rae_camera/config
-- Installing: /ws/src/rae-ros/install/rae_camera/share/rae_camera/config/laserscan_kinect.yaml
-- Installing: /ws/src/rae-ros/install/rae_camera/share/rae_camera/config/camera.yaml
-- Installing: /ws/src/rae-ros/install/rae_camera/share/rae_camera/config/ipc.yaml
-- Installing: /ws/src/rae-ros/install/rae_camera/share/rae_camera/config/cal.json
-- Installing: /ws/src/rae-ros/install/rae_camera/share/rae_camera/config/yolo.json
-- Installing: /ws/src/rae-ros/install/rae_camera/share/ament_index/resource_index/package_run_dependencies/rae_camera
-- Installing: /ws/src/rae-ros/install/rae_camera/share/ament_index/resource_index/parent_prefix_path/rae_camera
-- Installing: /ws/src/rae-ros/install/rae_camera/share/rae_camera/environment/ament_prefix_path.sh
-- Installing: /ws/src/rae-ros/install/rae_camera/share/rae_camera/environment/ament_prefix_path.dsv
-- Installing: /ws/src/rae-ros/install/rae_camera/share/rae_camera/environment/path.sh
-- Installing: /ws/src/rae-ros/install/rae_camera/share/rae_camera/environment/path.dsv
-- Installing: /ws/src/rae-ros/install/rae_camera/share/rae_camera/local_setup.bash
-- Installing: /ws/src/rae-ros/install/rae_camera/share/rae_camera/local_setup.sh
-- Installing: /ws/src/rae-ros/install/rae_camera/share/rae_camera/local_setup.zsh
-- Installing: /ws/src/rae-ros/install/rae_camera/share/rae_camera/local_setup.dsv
-- Installing: /ws/src/rae-ros/install/rae_camera/share/rae_camera/package.dsv
-- Installing: /ws/src/rae-ros/install/rae_camera/share/ament_index/resource_index/packages/rae_camera
-- Installing: /ws/src/rae-ros/install/rae_camera/share/rae_camera/cmake/ament_cmake_export_include_directories-extras.cmake
-- Installing: /ws/src/rae-ros/install/rae_camera/share/rae_camera/cmake/ament_cmake_export_dependencies-extras.cmake
-- Installing: /ws/src/rae-ros/install/rae_camera/share/rae_camera/cmake/rae_cameraConfig.cmake
-- Installing: /ws/src/rae-ros/install/rae_camera/share/rae_camera/cmake/rae_cameraConfig-version.cmake
-- Installing: /ws/src/rae-ros/install/rae_camera/share/rae_camera/package.xml
-- Installing: /ws/src/rae-ros/install/rae_camera/include/xtl/xany.hpp
-- Installing: /ws/src/rae-ros/install/rae_camera/include/xtl/xbasic_fixed_string.hpp
-- Installing: /ws/src/rae-ros/install/rae_camera/include/xtl/xbase64.hpp
-- Installing: /ws/src/rae-ros/install/rae_camera/include/xtl/xclosure.hpp
-- Installing: /ws/src/rae-ros/install/rae_camera/include/xtl/xcomplex.hpp
-- Installing: /ws/src/rae-ros/install/rae_camera/include/xtl/xcomplex_sequence.hpp
-- Installing: /ws/src/rae-ros/install/rae_camera/include/xtl/xspan.hpp
-- Installing: /ws/src/rae-ros/install/rae_camera/include/xtl/xspan_impl.hpp
-- Installing: /ws/src/rae-ros/install/rae_camera/include/xtl/xdynamic_bitset.hpp
-- Installing: /ws/src/rae-ros/install/rae_camera/include/xtl/xfunctional.hpp
-- Installing: /ws/src/rae-ros/install/rae_camera/include/xtl/xhalf_float.hpp
-- Installing: /ws/src/rae-ros/install/rae_camera/include/xtl/xhalf_float_impl.hpp
-- Installing: /ws/src/rae-ros/install/rae_camera/include/xtl/xhash.hpp
-- Installing: /ws/src/rae-ros/install/rae_camera/include/xtl/xhierarchy_generator.hpp
-- Installing: /ws/src/rae-ros/install/rae_camera/include/xtl/xiterator_base.hpp
-- Installing: /ws/src/rae-ros/install/rae_camera/include/xtl/xjson.hpp
-- Installing: /ws/src/rae-ros/install/rae_camera/include/xtl/xmasked_value_meta.hpp
-- Installing: /ws/src/rae-ros/install/rae_camera/include/xtl/xmasked_value.hpp
-- Installing: /ws/src/rae-ros/install/rae_camera/include/xtl/xmeta_utils.hpp
-- Installing: /ws/src/rae-ros/install/rae_camera/include/xtl/xmultimethods.hpp
-- Installing: /ws/src/rae-ros/install/rae_camera/include/xtl/xoptional_meta.hpp
-- Installing: /ws/src/rae-ros/install/rae_camera/include/xtl/xoptional.hpp
-- Installing: /ws/src/rae-ros/install/rae_camera/include/xtl/xoptional_sequence.hpp
-- Installing: /ws/src/rae-ros/install/rae_camera/include/xtl/xplatform.hpp
-- Installing: /ws/src/rae-ros/install/rae_camera/include/xtl/xproxy_wrapper.hpp
-- Installing: /ws/src/rae-ros/install/rae_camera/include/xtl/xsequence.hpp
-- Installing: /ws/src/rae-ros/install/rae_camera/include/xtl/xsystem.hpp
-- Installing: /ws/src/rae-ros/install/rae_camera/include/xtl/xtl_config.hpp
-- Installing: /ws/src/rae-ros/install/rae_camera/include/xtl/xtype_traits.hpp
-- Installing: /ws/src/rae-ros/install/rae_camera/include/xtl/xvariant.hpp
-- Installing: /ws/src/rae-ros/install/rae_camera/include/xtl/xvariant_impl.hpp
-- Installing: /ws/src/rae-ros/install/rae_camera/include/xtl/xvisitor.hpp
-- Installing: /ws/src/rae-ros/install/rae_camera/share/cmake/xtl/xtlConfig.cmake
-- Installing: /ws/src/rae-ros/install/rae_camera/share/cmake/xtl/xtlConfigVersion.cmake
-- Installing: /ws/src/rae-ros/install/rae_camera/share/cmake/xtl/xtlTargets.cmake
-- Installing: /ws/src/rae-ros/install/rae_camera/share/pkgconfig/xtl.pc
-- Installing: /ws/src/rae-ros/install/rae_camera/include/xtensor/xaccessible.hpp
-- Installing: /ws/src/rae-ros/install/rae_camera/include/xtensor/xaccumulator.hpp
-- Installing: /ws/src/rae-ros/install/rae_camera/include/xtensor/xadapt.hpp
-- Installing: /ws/src/rae-ros/install/rae_camera/include/xtensor/xarray.hpp
-- Installing: /ws/src/rae-ros/install/rae_camera/include/xtensor/xassign.hpp
-- Installing: /ws/src/rae-ros/install/rae_camera/include/xtensor/xaxis_iterator.hpp
-- Installing: /ws/src/rae-ros/install/rae_camera/include/xtensor/xaxis_slice_iterator.hpp
-- Installing: /ws/src/rae-ros/install/rae_camera/include/xtensor/xblockwise_reducer.hpp
-- Installing: /ws/src/rae-ros/install/rae_camera/include/xtensor/xblockwise_reducer_functors.hpp
-- Installing: /ws/src/rae-ros/install/rae_camera/include/xtensor/xbroadcast.hpp
-- Installing: /ws/src/rae-ros/install/rae_camera/include/xtensor/xbuffer_adaptor.hpp
-- Installing: /ws/src/rae-ros/install/rae_camera/include/xtensor/xbuilder.hpp
-- Installing: /ws/src/rae-ros/install/rae_camera/include/xtensor/xchunked_array.hpp
-- Installing: /ws/src/rae-ros/install/rae_camera/include/xtensor/xchunked_assign.hpp
-- Installing: /ws/src/rae-ros/install/rae_camera/include/xtensor/xchunked_view.hpp
-- Installing: /ws/src/rae-ros/install/rae_camera/include/xtensor/xcomplex.hpp
-- Installing: /ws/src/rae-ros/install/rae_camera/include/xtensor/xcontainer.hpp
-- Installing: /ws/src/rae-ros/install/rae_camera/include/xtensor/xcsv.hpp
-- Installing: /ws/src/rae-ros/install/rae_camera/include/xtensor/xdynamic_view.hpp
-- Installing: /ws/src/rae-ros/install/rae_camera/include/xtensor/xeval.hpp
-- Installing: /ws/src/rae-ros/install/rae_camera/include/xtensor/xexception.hpp
-- Installing: /ws/src/rae-ros/install/rae_camera/include/xtensor/xexpression.hpp
-- Installing: /ws/src/rae-ros/install/rae_camera/include/xtensor/xexpression_holder.hpp
-- Installing: /ws/src/rae-ros/install/rae_camera/include/xtensor/xexpression_traits.hpp
-- Installing: /ws/src/rae-ros/install/rae_camera/include/xtensor/xfixed.hpp
-- Installing: /ws/src/rae-ros/install/rae_camera/include/xtensor/xfunction.hpp
-- Installing: /ws/src/rae-ros/install/rae_camera/include/xtensor/xfunctor_view.hpp
-- Installing: /ws/src/rae-ros/install/rae_camera/include/xtensor/xgenerator.hpp
-- Installing: /ws/src/rae-ros/install/rae_camera/include/xtensor/xhistogram.hpp
-- Installing: /ws/src/rae-ros/install/rae_camera/include/xtensor/xindex_view.hpp
-- Installing: /ws/src/rae-ros/install/rae_camera/include/xtensor/xinfo.hpp
-- Installing: /ws/src/rae-ros/install/rae_camera/include/xtensor/xio.hpp
-- Installing: /ws/src/rae-ros/install/rae_camera/include/xtensor/xiterable.hpp
-- Installing: /ws/src/rae-ros/install/rae_camera/include/xtensor/xiterator.hpp
-- Installing: /ws/src/rae-ros/install/rae_camera/include/xtensor/xjson.hpp
-- Installing: /ws/src/rae-ros/install/rae_camera/include/xtensor/xlayout.hpp
-- Installing: /ws/src/rae-ros/install/rae_camera/include/xtensor/xmanipulation.hpp
-- Installing: /ws/src/rae-ros/install/rae_camera/include/xtensor/xmasked_view.hpp
-- Installing: /ws/src/rae-ros/install/rae_camera/include/xtensor/xmath.hpp
-- Installing: /ws/src/rae-ros/install/rae_camera/include/xtensor/xmime.hpp
-- Installing: /ws/src/rae-ros/install/rae_camera/include/xtensor/xmultiindex_iterator.hpp
-- Installing: /ws/src/rae-ros/install/rae_camera/include/xtensor/xnoalias.hpp
-- Installing: /ws/src/rae-ros/install/rae_camera/include/xtensor/xnorm.hpp
-- Installing: /ws/src/rae-ros/install/rae_camera/include/xtensor/xnpy.hpp
-- Installing: /ws/src/rae-ros/install/rae_camera/include/xtensor/xoffset_view.hpp
-- Installing: /ws/src/rae-ros/install/rae_camera/include/xtensor/xoperation.hpp
-- Installing: /ws/src/rae-ros/install/rae_camera/include/xtensor/xoptional.hpp
-- Installing: /ws/src/rae-ros/install/rae_camera/include/xtensor/xoptional_assembly.hpp
-- Installing: /ws/src/rae-ros/install/rae_camera/include/xtensor/xoptional_assembly_base.hpp
-- Installing: /ws/src/rae-ros/install/rae_camera/include/xtensor/xoptional_assembly_storage.hpp
-- Installing: /ws/src/rae-ros/install/rae_camera/include/xtensor/xpad.hpp
-- Installing: /ws/src/rae-ros/install/rae_camera/include/xtensor/xrandom.hpp
-- Installing: /ws/src/rae-ros/install/rae_camera/include/xtensor/xreducer.hpp
-- Installing: /ws/src/rae-ros/install/rae_camera/include/xtensor/xrepeat.hpp
-- Installing: /ws/src/rae-ros/install/rae_camera/include/xtensor/xscalar.hpp
-- Installing: /ws/src/rae-ros/install/rae_camera/include/xtensor/xsemantic.hpp
-- Installing: /ws/src/rae-ros/install/rae_camera/include/xtensor/xset_operation.hpp
-- Installing: /ws/src/rae-ros/install/rae_camera/include/xtensor/xshape.hpp
-- Installing: /ws/src/rae-ros/install/rae_camera/include/xtensor/xslice.hpp
-- Installing: /ws/src/rae-ros/install/rae_camera/include/xtensor/xsort.hpp
-- Installing: /ws/src/rae-ros/install/rae_camera/include/xtensor/xstorage.hpp
-- Installing: /ws/src/rae-ros/install/rae_camera/include/xtensor/xstrided_view.hpp
-- Installing: /ws/src/rae-ros/install/rae_camera/include/xtensor/xstrided_view_base.hpp
-- Installing: /ws/src/rae-ros/install/rae_camera/include/xtensor/xstrides.hpp
-- Installing: /ws/src/rae-ros/install/rae_camera/include/xtensor/xtensor.hpp
-- Installing: /ws/src/rae-ros/install/rae_camera/include/xtensor/xtensor_config.hpp
-- Installing: /ws/src/rae-ros/install/rae_camera/include/xtensor/xtensor_forward.hpp
-- Installing: /ws/src/rae-ros/install/rae_camera/include/xtensor/xtensor_simd.hpp
-- Installing: /ws/src/rae-ros/install/rae_camera/include/xtensor/xutils.hpp
-- Installing: /ws/src/rae-ros/install/rae_camera/include/xtensor/xvectorize.hpp
-- Installing: /ws/src/rae-ros/install/rae_camera/include/xtensor/xview.hpp
-- Installing: /ws/src/rae-ros/install/rae_camera/include/xtensor/xview_utils.hpp
-- Installing: /ws/src/rae-ros/install/rae_camera/lib/cmake/xtensor/xtensorConfig.cmake
-- Installing: /ws/src/rae-ros/install/rae_camera/lib/cmake/xtensor/xtensorConfigVersion.cmake
-- Installing: /ws/src/rae-ros/install/rae_camera/lib/cmake/xtensor/xtensorTargets.cmake
-- Installing: /ws/src/rae-ros/install/rae_camera/lib/pkgconfig/xtensor.pc
-- Installing: /ws/src/rae-ros/install/rae_camera/include/xtensor.hpp
