[0.298s] Invoking command in '/ws/build/rae_camera': CMAKE_PREFIX_PATH=${CMAKE_PREFIX_PATH}:/underlay_ws/install/gst_pipeline:/opt/ros/humble /usr/bin/cmake --build /ws/build/rae_camera -- -j12 -l12
[0.896s] [ 40%] Built target yolo
[0.896s] [ 40%] Built target stereo_depth
[0.899s] [ 60%] Built target stereo_pair
[0.900s] [ 80%] Built target camera
[0.972s] [100%] Built target perception_ipc_rtabmap
[1.053s] Invoked command in '/ws/build/rae_camera' returned '0': CMAKE_PREFIX_PATH=${CMAKE_PREFIX_PATH}:/underlay_ws/install/gst_pipeline:/opt/ros/humble /usr/bin/cmake --build /ws/build/rae_camera -- -j12 -l12
[1.842s] Invoking command in '/ws/build/rae_camera': CMAKE_PREFIX_PATH=${CMAKE_PREFIX_PATH}:/underlay_ws/install/gst_pipeline:/opt/ros/humble /usr/bin/cmake --install /ws/build/rae_camera
[1.926s] -- Install configuration: "RelWithDebInfo"
[1.930s] -- Execute custom install script
[1.934s] -- Up-to-date symlink: /ws/install/rae_camera/share/cmake/xtl/xtlConfig.cmake
[1.934s] -- Up-to-date symlink: /ws/install/rae_camera/share/cmake/xtl/xtlConfigVersion.cmake
[1.935s] -- Up-to-date symlink: /ws/install/rae_camera/share/pkgconfig//xtl.pc
[1.936s] -- Up-to-date symlink: /ws/install/rae_camera/include/xtensor/xaccessible.hpp
[1.937s] -- Up-to-date symlink: /ws/install/rae_camera/include/xtensor/xaccumulator.hpp
[1.937s] -- Up-to-date symlink: /ws/install/rae_camera/include/xtensor/xadapt.hpp
[1.938s] -- Up-to-date symlink: /ws/install/rae_camera/include/xtensor/xarray.hpp
[1.939s] -- Up-to-date symlink: /ws/install/rae_camera/include/xtensor/xassign.hpp
[1.939s] -- Up-to-date symlink: /ws/install/rae_camera/include/xtensor/xaxis_iterator.hpp
[1.940s] -- Up-to-date symlink: /ws/install/rae_camera/include/xtensor/xaxis_slice_iterator.hpp
[1.940s] -- Up-to-date symlink: /ws/install/rae_camera/include/xtensor/xblockwise_reducer.hpp
[1.941s] -- Up-to-date symlink: /ws/install/rae_camera/include/xtensor/xblockwise_reducer_functors.hpp
[1.941s] -- Up-to-date symlink: /ws/install/rae_camera/include/xtensor/xbroadcast.hpp
[1.942s] -- Up-to-date symlink: /ws/install/rae_camera/include/xtensor/xbuffer_adaptor.hpp
[1.942s] -- Up-to-date symlink: /ws/install/rae_camera/include/xtensor/xbuilder.hpp
[1.942s] -- Up-to-date symlink: /ws/install/rae_camera/include/xtensor/xchunked_array.hpp
[1.943s] -- Up-to-date symlink: /ws/install/rae_camera/include/xtensor/xchunked_assign.hpp
[1.943s] -- Up-to-date symlink: /ws/install/rae_camera/include/xtensor/xchunked_view.hpp
[1.943s] -- Up-to-date symlink: /ws/install/rae_camera/include/xtensor/xcomplex.hpp
[1.943s] -- Up-to-date symlink: /ws/install/rae_camera/include/xtensor/xcontainer.hpp
[1.944s] -- Up-to-date symlink: /ws/install/rae_camera/include/xtensor/xcsv.hpp
[1.944s] -- Up-to-date symlink: /ws/install/rae_camera/include/xtensor/xdynamic_view.hpp
[1.944s] -- Up-to-date symlink: /ws/install/rae_camera/include/xtensor/xeval.hpp
[1.945s] -- Up-to-date symlink: /ws/install/rae_camera/include/xtensor/xexception.hpp
[1.945s] -- Up-to-date symlink: /ws/install/rae_camera/include/xtensor/xexpression.hpp
[1.945s] -- Up-to-date symlink: /ws/install/rae_camera/include/xtensor/xexpression_holder.hpp
[1.946s] -- Up-to-date symlink: /ws/install/rae_camera/include/xtensor/xexpression_traits.hpp
[1.946s] -- Up-to-date symlink: /ws/install/rae_camera/include/xtensor/xfixed.hpp
[1.946s] -- Up-to-date symlink: /ws/install/rae_camera/include/xtensor/xfunction.hpp
[1.947s] -- Up-to-date symlink: /ws/install/rae_camera/include/xtensor/xfunctor_view.hpp
[1.947s] -- Up-to-date symlink: /ws/install/rae_camera/include/xtensor/xgenerator.hpp
[1.947s] -- Up-to-date symlink: /ws/install/rae_camera/include/xtensor/xhistogram.hpp
[1.948s] -- Up-to-date symlink: /ws/install/rae_camera/include/xtensor/xindex_view.hpp
[1.948s] -- Up-to-date symlink: /ws/install/rae_camera/include/xtensor/xinfo.hpp
[1.948s] -- Up-to-date symlink: /ws/install/rae_camera/include/xtensor/xio.hpp
[1.948s] -- Up-to-date symlink: /ws/install/rae_camera/include/xtensor/xiterable.hpp
[1.949s] -- Up-to-date symlink: /ws/install/rae_camera/include/xtensor/xiterator.hpp
[1.949s] -- Up-to-date symlink: /ws/install/rae_camera/include/xtensor/xjson.hpp
[1.949s] -- Up-to-date symlink: /ws/install/rae_camera/include/xtensor/xlayout.hpp
[1.950s] -- Up-to-date symlink: /ws/install/rae_camera/include/xtensor/xmanipulation.hpp
[1.950s] -- Up-to-date symlink: /ws/install/rae_camera/include/xtensor/xmasked_view.hpp
[1.950s] -- Up-to-date symlink: /ws/install/rae_camera/include/xtensor/xmath.hpp
[1.951s] -- Up-to-date symlink: /ws/install/rae_camera/include/xtensor/xmime.hpp
[1.951s] -- Up-to-date symlink: /ws/install/rae_camera/include/xtensor/xmultiindex_iterator.hpp
[1.952s] -- Up-to-date symlink: /ws/install/rae_camera/include/xtensor/xnoalias.hpp
[1.952s] -- Up-to-date symlink: /ws/install/rae_camera/include/xtensor/xnorm.hpp
[1.952s] -- Up-to-date symlink: /ws/install/rae_camera/include/xtensor/xnpy.hpp
[1.953s] -- Up-to-date symlink: /ws/install/rae_camera/include/xtensor/xoffset_view.hpp
[1.953s] -- Up-to-date symlink: /ws/install/rae_camera/include/xtensor/xoperation.hpp
[1.953s] -- Up-to-date symlink: /ws/install/rae_camera/include/xtensor/xoptional.hpp
[1.954s] -- Up-to-date symlink: /ws/install/rae_camera/include/xtensor/xoptional_assembly.hpp
[1.954s] -- Up-to-date symlink: /ws/install/rae_camera/include/xtensor/xoptional_assembly_base.hpp
[1.954s] -- Up-to-date symlink: /ws/install/rae_camera/include/xtensor/xoptional_assembly_storage.hpp
[1.955s] -- Up-to-date symlink: /ws/install/rae_camera/include/xtensor/xpad.hpp
[1.955s] -- Up-to-date symlink: /ws/install/rae_camera/include/xtensor/xrandom.hpp
[1.956s] -- Up-to-date symlink: /ws/install/rae_camera/include/xtensor/xreducer.hpp
[1.956s] -- Up-to-date symlink: /ws/install/rae_camera/include/xtensor/xrepeat.hpp
[1.956s] -- Up-to-date symlink: /ws/install/rae_camera/include/xtensor/xscalar.hpp
[1.957s] -- Up-to-date symlink: /ws/install/rae_camera/include/xtensor/xsemantic.hpp
[1.957s] -- Up-to-date symlink: /ws/install/rae_camera/include/xtensor/xset_operation.hpp
[1.957s] -- Up-to-date symlink: /ws/install/rae_camera/include/xtensor/xshape.hpp
[1.958s] -- Up-to-date symlink: /ws/install/rae_camera/include/xtensor/xslice.hpp
[1.958s] -- Up-to-date symlink: /ws/install/rae_camera/include/xtensor/xsort.hpp
[1.959s] -- Up-to-date symlink: /ws/install/rae_camera/include/xtensor/xstorage.hpp
[1.959s] -- Up-to-date symlink: /ws/install/rae_camera/include/xtensor/xstrided_view.hpp
[1.959s] -- Up-to-date symlink: /ws/install/rae_camera/include/xtensor/xstrided_view_base.hpp
[1.960s] -- Up-to-date symlink: /ws/install/rae_camera/include/xtensor/xstrides.hpp
[1.960s] -- Up-to-date symlink: /ws/install/rae_camera/include/xtensor/xtensor.hpp
[1.960s] -- Up-to-date symlink: /ws/install/rae_camera/include/xtensor/xtensor_config.hpp
[1.961s] -- Up-to-date symlink: /ws/install/rae_camera/include/xtensor/xtensor_forward.hpp
[1.961s] -- Up-to-date symlink: /ws/install/rae_camera/include/xtensor/xtensor_simd.hpp
[1.962s] -- Up-to-date symlink: /ws/install/rae_camera/include/xtensor/xutils.hpp
[1.962s] -- Up-to-date symlink: /ws/install/rae_camera/include/xtensor/xvectorize.hpp
[1.962s] -- Up-to-date symlink: /ws/install/rae_camera/include/xtensor/xview.hpp
[1.963s] -- Up-to-date symlink: /ws/install/rae_camera/include/xtensor/xview_utils.hpp
[1.963s] -- Up-to-date symlink: /ws/install/rae_camera/lib/cmake/xtensor/xtensorConfig.cmake
[1.964s] -- Up-to-date symlink: /ws/install/rae_camera/lib/cmake/xtensor/xtensorConfigVersion.cmake
[1.964s] -- Up-to-date symlink: /ws/install/rae_camera/lib/pkgconfig//xtensor.pc
[1.964s] -- Up-to-date symlink: /ws/install/rae_camera/include/xtensor.hpp
[1.966s] -- Up-to-date symlink: /ws/install/rae_camera/lib/rae_camera/camera
[1.967s] -- Up-to-date symlink: /ws/install/rae_camera/lib/rae_camera/stereo_depth
[1.968s] -- Up-to-date symlink: /ws/install/rae_camera/lib/rae_camera/stereo_pair
[1.969s] -- Up-to-date symlink: /ws/install/rae_camera/lib/rae_camera/yolo
[1.969s] -- Up-to-date symlink: /ws/install/rae_camera/lib/rae_camera/perception_ipc_rtabmap
[1.974s] -- Up-to-date symlink: /ws/install/rae_camera/share/rae_camera/launch/perception_ipc.launch.py
[1.974s] -- Up-to-date symlink: /ws/install/rae_camera/share/rae_camera/launch/rae_camera.launch.py
[1.975s] -- Up-to-date symlink: /ws/install/rae_camera/share/rae_camera/config/cal.json
[1.976s] -- Up-to-date symlink: /ws/install/rae_camera/share/rae_camera/config/camera.yaml
[1.976s] -- Up-to-date symlink: /ws/install/rae_camera/share/rae_camera/config/ipc.yaml
[1.976s] -- Up-to-date symlink: /ws/install/rae_camera/share/rae_camera/config/laserscan_kinect.yaml
[1.977s] -- Up-to-date symlink: /ws/install/rae_camera/share/rae_camera/config/yolo.json
[1.977s] -- Up-to-date symlink: /ws/install/rae_camera/share/ament_index/resource_index/package_run_dependencies/rae_camera
[1.978s] -- Up-to-date symlink: /ws/install/rae_camera/share/ament_index/resource_index/parent_prefix_path/rae_camera
[1.978s] -- Up-to-date symlink: /ws/install/rae_camera/share/rae_camera/environment/ament_prefix_path.sh
[1.979s] -- Up-to-date symlink: /ws/install/rae_camera/share/rae_camera/environment/ament_prefix_path.dsv
[1.979s] -- Up-to-date symlink: /ws/install/rae_camera/share/rae_camera/environment/path.sh
[1.980s] -- Up-to-date symlink: /ws/install/rae_camera/share/rae_camera/environment/path.dsv
[1.980s] -- Up-to-date symlink: /ws/install/rae_camera/share/rae_camera/local_setup.bash
[1.980s] -- Up-to-date symlink: /ws/install/rae_camera/share/rae_camera/local_setup.sh
[1.981s] -- Up-to-date symlink: /ws/install/rae_camera/share/rae_camera/local_setup.zsh
[1.981s] -- Up-to-date symlink: /ws/install/rae_camera/share/rae_camera/local_setup.dsv
[1.982s] -- Symlinking: /ws/install/rae_camera/share/rae_camera/package.dsv
[2.042s] -- Up-to-date symlink: /ws/install/rae_camera/share/ament_index/resource_index/packages/rae_camera
[2.042s] -- Up-to-date symlink: /ws/install/rae_camera/share/rae_camera/cmake/ament_cmake_export_include_directories-extras.cmake
[2.043s] -- Up-to-date symlink: /ws/install/rae_camera/share/rae_camera/cmake/ament_cmake_export_dependencies-extras.cmake
[2.044s] -- Up-to-date symlink: /ws/install/rae_camera/share/rae_camera/cmake/rae_cameraConfig.cmake
[2.045s] -- Up-to-date symlink: /ws/install/rae_camera/share/rae_camera/cmake/rae_cameraConfig-version.cmake
[2.046s] -- Up-to-date symlink: /ws/install/rae_camera/share/rae_camera/package.xml
[2.051s] -- Up-to-date: /ws/install/rae_camera/include/xtl/xany.hpp
[2.051s] -- Up-to-date: /ws/install/rae_camera/include/xtl/xbasic_fixed_string.hpp
[2.052s] -- Up-to-date: /ws/install/rae_camera/include/xtl/xbase64.hpp
[2.052s] -- Up-to-date: /ws/install/rae_camera/include/xtl/xclosure.hpp
[2.053s] -- Up-to-date: /ws/install/rae_camera/include/xtl/xcomplex.hpp
[2.053s] -- Up-to-date: /ws/install/rae_camera/include/xtl/xcomplex_sequence.hpp
[2.054s] -- Up-to-date: /ws/install/rae_camera/include/xtl/xspan.hpp
[2.054s] -- Up-to-date: /ws/install/rae_camera/include/xtl/xspan_impl.hpp
[2.054s] -- Up-to-date: /ws/install/rae_camera/include/xtl/xdynamic_bitset.hpp
[2.055s] -- Up-to-date: /ws/install/rae_camera/include/xtl/xfunctional.hpp
[2.055s] -- Up-to-date: /ws/install/rae_camera/include/xtl/xhalf_float.hpp
[2.056s] -- Up-to-date: /ws/install/rae_camera/include/xtl/xhalf_float_impl.hpp
[2.056s] -- Up-to-date: /ws/install/rae_camera/include/xtl/xhash.hpp
[2.056s] -- Up-to-date: /ws/install/rae_camera/include/xtl/xhierarchy_generator.hpp
[2.057s] -- Up-to-date: /ws/install/rae_camera/include/xtl/xiterator_base.hpp
[2.057s] -- Up-to-date: /ws/install/rae_camera/include/xtl/xjson.hpp
[2.058s] -- Up-to-date: /ws/install/rae_camera/include/xtl/xmasked_value_meta.hpp
[2.058s] -- Up-to-date: /ws/install/rae_camera/include/xtl/xmasked_value.hpp
[2.058s] -- Up-to-date: /ws/install/rae_camera/include/xtl/xmeta_utils.hpp
[2.059s] -- Up-to-date: /ws/install/rae_camera/include/xtl/xmultimethods.hpp
[2.059s] -- Up-to-date: /ws/install/rae_camera/include/xtl/xoptional_meta.hpp
[2.060s] -- Up-to-date: /ws/install/rae_camera/include/xtl/xoptional.hpp
[2.060s] -- Up-to-date: /ws/install/rae_camera/include/xtl/xoptional_sequence.hpp
[2.061s] -- Up-to-date: /ws/install/rae_camera/include/xtl/xplatform.hpp
[2.062s] -- Up-to-date: /ws/install/rae_camera/include/xtl/xproxy_wrapper.hpp
[2.062s] -- Up-to-date: /ws/install/rae_camera/include/xtl/xsequence.hpp
[2.063s] -- Up-to-date: /ws/install/rae_camera/include/xtl/xsystem.hpp
[2.063s] -- Up-to-date: /ws/install/rae_camera/include/xtl/xtl_config.hpp
[2.063s] -- Up-to-date: /ws/install/rae_camera/include/xtl/xtype_traits.hpp
[2.063s] -- Up-to-date: /ws/install/rae_camera/include/xtl/xvariant.hpp
[2.063s] -- Up-to-date: /ws/install/rae_camera/include/xtl/xvariant_impl.hpp
[2.064s] -- Up-to-date: /ws/install/rae_camera/include/xtl/xvisitor.hpp
[2.064s] -- Up-to-date: /ws/install/rae_camera/share/cmake/xtl/xtlTargets.cmake
[2.064s] -- Up-to-date: /ws/install/rae_camera/lib/cmake/xtensor/xtensorTargets.cmake
[2.066s] Invoked command in '/ws/build/rae_camera' returned '0': CMAKE_PREFIX_PATH=${CMAKE_PREFIX_PATH}:/underlay_ws/install/gst_pipeline:/opt/ros/humble /usr/bin/cmake --install /ws/build/rae_camera
