[4.153s] DEBUG:colcon:Command line arguments: ['/usr/bin/colcon', 'build', '--packages-select', 'rae_camera']
[4.155s] DEBUG:colcon:Parsed command line arguments: Namespace(log_base=None, log_level=None, verb_name='build', build_base='build', install_base='install', merge_install=False, symlink_install=False, test_result_base=None, continue_on_error=False, executor='parallel', parallel_workers=12, event_handlers=None, ignore_user_meta=False, metas=['./colcon.meta'], base_paths=['.'], packages_ignore=None, packages_ignore_regex=None, paths=None, packages_up_to=None, packages_up_to_regex=None, packages_above=None, packages_above_and_dependencies=None, packages_above_depth=None, packages_select_by_dep=None, packages_skip_by_dep=None, packages_skip_up_to=None, packages_select_build_failed=False, packages_skip_build_finished=False, packages_select_test_failures=False, packages_skip_test_passed=False, packages_select=['rae_camera'], packages_skip=None, packages_select_regex=None, packages_skip_regex=None, packages_start=None, packages_end=None, cmake_args=None, cmake_target=None, cmake_target_skip_unavailable=False, cmake_clean_cache=False, cmake_clean_first=False, cmake_force_configure=False, ament_cmake_args=None, catkin_cmake_args=None, catkin_skip_building_tests=False, verb_parser=<colcon_defaults.argument_parser.defaults.DefaultArgumentsDecorator object at 0x5504777820>, verb_extension=<colcon_core.verb.build.BuildVerb object at 0x5504777e50>, main=<bound method BuildVerb.main of <colcon_core.verb.build.BuildVerb object at 0x5504777e50>>)
[4.332s] Level 1:colcon.colcon_core.package_discovery:discover_packages(colcon_meta) check parameters
[4.333s] Level 1:colcon.colcon_core.package_discovery:discover_packages(recursive) check parameters
[4.333s] Level 1:colcon.colcon_core.package_discovery:discover_packages(ignore) check parameters
[4.333s] Level 1:colcon.colcon_core.package_discovery:discover_packages(path) check parameters
[4.333s] Level 1:colcon.colcon_core.package_discovery:discover_packages(colcon_meta) discover
[4.333s] Level 1:colcon.colcon_core.package_discovery:discover_packages(recursive) discover
[4.334s] INFO:colcon.colcon_core.package_discovery:Crawling recursively for packages in '/ws'
[4.335s] Level 1:colcon.colcon_core.package_identification:_identify(.) by extensions ['ignore', 'ignore_ament_install']
[4.335s] Level 1:colcon.colcon_core.package_identification:_identify(.) by extension 'ignore'
[4.336s] Level 1:colcon.colcon_core.package_identification:_identify(.) by extension 'ignore_ament_install'
[4.336s] Level 1:colcon.colcon_core.package_identification:_identify(.) by extensions ['colcon_pkg']
[4.336s] Level 1:colcon.colcon_core.package_identification:_identify(.) by extension 'colcon_pkg'
[4.337s] Level 1:colcon.colcon_core.package_identification:_identify(.) by extensions ['colcon_meta']
[4.337s] Level 1:colcon.colcon_core.package_identification:_identify(.) by extension 'colcon_meta'
[4.337s] Level 1:colcon.colcon_core.package_identification:_identify(.) by extensions ['ros']
[4.337s] Level 1:colcon.colcon_core.package_identification:_identify(.) by extension 'ros'
[4.384s] Level 1:colcon.colcon_core.package_identification:_identify(.) by extensions ['cmake', 'python']
[4.384s] Level 1:colcon.colcon_core.package_identification:_identify(.) by extension 'cmake'
[4.384s] Level 1:colcon.colcon_core.package_identification:_identify(.) by extension 'python'
[4.385s] Level 1:colcon.colcon_core.package_identification:_identify(.) by extensions ['python_setup_py']
[4.385s] Level 1:colcon.colcon_core.package_identification:_identify(.) by extension 'python_setup_py'
[4.385s] Level 1:colcon.colcon_core.package_identification:_identify(build) by extensions ['ignore', 'ignore_ament_install']
[4.386s] Level 1:colcon.colcon_core.package_identification:_identify(build) by extension 'ignore'
[4.386s] Level 1:colcon.colcon_core.package_identification:_identify(build) ignored
[4.387s] Level 1:colcon.colcon_core.package_identification:_identify(install) by extensions ['ignore', 'ignore_ament_install']
[4.387s] Level 1:colcon.colcon_core.package_identification:_identify(install) by extension 'ignore'
[4.387s] Level 1:colcon.colcon_core.package_identification:_identify(install) ignored
[4.388s] Level 1:colcon.colcon_core.package_identification:_identify(log) by extensions ['ignore', 'ignore_ament_install']
[4.388s] Level 1:colcon.colcon_core.package_identification:_identify(log) by extension 'ignore'
[4.388s] Level 1:colcon.colcon_core.package_identification:_identify(log) ignored
[4.389s] Level 1:colcon.colcon_core.package_identification:_identify(src) by extensions ['ignore', 'ignore_ament_install']
[4.389s] Level 1:colcon.colcon_core.package_identification:_identify(src) by extension 'ignore'
[4.389s] Level 1:colcon.colcon_core.package_identification:_identify(src) by extension 'ignore_ament_install'
[4.389s] Level 1:colcon.colcon_core.package_identification:_identify(src) by extensions ['colcon_pkg']
[4.390s] Level 1:colcon.colcon_core.package_identification:_identify(src) by extension 'colcon_pkg'
[4.390s] Level 1:colcon.colcon_core.package_identification:_identify(src) by extensions ['colcon_meta']
[4.390s] Level 1:colcon.colcon_core.package_identification:_identify(src) by extension 'colcon_meta'
[4.390s] Level 1:colcon.colcon_core.package_identification:_identify(src) by extensions ['ros']
[4.390s] Level 1:colcon.colcon_core.package_identification:_identify(src) by extension 'ros'
[4.391s] Level 1:colcon.colcon_core.package_identification:_identify(src) by extensions ['cmake', 'python']
[4.391s] Level 1:colcon.colcon_core.package_identification:_identify(src) by extension 'cmake'
[4.391s] Level 1:colcon.colcon_core.package_identification:_identify(src) by extension 'python'
[4.391s] Level 1:colcon.colcon_core.package_identification:_identify(src) by extensions ['python_setup_py']
[4.391s] Level 1:colcon.colcon_core.package_identification:_identify(src) by extension 'python_setup_py'
[4.391s] Level 1:colcon.colcon_core.package_identification:_identify(src/rae-ros) by extensions ['ignore', 'ignore_ament_install']
[4.392s] Level 1:colcon.colcon_core.package_identification:_identify(src/rae-ros) by extension 'ignore'
[4.392s] Level 1:colcon.colcon_core.package_identification:_identify(src/rae-ros) by extension 'ignore_ament_install'
[4.392s] Level 1:colcon.colcon_core.package_identification:_identify(src/rae-ros) by extensions ['colcon_pkg']
[4.392s] Level 1:colcon.colcon_core.package_identification:_identify(src/rae-ros) by extension 'colcon_pkg'
[4.392s] Level 1:colcon.colcon_core.package_identification:_identify(src/rae-ros) by extensions ['colcon_meta']
[4.393s] Level 1:colcon.colcon_core.package_identification:_identify(src/rae-ros) by extension 'colcon_meta'
[4.393s] Level 1:colcon.colcon_core.package_identification:_identify(src/rae-ros) by extensions ['ros']
[4.393s] Level 1:colcon.colcon_core.package_identification:_identify(src/rae-ros) by extension 'ros'
[4.393s] Level 1:colcon.colcon_core.package_identification:_identify(src/rae-ros) by extensions ['cmake', 'python']
[4.393s] Level 1:colcon.colcon_core.package_identification:_identify(src/rae-ros) by extension 'cmake'
[4.394s] Level 1:colcon.colcon_core.package_identification:_identify(src/rae-ros) by extension 'python'
[4.394s] Level 1:colcon.colcon_core.package_identification:_identify(src/rae-ros) by extensions ['python_setup_py']
[4.394s] Level 1:colcon.colcon_core.package_identification:_identify(src/rae-ros) by extension 'python_setup_py'
[4.394s] Level 1:colcon.colcon_core.package_identification:_identify(src/rae-ros/build) by extensions ['ignore', 'ignore_ament_install']
[4.395s] Level 1:colcon.colcon_core.package_identification:_identify(src/rae-ros/build) by extension 'ignore'
[4.395s] Level 1:colcon.colcon_core.package_identification:_identify(src/rae-ros/build) ignored
[4.395s] Level 1:colcon.colcon_core.package_identification:_identify(src/rae-ros/install) by extensions ['ignore', 'ignore_ament_install']
[4.395s] Level 1:colcon.colcon_core.package_identification:_identify(src/rae-ros/install) by extension 'ignore'
[4.396s] Level 1:colcon.colcon_core.package_identification:_identify(src/rae-ros/install) ignored
[4.396s] Level 1:colcon.colcon_core.package_identification:_identify(src/rae-ros/log) by extensions ['ignore', 'ignore_ament_install']
[4.396s] Level 1:colcon.colcon_core.package_identification:_identify(src/rae-ros/log) by extension 'ignore'
[4.396s] Level 1:colcon.colcon_core.package_identification:_identify(src/rae-ros/log) ignored
[4.397s] Level 1:colcon.colcon_core.package_identification:_identify(src/rae-ros/rae_bringup) by extensions ['ignore', 'ignore_ament_install']
[4.397s] Level 1:colcon.colcon_core.package_identification:_identify(src/rae-ros/rae_bringup) by extension 'ignore'
[4.397s] Level 1:colcon.colcon_core.package_identification:_identify(src/rae-ros/rae_bringup) by extension 'ignore_ament_install'
[4.397s] Level 1:colcon.colcon_core.package_identification:_identify(src/rae-ros/rae_bringup) by extensions ['colcon_pkg']
[4.398s] Level 1:colcon.colcon_core.package_identification:_identify(src/rae-ros/rae_bringup) by extension 'colcon_pkg'
[4.398s] Level 1:colcon.colcon_core.package_identification:_identify(src/rae-ros/rae_bringup) by extensions ['colcon_meta']
[4.398s] Level 1:colcon.colcon_core.package_identification:_identify(src/rae-ros/rae_bringup) by extension 'colcon_meta'
[4.398s] Level 1:colcon.colcon_core.package_identification:_identify(src/rae-ros/rae_bringup) by extensions ['ros']
[4.398s] Level 1:colcon.colcon_core.package_identification:_identify(src/rae-ros/rae_bringup) by extension 'ros'
[4.412s] DEBUG:colcon.colcon_core.package_identification:Package 'src/rae-ros/rae_bringup' with type 'ros.ament_cmake' and name 'rae_bringup'
[4.412s] Level 1:colcon.colcon_core.package_identification:_identify(src/rae-ros/rae_camera) by extensions ['ignore', 'ignore_ament_install']
[4.413s] Level 1:colcon.colcon_core.package_identification:_identify(src/rae-ros/rae_camera) by extension 'ignore'
[4.413s] Level 1:colcon.colcon_core.package_identification:_identify(src/rae-ros/rae_camera) by extension 'ignore_ament_install'
[4.413s] Level 1:colcon.colcon_core.package_identification:_identify(src/rae-ros/rae_camera) by extensions ['colcon_pkg']
[4.413s] Level 1:colcon.colcon_core.package_identification:_identify(src/rae-ros/rae_camera) by extension 'colcon_pkg'
[4.414s] Level 1:colcon.colcon_core.package_identification:_identify(src/rae-ros/rae_camera) by extensions ['colcon_meta']
[4.414s] Level 1:colcon.colcon_core.package_identification:_identify(src/rae-ros/rae_camera) by extension 'colcon_meta'
[4.414s] Level 1:colcon.colcon_core.package_identification:_identify(src/rae-ros/rae_camera) by extensions ['ros']
[4.414s] Level 1:colcon.colcon_core.package_identification:_identify(src/rae-ros/rae_camera) by extension 'ros'
[4.423s] DEBUG:colcon.colcon_core.package_identification:Package 'src/rae-ros/rae_camera' with type 'ros.ament_cmake' and name 'rae_camera'
[4.423s] Level 1:colcon.colcon_core.package_identification:_identify(src/rae-ros/rae_description) by extensions ['ignore', 'ignore_ament_install']
[4.423s] Level 1:colcon.colcon_core.package_identification:_identify(src/rae-ros/rae_description) by extension 'ignore'
[4.423s] Level 1:colcon.colcon_core.package_identification:_identify(src/rae-ros/rae_description) by extension 'ignore_ament_install'
[4.424s] Level 1:colcon.colcon_core.package_identification:_identify(src/rae-ros/rae_description) by extensions ['colcon_pkg']
[4.424s] Level 1:colcon.colcon_core.package_identification:_identify(src/rae-ros/rae_description) by extension 'colcon_pkg'
[4.424s] Level 1:colcon.colcon_core.package_identification:_identify(src/rae-ros/rae_description) by extensions ['colcon_meta']
[4.424s] Level 1:colcon.colcon_core.package_identification:_identify(src/rae-ros/rae_description) by extension 'colcon_meta'
[4.424s] Level 1:colcon.colcon_core.package_identification:_identify(src/rae-ros/rae_description) by extensions ['ros']
[4.424s] Level 1:colcon.colcon_core.package_identification:_identify(src/rae-ros/rae_description) by extension 'ros'
[4.426s] DEBUG:colcon.colcon_core.package_identification:Package 'src/rae-ros/rae_description' with type 'ros.ament_cmake' and name 'rae_description'
[4.426s] Level 1:colcon.colcon_core.package_identification:_identify(src/rae-ros/rae_hw) by extensions ['ignore', 'ignore_ament_install']
[4.427s] Level 1:colcon.colcon_core.package_identification:_identify(src/rae-ros/rae_hw) by extension 'ignore'
[4.427s] Level 1:colcon.colcon_core.package_identification:_identify(src/rae-ros/rae_hw) by extension 'ignore_ament_install'
[4.427s] Level 1:colcon.colcon_core.package_identification:_identify(src/rae-ros/rae_hw) by extensions ['colcon_pkg']
[4.427s] Level 1:colcon.colcon_core.package_identification:_identify(src/rae-ros/rae_hw) by extension 'colcon_pkg'
[4.428s] Level 1:colcon.colcon_core.package_identification:_identify(src/rae-ros/rae_hw) by extensions ['colcon_meta']
[4.428s] Level 1:colcon.colcon_core.package_identification:_identify(src/rae-ros/rae_hw) by extension 'colcon_meta'
[4.428s] Level 1:colcon.colcon_core.package_identification:_identify(src/rae-ros/rae_hw) by extensions ['ros']
[4.428s] Level 1:colcon.colcon_core.package_identification:_identify(src/rae-ros/rae_hw) by extension 'ros'
[4.438s] DEBUG:colcon.colcon_core.package_identification:Package 'src/rae-ros/rae_hw' with type 'ros.ament_cmake' and name 'rae_hw'
[4.438s] Level 1:colcon.colcon_core.package_identification:_identify(src/rae-ros/rae_msgs) by extensions ['ignore', 'ignore_ament_install']
[4.438s] Level 1:colcon.colcon_core.package_identification:_identify(src/rae-ros/rae_msgs) by extension 'ignore'
[4.438s] Level 1:colcon.colcon_core.package_identification:_identify(src/rae-ros/rae_msgs) by extension 'ignore_ament_install'
[4.439s] Level 1:colcon.colcon_core.package_identification:_identify(src/rae-ros/rae_msgs) by extensions ['colcon_pkg']
[4.439s] Level 1:colcon.colcon_core.package_identification:_identify(src/rae-ros/rae_msgs) by extension 'colcon_pkg'
[4.439s] Level 1:colcon.colcon_core.package_identification:_identify(src/rae-ros/rae_msgs) by extensions ['colcon_meta']
[4.439s] Level 1:colcon.colcon_core.package_identification:_identify(src/rae-ros/rae_msgs) by extension 'colcon_meta'
[4.439s] Level 1:colcon.colcon_core.package_identification:_identify(src/rae-ros/rae_msgs) by extensions ['ros']
[4.439s] Level 1:colcon.colcon_core.package_identification:_identify(src/rae-ros/rae_msgs) by extension 'ros'
[4.441s] DEBUG:colcon.colcon_core.package_identification:Package 'src/rae-ros/rae_msgs' with type 'ros.ament_cmake' and name 'rae_msgs'
[4.441s] Level 1:colcon.colcon_core.package_discovery:discover_packages(recursive) using defaults
[4.442s] Level 1:colcon.colcon_core.package_discovery:discover_packages(ignore) discover
[4.442s] Level 1:colcon.colcon_core.package_discovery:discover_packages(ignore) using defaults
[4.442s] Level 1:colcon.colcon_core.package_discovery:discover_packages(path) discover
[4.442s] Level 1:colcon.colcon_core.package_discovery:discover_packages(path) using defaults
[4.681s] INFO:colcon.colcon_core.package_selection:Skipping not selected package 'rae_bringup' in 'src/rae-ros/rae_bringup'
[4.681s] INFO:colcon.colcon_core.package_selection:Skipping not selected package 'rae_description' in 'src/rae-ros/rae_description'
[4.681s] INFO:colcon.colcon_core.package_selection:Skipping not selected package 'rae_msgs' in 'src/rae-ros/rae_msgs'
[4.681s] INFO:colcon.colcon_core.package_selection:Skipping not selected package 'rae_hw' in 'src/rae-ros/rae_hw'
[4.737s] Level 5:colcon.colcon_core.verb:set package 'rae_camera' build argument 'cmake_args' from command line to 'None'
[4.737s] Level 5:colcon.colcon_core.verb:set package 'rae_camera' build argument 'cmake_target' from command line to 'None'
[4.737s] Level 5:colcon.colcon_core.verb:set package 'rae_camera' build argument 'cmake_target_skip_unavailable' from command line to 'False'
[4.738s] Level 5:colcon.colcon_core.verb:set package 'rae_camera' build argument 'cmake_clean_cache' from command line to 'False'
[4.738s] Level 5:colcon.colcon_core.verb:set package 'rae_camera' build argument 'cmake_clean_first' from command line to 'False'
[4.738s] Level 5:colcon.colcon_core.verb:set package 'rae_camera' build argument 'cmake_force_configure' from command line to 'False'
[4.738s] Level 5:colcon.colcon_core.verb:set package 'rae_camera' build argument 'ament_cmake_args' from command line to 'None'
[4.738s] Level 5:colcon.colcon_core.verb:set package 'rae_camera' build argument 'catkin_cmake_args' from command line to 'None'
[4.738s] Level 5:colcon.colcon_core.verb:set package 'rae_camera' build argument 'catkin_skip_building_tests' from command line to 'False'
[4.738s] DEBUG:colcon.colcon_core.verb:Building package 'rae_camera' with the following arguments: {'ament_cmake_args': None, 'build_base': '/ws/build/rae_camera', 'catkin_cmake_args': None, 'catkin_skip_building_tests': False, 'cmake_args': None, 'cmake_clean_cache': False, 'cmake_clean_first': False, 'cmake_force_configure': False, 'cmake_target': None, 'cmake_target_skip_unavailable': False, 'install_base': '/ws/install/rae_camera', 'merge_install': False, 'path': '/ws/src/rae-ros/rae_camera', 'symlink_install': False, 'test_result_base': None}
[4.784s] INFO:colcon.colcon_core.executor:Executing jobs using 'parallel' executor
[4.839s] DEBUG:colcon.colcon_parallel_executor.executor.parallel:run_until_complete
[4.841s] INFO:colcon.colcon_ros.task.ament_cmake.build:Building ROS package in '/ws/src/rae-ros/rae_camera' with build type 'ament_cmake'
[4.841s] INFO:colcon.colcon_cmake.task.cmake.build:Building CMake package in '/ws/src/rae-ros/rae_camera'
[4.905s] INFO:colcon.colcon_core.plugin_system:Skipping extension 'colcon_core.shell.bat': Not used on non-Windows systems
[4.905s] INFO:colcon.colcon_core.shell:Skip shell extension 'powershell' for command environment: Not usable outside of PowerShell
[4.905s] DEBUG:colcon.colcon_core.shell:Skip shell extension 'dsv' for command environment
[5.266s] DEBUG:colcon.colcon_core.event_handler.log_command:Invoking command in '/ws/build/rae_camera': CMAKE_PREFIX_PATH=${CMAKE_PREFIX_PATH}:/underlay_ws/install/gst_pipeline:/opt/ros/humble /usr/bin/cmake --build /ws/build/rae_camera -- -j12 -l12
[6.597s] DEBUG:colcon.colcon_core.event_handler.log_command:Invoked command in '/ws/build/rae_camera' returned '0': CMAKE_PREFIX_PATH=${CMAKE_PREFIX_PATH}:/underlay_ws/install/gst_pipeline:/opt/ros/humble /usr/bin/cmake --build /ws/build/rae_camera -- -j12 -l12
[7.521s] DEBUG:colcon.colcon_core.event_handler.log_command:Invoking command in '/ws/build/rae_camera': CMAKE_PREFIX_PATH=${CMAKE_PREFIX_PATH}:/underlay_ws/install/gst_pipeline:/opt/ros/humble /usr/bin/cmake --install /ws/build/rae_camera
[7.878s] Level 1:colcon.colcon_core.environment:create_environment_scripts_only(rae_camera)
[7.889s] DEBUG:colcon.colcon_core.event_handler.log_command:Invoked command in '/ws/build/rae_camera' returned '0': CMAKE_PREFIX_PATH=${CMAKE_PREFIX_PATH}:/underlay_ws/install/gst_pipeline:/opt/ros/humble /usr/bin/cmake --install /ws/build/rae_camera
[7.950s] Level 1:colcon.colcon_core.environment:checking '/ws/install/rae_camera' for CMake module files
[7.953s] Level 1:colcon.colcon_core.environment:checking '/ws/install/rae_camera' for CMake config files
[7.955s] Level 1:colcon.colcon_core.shell:create_environment_hook('rae_camera', 'cmake_prefix_path')
[8.015s] INFO:colcon.colcon_core.shell:Creating environment hook '/ws/install/rae_camera/share/rae_camera/hook/cmake_prefix_path.ps1'
[8.019s] INFO:colcon.colcon_core.shell:Creating environment descriptor '/ws/install/rae_camera/share/rae_camera/hook/cmake_prefix_path.dsv'
[8.020s] INFO:colcon.colcon_core.shell:Creating environment hook '/ws/install/rae_camera/share/rae_camera/hook/cmake_prefix_path.sh'
[8.025s] Level 1:colcon.colcon_core.environment:checking '/ws/install/rae_camera/lib'
[8.026s] Level 1:colcon.colcon_core.environment:checking '/ws/install/rae_camera/bin'
[8.026s] Level 1:colcon.colcon_core.environment:checking '/ws/install/rae_camera/lib/pkgconfig/rae_camera.pc'
[8.031s] Level 1:colcon.colcon_core.environment:checking '/ws/install/rae_camera/lib/python3.10/site-packages'
[8.032s] Level 1:colcon.colcon_core.environment:checking '/ws/install/rae_camera/bin'
[8.093s] INFO:colcon.colcon_core.shell:Creating package script '/ws/install/rae_camera/share/rae_camera/package.ps1'
[8.097s] INFO:colcon.colcon_core.shell:Creating package descriptor '/ws/install/rae_camera/share/rae_camera/package.dsv'
[8.100s] INFO:colcon.colcon_core.shell:Creating package script '/ws/install/rae_camera/share/rae_camera/package.sh'
[8.103s] INFO:colcon.colcon_core.shell:Creating package script '/ws/install/rae_camera/share/rae_camera/package.bash'
[8.106s] INFO:colcon.colcon_core.shell:Creating package script '/ws/install/rae_camera/share/rae_camera/package.zsh'
[8.109s] Level 1:colcon.colcon_core.environment:create_file_with_runtime_dependencies(/ws/install/rae_camera/share/colcon-core/packages/rae_camera)
[9.012s] Level 1:colcon.colcon_core.environment:create_environment_scripts_only(rae_camera)
[9.072s] Level 1:colcon.colcon_core.environment:checking '/ws/install/rae_camera' for CMake module files
[9.075s] Level 1:colcon.colcon_core.environment:checking '/ws/install/rae_camera' for CMake config files
[9.077s] Level 1:colcon.colcon_core.shell:create_environment_hook('rae_camera', 'cmake_prefix_path')
[9.139s] INFO:colcon.colcon_core.shell:Creating environment hook '/ws/install/rae_camera/share/rae_camera/hook/cmake_prefix_path.ps1'
[9.141s] INFO:colcon.colcon_core.shell:Creating environment descriptor '/ws/install/rae_camera/share/rae_camera/hook/cmake_prefix_path.dsv'
[9.142s] INFO:colcon.colcon_core.shell:Creating environment hook '/ws/install/rae_camera/share/rae_camera/hook/cmake_prefix_path.sh'
[9.144s] Level 1:colcon.colcon_core.environment:checking '/ws/install/rae_camera/lib'
[9.144s] Level 1:colcon.colcon_core.environment:checking '/ws/install/rae_camera/bin'
[9.144s] Level 1:colcon.colcon_core.environment:checking '/ws/install/rae_camera/lib/pkgconfig/rae_camera.pc'
[9.145s] Level 1:colcon.colcon_core.environment:checking '/ws/install/rae_camera/lib/python3.10/site-packages'
[9.146s] Level 1:colcon.colcon_core.environment:checking '/ws/install/rae_camera/bin'
[9.208s] INFO:colcon.colcon_core.shell:Creating package script '/ws/install/rae_camera/share/rae_camera/package.ps1'
[9.211s] INFO:colcon.colcon_core.shell:Creating package descriptor '/ws/install/rae_camera/share/rae_camera/package.dsv'
[9.213s] INFO:colcon.colcon_core.shell:Creating package script '/ws/install/rae_camera/share/rae_camera/package.sh'
[9.214s] INFO:colcon.colcon_core.shell:Creating package script '/ws/install/rae_camera/share/rae_camera/package.bash'
[9.216s] INFO:colcon.colcon_core.shell:Creating package script '/ws/install/rae_camera/share/rae_camera/package.zsh'
[9.217s] Level 1:colcon.colcon_core.environment:create_file_with_runtime_dependencies(/ws/install/rae_camera/share/colcon-core/packages/rae_camera)
[9.220s] DEBUG:colcon.colcon_parallel_executor.executor.parallel:closing loop
[9.220s] DEBUG:colcon.colcon_parallel_executor.executor.parallel:loop closed
[9.221s] DEBUG:colcon.colcon_parallel_executor.executor.parallel:run_until_complete finished with '0'
[9.221s] DEBUG:colcon.colcon_core.event_reactor:joining thread
[9.302s] INFO:colcon.colcon_core.plugin_system:Skipping extension 'colcon_notification.desktop_notification.notify_send': Could not find 'notify-send'
[9.303s] INFO:colcon.colcon_core.plugin_system:Skipping extension 'colcon_notification.desktop_notification.terminal_notifier': Not used on non-Darwin systems
[9.303s] INFO:colcon.colcon_core.plugin_system:Skipping extension 'colcon_notification.desktop_notification.win32': Not used on non-Windows systems
[9.303s] INFO:colcon.colcon_notification.desktop_notification:Sending desktop notification using 'notify2'
[9.313s] DEBUG:colcon.colcon_notification.desktop_notification.notify2:Failed to initialize notify2: org.freedesktop.DBus.Error.Spawn.ExecFailed: /usr/bin/dbus-launch terminated abnormally without any error message
[9.314s] DEBUG:colcon.colcon_core.event_reactor:joined thread
[9.375s] INFO:colcon.colcon_core.shell:Creating prefix script '/ws/install/local_setup.ps1'
[9.379s] INFO:colcon.colcon_core.shell:Creating prefix util module '/ws/install/_local_setup_util_ps1.py'
[9.387s] INFO:colcon.colcon_core.shell:Creating prefix chain script '/ws/install/setup.ps1'
[9.457s] INFO:colcon.colcon_core.shell:Creating prefix script '/ws/install/local_setup.sh'
[9.459s] INFO:colcon.colcon_core.shell:Creating prefix util module '/ws/install/_local_setup_util_sh.py'
[9.461s] INFO:colcon.colcon_core.shell:Creating prefix chain script '/ws/install/setup.sh'
[9.535s] INFO:colcon.colcon_core.shell:Creating prefix script '/ws/install/local_setup.bash'
[9.537s] INFO:colcon.colcon_core.shell:Creating prefix chain script '/ws/install/setup.bash'
[9.601s] INFO:colcon.colcon_core.shell:Creating prefix script '/ws/install/local_setup.zsh'
[9.603s] INFO:colcon.colcon_core.shell:Creating prefix chain script '/ws/install/setup.zsh'
