[1.032s] Invoking command in '/ws/build/rae_hw': AMENT_PREFIX_PATH=/ws/install/rae_msgs:${AMENT_PREFIX_PATH} CMAKE_PREFIX_PATH=/ws/install/rae_msgs:/underlay_ws/install/nav_layer_from_points:/underlay_ws/install/laserscan_kinect:/underlay_ws/install/ira_laser_tools:/underlay_ws/install/gst_bridge:/underlay_ws/install/depthai-ros:/underlay_ws/install/depthai_ros_driver:/underlay_ws/install/depthai_filters:/underlay_ws/install/depthai_examples:/underlay_ws/install/depthai_bridge:/underlay_ws/install/depthai_ros_msgs:/underlay_ws/install/depthai_descriptions:/underlay_ws/install/depth_sensor_pose:/underlay_ws/install/cliff_detector:/underlay_ws/install/audio_msgs:/underlay_ws/install/gst_pipeline:/opt/ros/humble LD_LIBRARY_PATH=/ws/install/rae_msgs/lib:${LD_LIBRARY_PATH} PYTHONPATH=/ws/install/rae_msgs/local/lib/python3.10/dist-packages:${PYTHONPATH} /usr/bin/cmake /ws/src/rae-ros/rae_hw -DCMAKE_BUILD_TYPE=RelWithDebInfo -DAMENT_CMAKE_SYMLINK_INSTALL=1 -DCMAKE_INSTALL_PREFIX=/ws/install/rae_hw
[3.696s] -- The C compiler identification is GNU 11.4.0
[5.553s] -- The CXX compiler identification is GNU 11.4.0
[5.698s] -- Detecting C compiler ABI info
[8.656s] -- Detecting C compiler ABI info - done
[8.884s] -- Check for working C compiler: /usr/bin/cc - skipped
[8.886s] -- Detecting C compile features
[8.892s] -- Detecting C compile features - done
[8.928s] -- Detecting CXX compiler ABI info
[11.345s] -- Detecting CXX compiler ABI info - done
[11.585s] -- Check for working CXX compiler: /usr/bin/c++ - skipped
[11.587s] -- Detecting CXX compile features
[11.594s] -- Detecting CXX compile features - done
[11.657s] -- Found ament_cmake_auto: 1.3.5 (/opt/ros/humble/share/ament_cmake_auto/cmake)
[17.128s] -- Found Python3: /usr/bin/python3.10 (found version "3.10.12") found components: Interpreter 
[18.606s] -- Override CMake install command with custom implementation using symlinks instead of copying resources
[21.543s] -- Found rosidl_generator_c: 3.1.5 (/opt/ros/humble/share/rosidl_generator_c/cmake)
[21.656s] -- Found rosidl_adapter: 3.1.5 (/opt/ros/humble/share/rosidl_adapter/cmake)
[21.816s] -- Found rosidl_generator_cpp: 3.1.5 (/opt/ros/humble/share/rosidl_generator_cpp/cmake)
[22.080s] -- Using all available rosidl_typesupport_c: rosidl_typesupport_fastrtps_c;rosidl_typesupport_introspection_c
[22.619s] -- Using all available rosidl_typesupport_cpp: rosidl_typesupport_fastrtps_cpp;rosidl_typesupport_introspection_cpp
[37.375s] -- Found rmw_implementation_cmake: 6.1.1 (/opt/ros/humble/share/rmw_implementation_cmake/cmake)
[37.462s] -- Found rmw_fastrtps_cpp: 6.2.4 (/opt/ros/humble/share/rmw_fastrtps_cpp/cmake)
[40.675s] -- Found OpenSSL: /usr/lib/aarch64-linux-gnu/libcrypto.so (found version "3.0.2")  
[41.113s] -- Found FastRTPS: /opt/ros/humble/include  
[41.911s] -- Using RMW implementation 'rmw_fastrtps_cpp' as default
[42.122s] -- Looking for pthread.h
[45.045s] -- Looking for pthread.h - found
[45.048s] -- Performing Test CMAKE_HAVE_LIBC_PTHREAD
[48.474s] -- Performing Test CMAKE_HAVE_LIBC_PTHREAD - Success
[48.485s] -- Found Threads: TRUE  
[63.559s] -- Found parameter_traits: 0.3.6 (/opt/ros/humble/share/parameter_traits/cmake)
[80.989s] -- Found ALSA: /usr/lib/aarch64-linux-gnu/libasound.so (found version "1.2.6.1") 
[81.069s] -- Found PkgConfig: /usr/bin/pkg-config (found version "0.29.2") 
[81.081s] -- Checking for module 'libmpg123'
[81.543s] --   Found libmpg123, version 1.29.3
[83.116s] -- Checking for module 'gstreamer-1.0'
[83.867s] --   Found gstreamer-1.0, version 1.20.3
[92.675s] -- Found ament_lint_auto: 0.12.8 (/opt/ros/humble/share/ament_lint_auto/cmake)
[94.324s] -- Added test 'cppcheck' to perform static code analysis on C / C++ code
[94.362s] -- Configured cppcheck include dirs: /ws/src/rae-ros/rae_hw/include
[94.363s] -- Configured cppcheck exclude dirs and/or files: 
[94.373s] -- Added test 'flake8' to check Python code syntax and style conventions
[94.386s] -- Added test 'lint_cmake' to check CMake code style
[94.397s] -- Added test 'pep257' to check Python code against some of the docstring style conventions in PEP 257
[94.420s] -- Added test 'uncrustify' to check C / C++ code style
[94.421s] -- Configured uncrustify additional arguments: 
[94.431s] -- Added test 'xmllint' to check XML markup files
[94.468s] -- Configuring done
[95.987s] -- Generating done
[96.025s] -- Build files have been written to: /ws/build/rae_hw
[96.204s] Invoked command in '/ws/build/rae_hw' returned '0': AMENT_PREFIX_PATH=/ws/install/rae_msgs:${AMENT_PREFIX_PATH} CMAKE_PREFIX_PATH=/ws/install/rae_msgs:/underlay_ws/install/nav_layer_from_points:/underlay_ws/install/laserscan_kinect:/underlay_ws/install/ira_laser_tools:/underlay_ws/install/gst_bridge:/underlay_ws/install/depthai-ros:/underlay_ws/install/depthai_ros_driver:/underlay_ws/install/depthai_filters:/underlay_ws/install/depthai_examples:/underlay_ws/install/depthai_bridge:/underlay_ws/install/depthai_ros_msgs:/underlay_ws/install/depthai_descriptions:/underlay_ws/install/depth_sensor_pose:/underlay_ws/install/cliff_detector:/underlay_ws/install/audio_msgs:/underlay_ws/install/gst_pipeline:/opt/ros/humble LD_LIBRARY_PATH=/ws/install/rae_msgs/lib:${LD_LIBRARY_PATH} PYTHONPATH=/ws/install/rae_msgs/local/lib/python3.10/dist-packages:${PYTHONPATH} /usr/bin/cmake /ws/src/rae-ros/rae_hw -DCMAKE_BUILD_TYPE=RelWithDebInfo -DAMENT_CMAKE_SYMLINK_INSTALL=1 -DCMAKE_INSTALL_PREFIX=/ws/install/rae_hw
[96.221s] Invoking command in '/ws/build/rae_hw': AMENT_PREFIX_PATH=/ws/install/rae_msgs:${AMENT_PREFIX_PATH} CMAKE_PREFIX_PATH=/ws/install/rae_msgs:/underlay_ws/install/nav_layer_from_points:/underlay_ws/install/laserscan_kinect:/underlay_ws/install/ira_laser_tools:/underlay_ws/install/gst_bridge:/underlay_ws/install/depthai-ros:/underlay_ws/install/depthai_ros_driver:/underlay_ws/install/depthai_filters:/underlay_ws/install/depthai_examples:/underlay_ws/install/depthai_bridge:/underlay_ws/install/depthai_ros_msgs:/underlay_ws/install/depthai_descriptions:/underlay_ws/install/depth_sensor_pose:/underlay_ws/install/cliff_detector:/underlay_ws/install/audio_msgs:/underlay_ws/install/gst_pipeline:/opt/ros/humble LD_LIBRARY_PATH=/ws/install/rae_msgs/lib:${LD_LIBRARY_PATH} PYTHONPATH=/ws/install/rae_msgs/local/lib/python3.10/dist-packages:${PYTHONPATH} /usr/bin/cmake --build /ws/build/rae_hw -- -j4 -l4
[98.089s] [  4%] Building CXX object CMakeFiles/rae_hw.dir/src/rae_hw.cpp.o
[207.750s] [  8%] Building CXX object CMakeFiles/rae_hw.dir/src/rae_motors.cpp.o
[244.791s] [ 13%] Building CXX object CMakeFiles/rae_hw.dir/src/peripherals/battery.cpp.o
[316.636s] [ 17%] Building CXX object CMakeFiles/test_max_speed.dir/test/test_max_speed.cpp.o
[318.015s] [ 21%] Building CXX object CMakeFiles/test_encoders.dir/test/test_encoders.cpp.o
[320.689s] [ 26%] Building CXX object CMakeFiles/test_motors.dir/test/test_motors.cpp.o
[333.656s] [ 30%] Building CXX object CMakeFiles/test_max_speed.dir/src/rae_motors.cpp.o
[333.926s] [ 34%] Building CXX object CMakeFiles/test_encoders.dir/src/rae_motors.cpp.o
[337.869s] [ 39%] Building CXX object CMakeFiles/test_motors.dir/src/rae_motors.cpp.o
[346.136s] [ 43%] Building CXX object CMakeFiles/rae_hw.dir/src/peripherals/lcd.cpp.o
[368.252s] [ 47%] Linking CXX executable test_encoders
[369.764s] [ 52%] Linking CXX executable test_max_speed
[369.912s] [ 52%] Built target test_encoders
[370.968s] [ 52%] Built target test_max_speed
[372.528s] [ 56%] Linking CXX executable test_motors
[374.017s] [ 56%] Built target test_motors
[480.066s] [ 60%] Building CXX object CMakeFiles/rae_hw.dir/src/peripherals/led.cpp.o
[480.107s] [ 65%] Building CXX object CMakeFiles/rae_hw.dir/src/peripherals/mic.cpp.o
[596.205s] [ 69%] Linking CXX shared library librae_hw.so
[599.406s] [ 69%] Built target rae_hw
[599.888s] [ 78%] Building CXX object CMakeFiles/test_speed.dir/test/test_speed.cpp.o
[599.891s] [ 78%] Building CXX object CMakeFiles/test_speed.dir/src/rae_motors.cpp.o
[600.017s] [ 82%] Building CXX object CMakeFiles/speakers_node.dir/src/speakers_node.cpp.o
[600.039s] [ 86%] Building CXX object CMakeFiles/mic_node.dir/src/mic_node.cpp.o
[633.674s] /ws/src/rae-ros/rae_hw/test/test_speed.cpp: In function ‘int main(int, char**)’:
[633.676s] /ws/src/rae-ros/rae_hw/test/test_speed.cpp:77:15: warning: unused variable ‘startTimeDiff’ [-Wunused-variable]
[633.677s]    77 |         float startTimeDiff = std::chrono::duration<float>(currTime - startTime).count();
[633.678s]       |               ^~~~~~~~~~~~~
[640.922s] /ws/src/rae-ros/rae_hw/src/speakers_node.cpp: In member function ‘void rae_hw::SpeakersNode::play_audio_service_callback(std::shared_ptr<rmw_request_id_s>, std::shared_ptr<rae_msgs::srv::PlayAudio_Request_<std::allocator<void> > >, std::shared_ptr<rae_msgs::srv::PlayAudio_Response_<std::allocator<void> > >)’:
[640.923s] /ws/src/rae-ros/rae_hw/src/speakers_node.cpp:28:45: warning: unused parameter ‘request_header’ [-Wunused-parameter]
[640.924s]    28 |     const std::shared_ptr<rmw_request_id_t> request_header,
[640.925s]       |     ~~~~~~~~~~~~~~~~~~~~~~~~~~~~~~~~~~~~~~~~^~~~~~~~~~~~~~
[647.915s] [ 91%] Linking CXX executable mic_node
[650.413s] [ 91%] Built target mic_node
[665.013s] [ 95%] Linking CXX executable speakers_node
[667.625s] [ 95%] Built target speakers_node
[671.529s] [100%] Linking CXX executable test_speed
[672.518s] [100%] Built target test_speed
[672.645s] Invoked command in '/ws/build/rae_hw' returned '0': AMENT_PREFIX_PATH=/ws/install/rae_msgs:${AMENT_PREFIX_PATH} CMAKE_PREFIX_PATH=/ws/install/rae_msgs:/underlay_ws/install/nav_layer_from_points:/underlay_ws/install/laserscan_kinect:/underlay_ws/install/ira_laser_tools:/underlay_ws/install/gst_bridge:/underlay_ws/install/depthai-ros:/underlay_ws/install/depthai_ros_driver:/underlay_ws/install/depthai_filters:/underlay_ws/install/depthai_examples:/underlay_ws/install/depthai_bridge:/underlay_ws/install/depthai_ros_msgs:/underlay_ws/install/depthai_descriptions:/underlay_ws/install/depth_sensor_pose:/underlay_ws/install/cliff_detector:/underlay_ws/install/audio_msgs:/underlay_ws/install/gst_pipeline:/opt/ros/humble LD_LIBRARY_PATH=/ws/install/rae_msgs/lib:${LD_LIBRARY_PATH} PYTHONPATH=/ws/install/rae_msgs/local/lib/python3.10/dist-packages:${PYTHONPATH} /usr/bin/cmake --build /ws/build/rae_hw -- -j4 -l4
[674.371s] Invoking command in '/ws/build/rae_hw': AMENT_PREFIX_PATH=/ws/install/rae_msgs:${AMENT_PREFIX_PATH} CMAKE_PREFIX_PATH=/ws/install/rae_msgs:/underlay_ws/install/nav_layer_from_points:/underlay_ws/install/laserscan_kinect:/underlay_ws/install/ira_laser_tools:/underlay_ws/install/gst_bridge:/underlay_ws/install/depthai-ros:/underlay_ws/install/depthai_ros_driver:/underlay_ws/install/depthai_filters:/underlay_ws/install/depthai_examples:/underlay_ws/install/depthai_bridge:/underlay_ws/install/depthai_ros_msgs:/underlay_ws/install/depthai_descriptions:/underlay_ws/install/depth_sensor_pose:/underlay_ws/install/cliff_detector:/underlay_ws/install/audio_msgs:/underlay_ws/install/gst_pipeline:/opt/ros/humble LD_LIBRARY_PATH=/ws/install/rae_msgs/lib:${LD_LIBRARY_PATH} PYTHONPATH=/ws/install/rae_msgs/local/lib/python3.10/dist-packages:${PYTHONPATH} /usr/bin/cmake --install /ws/build/rae_hw
[674.501s] -- Install configuration: "RelWithDebInfo"
[674.509s] -- Execute custom install script
[674.516s] -- Symlinking: /ws/install/rae_hw/share/rae_hw//rae_hw.xml
[674.624s] -- Symlinking: /ws/install/rae_hw/lib/librae_hw.so
[674.726s] -- Symlinking: /ws/install/rae_hw/lib/rae_hw/test_motors
[674.825s] -- Symlinking: /ws/install/rae_hw/lib/rae_hw/test_encoders
[674.927s] -- Symlinking: /ws/install/rae_hw/lib/rae_hw/test_max_speed
[675.024s] -- Symlinking: /ws/install/rae_hw/lib/rae_hw/test_speed
[675.122s] -- Symlinking: /ws/install/rae_hw/lib/rae_hw/mic_node
[675.221s] -- Symlinking: /ws/install/rae_hw/lib/rae_hw/speakers_node
[675.331s] -- Symlinking: /ws/install/rae_hw/include/rae_hw/peripherals/battery.hpp
[675.430s] -- Symlinking: /ws/install/rae_hw/include/rae_hw/peripherals/lcd.hpp
[675.535s] -- Symlinking: /ws/install/rae_hw/include/rae_hw/peripherals/led.hpp
[675.634s] -- Symlinking: /ws/install/rae_hw/include/rae_hw/peripherals/mic.hpp
[675.734s] -- Symlinking: /ws/install/rae_hw/include/rae_hw/peripherals/speakers.hpp
[675.832s] -- Symlinking: /ws/install/rae_hw/include/rae_hw/peripherals/spidev.h
[675.930s] -- Symlinking: /ws/install/rae_hw/include/rae_hw/rae_hw.hpp
[676.029s] -- Symlinking: /ws/install/rae_hw/include/rae_hw/rae_motors.hpp
[676.128s] -- Symlinking: /ws/install/rae_hw/include/rae_hw/visibility_control.h
[676.228s] -- Symlinking: /ws/install/rae_hw/share/rae_hw/launch/control.launch.py
[676.328s] -- Symlinking: /ws/install/rae_hw/share/rae_hw/launch/peripherals.launch.py
[676.429s] -- Symlinking: /ws/install/rae_hw/share/rae_hw/config/controller.yaml
[676.527s] -- Symlinking: /ws/install/rae_hw/share/rae_hw/config/ekf.yaml
[676.626s] -- Symlinking: /ws/install/rae_hw/share/rae_hw/environment/library_path.sh
[676.725s] -- Symlinking: /ws/install/rae_hw/share/rae_hw/environment/library_path.dsv
[676.826s] -- Up-to-date symlink: /ws/install/rae_hw/include/rae_hw/peripherals/battery.hpp
[676.827s] -- Up-to-date symlink: /ws/install/rae_hw/include/rae_hw/peripherals/lcd.hpp
[676.828s] -- Up-to-date symlink: /ws/install/rae_hw/include/rae_hw/peripherals/led.hpp
[676.829s] -- Up-to-date symlink: /ws/install/rae_hw/include/rae_hw/peripherals/mic.hpp
[676.830s] -- Up-to-date symlink: /ws/install/rae_hw/include/rae_hw/peripherals/speakers.hpp
[676.831s] -- Up-to-date symlink: /ws/install/rae_hw/include/rae_hw/peripherals/spidev.h
[676.832s] -- Up-to-date symlink: /ws/install/rae_hw/include/rae_hw/rae_hw.hpp
[676.833s] -- Up-to-date symlink: /ws/install/rae_hw/include/rae_hw/rae_motors.hpp
[676.834s] -- Up-to-date symlink: /ws/install/rae_hw/include/rae_hw/visibility_control.h
[676.835s] -- Symlinking: /ws/install/rae_hw/share/ament_index/resource_index/package_run_dependencies/rae_hw
[676.934s] -- Symlinking: /ws/install/rae_hw/share/ament_index/resource_index/parent_prefix_path/rae_hw
[677.033s] -- Symlinking: /ws/install/rae_hw/share/rae_hw/environment/ament_prefix_path.sh
[677.133s] -- Symlinking: /ws/install/rae_hw/share/rae_hw/environment/ament_prefix_path.dsv
[677.231s] -- Symlinking: /ws/install/rae_hw/share/rae_hw/environment/path.sh
[677.330s] -- Symlinking: /ws/install/rae_hw/share/rae_hw/environment/path.dsv
[677.431s] -- Symlinking: /ws/install/rae_hw/share/rae_hw/local_setup.bash
[677.531s] -- Symlinking: /ws/install/rae_hw/share/rae_hw/local_setup.sh
[677.634s] -- Symlinking: /ws/install/rae_hw/share/rae_hw/local_setup.zsh
[677.734s] -- Symlinking: /ws/install/rae_hw/share/rae_hw/local_setup.dsv
[677.833s] -- Symlinking: /ws/install/rae_hw/share/rae_hw/package.dsv
[677.932s] -- Symlinking: /ws/install/rae_hw/share/ament_index/resource_index/packages/rae_hw
[678.031s] -- Symlinking: /ws/install/rae_hw/share/ament_index/resource_index/hardware_interface__pluginlib__plugin/rae_hw
[678.131s] -- Symlinking: /ws/install/rae_hw/share/ament_index/resource_index/rclcpp_components/rae_hw
[678.232s] -- Symlinking: /ws/install/rae_hw/share/rae_hw/cmake/ament_cmake_export_include_directories-extras.cmake
[678.333s] -- Symlinking: /ws/install/rae_hw/share/rae_hw/cmake/ament_cmake_export_libraries-extras.cmake
[678.434s] -- Symlinking: /ws/install/rae_hw/share/rae_hw/cmake/rae_hwConfig.cmake
[678.533s] -- Symlinking: /ws/install/rae_hw/share/rae_hw/cmake/rae_hwConfig-version.cmake
[678.633s] -- Symlinking: /ws/install/rae_hw/share/rae_hw/package.xml
[678.749s] Invoked command in '/ws/build/rae_hw' returned '0': AMENT_PREFIX_PATH=/ws/install/rae_msgs:${AMENT_PREFIX_PATH} CMAKE_PREFIX_PATH=/ws/install/rae_msgs:/underlay_ws/install/nav_layer_from_points:/underlay_ws/install/laserscan_kinect:/underlay_ws/install/ira_laser_tools:/underlay_ws/install/gst_bridge:/underlay_ws/install/depthai-ros:/underlay_ws/install/depthai_ros_driver:/underlay_ws/install/depthai_filters:/underlay_ws/install/depthai_examples:/underlay_ws/install/depthai_bridge:/underlay_ws/install/depthai_ros_msgs:/underlay_ws/install/depthai_descriptions:/underlay_ws/install/depth_sensor_pose:/underlay_ws/install/cliff_detector:/underlay_ws/install/audio_msgs:/underlay_ws/install/gst_pipeline:/opt/ros/humble LD_LIBRARY_PATH=/ws/install/rae_msgs/lib:${LD_LIBRARY_PATH} PYTHONPATH=/ws/install/rae_msgs/local/lib/python3.10/dist-packages:${PYTHONPATH} /usr/bin/cmake --install /ws/build/rae_hw
