-- The C compiler identification is GNU 11.4.0
-- The CXX compiler identification is GNU 11.4.0
-- Detecting C compiler ABI info
-- Detecting C compiler ABI info - done
-- Check for working C compiler: /usr/bin/cc - skipped
-- Detecting C compile features
-- Detecting C compile features - done
-- Detecting CXX compiler ABI info
-- Detecting CXX compiler ABI info - done
-- Check for working CXX compiler: /usr/bin/c++ - skipped
-- Detecting CXX compile features
-- Detecting CXX compile features - done
-- Found ament_cmake: 1.3.5 (/opt/ros/humble/share/ament_cmake/cmake)
-- Found Python3: /usr/bin/python3.10 (found version "3.10.12") found components: Interpreter 
-- Override CMake install command with custom implementation using symlinks instead of copying resources
-- Found std_msgs: 4.2.3 (/opt/ros/humble/share/std_msgs/cmake)
-- Found rosidl_generator_c: 3.1.5 (/opt/ros/humble/share/rosidl_generator_c/cmake)
-- Found rosidl_adapter: 3.1.5 (/opt/ros/humble/share/rosidl_adapter/cmake)
-- Found rosidl_generator_cpp: 3.1.5 (/opt/ros/humble/share/rosidl_generator_cpp/cmake)
-- Using all available rosidl_typesupport_c: rosidl_typesupport_fastrtps_c;rosidl_typesupport_introspection_c
-- Using all available rosidl_typesupport_cpp: rosidl_typesupport_fastrtps_cpp;rosidl_typesupport_introspection_cpp
-- Found rosidl_default_generators: 1.2.0 (/opt/ros/humble/share/rosidl_default_generators/cmake)
-- Found ament_cmake_ros: 0.10.0 (/opt/ros/humble/share/ament_cmake_ros/cmake)
-- Using all available rosidl_typesupport_c: rosidl_typesupport_fastrtps_c;rosidl_typesupport_introspection_c
-- Using all available rosidl_typesupport_cpp: rosidl_typesupport_fastrtps_cpp;rosidl_typesupport_introspection_cpp
-- Found PythonInterp: /usr/bin/python3 (found suitable version "3.10.12", minimum required is "3.6") 
-- Found python_cmake_module: 0.10.0 (/opt/ros/humble/share/python_cmake_module/cmake)
-- Found PythonLibs: /usr/lib/aarch64-linux-gnu/libpython3.10.so (found suitable version "3.10.12", minimum required is "3.5") 
-- Using PYTHON_EXECUTABLE: /usr/bin/python3
-- Using PYTHON_INCLUDE_DIRS: /usr/include/python3.10
-- Using PYTHON_LIBRARIES: /usr/lib/aarch64-linux-gnu/libpython3.10.so
-- Found PythonExtra: .so  
-- Configuring done
-- Generating done
-- Build files have been written to: /ws/build/rae_msgs
[  2%] Generating C code for ROS interfaces
[  5%] Generating C++ code for ROS interfaces
[  5%] Built target ament_cmake_python_symlink_rae_msgs
running egg_info
creating rae_msgs.egg-info
writing rae_msgs.egg-info/PKG-INFO
writing dependency_links to rae_msgs.egg-info/dependency_links.txt
writing top-level names to rae_msgs.egg-info/top_level.txt
writing manifest file 'rae_msgs.egg-info/SOURCES.txt'
reading manifest file 'rae_msgs.egg-info/SOURCES.txt'
writing manifest file 'rae_msgs.egg-info/SOURCES.txt'
[  5%] Built target ament_cmake_python_build_rae_msgs_egg
[  7%] Building C object CMakeFiles/rae_msgs__rosidl_generator_c.dir/rosidl_generator_c/rae_msgs/srv/detail/play_audio__functions.c.o
[ 10%] Building C object CMakeFiles/rae_msgs__rosidl_generator_c.dir/rosidl_generator_c/rae_msgs/msg/detail/led_control__functions.c.o
[ 10%] Built target rae_msgs__cpp
[ 12%] Generating C++ introspection for ROS interfaces
[ 15%] Generating C++ type support for eProsima Fast-RTPS
[ 17%] Generating C++ type support dispatch for ROS interfaces
[ 20%] Linking C shared library librae_msgs__rosidl_generator_c.so
[ 20%] Built target rae_msgs__rosidl_generator_c
[ 23%] Generating C type support for eProsima Fast-RTPS
[ 25%] Building CXX object CMakeFiles/rae_msgs__rosidl_typesupport_introspection_cpp.dir/rosidl_typesupport_introspection_cpp/rae_msgs/msg/detail/led_control__type_support.cpp.o
[ 28%] Building CXX object CMakeFiles/rae_msgs__rosidl_typesupport_fastrtps_cpp.dir/rosidl_typesupport_fastrtps_cpp/rae_msgs/msg/detail/dds_fastrtps/led_control__type_support.cpp.o
[ 30%] Building CXX object CMakeFiles/rae_msgs__rosidl_typesupport_cpp.dir/rosidl_typesupport_cpp/rae_msgs/msg/led_control__type_support.cpp.o
[ 33%] Building CXX object CMakeFiles/rae_msgs__rosidl_typesupport_fastrtps_c.dir/rosidl_typesupport_fastrtps_c/rae_msgs/msg/detail/led_control__type_support_c.cpp.o
[ 35%] Building CXX object CMakeFiles/rae_msgs__rosidl_typesupport_cpp.dir/rosidl_typesupport_cpp/rae_msgs/srv/play_audio__type_support.cpp.o
[ 38%] Building CXX object CMakeFiles/rae_msgs__rosidl_typesupport_fastrtps_cpp.dir/rosidl_typesupport_fastrtps_cpp/rae_msgs/srv/detail/dds_fastrtps/play_audio__type_support.cpp.o
[ 41%] Building CXX object CMakeFiles/rae_msgs__rosidl_typesupport_introspection_cpp.dir/rosidl_typesupport_introspection_cpp/rae_msgs/srv/detail/play_audio__type_support.cpp.o
[ 43%] Building CXX object CMakeFiles/rae_msgs__rosidl_typesupport_fastrtps_c.dir/rosidl_typesupport_fastrtps_c/rae_msgs/srv/detail/play_audio__type_support_c.cpp.o
[ 46%] Linking CXX shared library librae_msgs__rosidl_typesupport_cpp.so
[ 46%] Built target rae_msgs__rosidl_typesupport_cpp
[ 48%] Generating C introspection for ROS interfaces
[ 51%] Linking CXX shared library librae_msgs__rosidl_typesupport_introspection_cpp.so
[ 53%] Linking CXX shared library librae_msgs__rosidl_typesupport_fastrtps_cpp.so
[ 53%] Built target rae_msgs__rosidl_typesupport_introspection_cpp
[ 56%] Generating C type support dispatch for ROS interfaces
[ 56%] Built target rae_msgs__rosidl_typesupport_fastrtps_cpp
[ 58%] Building C object CMakeFiles/rae_msgs__rosidl_typesupport_introspection_c.dir/rosidl_typesupport_introspection_c/rae_msgs/msg/detail/led_control__type_support.c.o
[ 61%] Building C object CMakeFiles/rae_msgs__rosidl_typesupport_introspection_c.dir/rosidl_typesupport_introspection_c/rae_msgs/srv/detail/play_audio__type_support.c.o
[ 64%] Linking CXX shared library librae_msgs__rosidl_typesupport_fastrtps_c.so
[ 66%] Linking C shared library librae_msgs__rosidl_typesupport_introspection_c.so
[ 66%] Built target rae_msgs__rosidl_typesupport_fastrtps_c
[ 66%] Built target rae_msgs__rosidl_typesupport_introspection_c
[ 69%] Building CXX object CMakeFiles/rae_msgs__rosidl_typesupport_c.dir/rosidl_typesupport_c/rae_msgs/msg/led_control__type_support.cpp.o
[ 71%] Building CXX object CMakeFiles/rae_msgs__rosidl_typesupport_c.dir/rosidl_typesupport_c/rae_msgs/srv/play_audio__type_support.cpp.o
[ 74%] Linking CXX shared library librae_msgs__rosidl_typesupport_c.so
[ 74%] Built target rae_msgs__rosidl_typesupport_c
[ 74%] Built target rae_msgs
[ 76%] Generating Python code for ROS interfaces
[ 76%] Built target rae_msgs__py
[ 79%] Building C object CMakeFiles/rae_msgs__rosidl_generator_py.dir/rosidl_generator_py/rae_msgs/msg/_led_control_s.c.o
[ 82%] Building C object CMakeFiles/rae_msgs__rosidl_generator_py.dir/rosidl_generator_py/rae_msgs/srv/_play_audio_s.c.o
[ 84%] Linking C shared library rosidl_generator_py/rae_msgs/librae_msgs__rosidl_generator_py.so
[ 84%] Built target rae_msgs__rosidl_generator_py
[ 87%] Building C object CMakeFiles/rae_msgs__rosidl_typesupport_c__pyext.dir/rosidl_generator_py/rae_msgs/_rae_msgs_s.ep.rosidl_typesupport_c.c.o
[ 89%] Building C object CMakeFiles/rae_msgs__rosidl_typesupport_fastrtps_c__pyext.dir/rosidl_generator_py/rae_msgs/_rae_msgs_s.ep.rosidl_typesupport_fastrtps_c.c.o
[ 92%] Building C object CMakeFiles/rae_msgs__rosidl_typesupport_introspection_c__pyext.dir/rosidl_generator_py/rae_msgs/_rae_msgs_s.ep.rosidl_typesupport_introspection_c.c.o
[ 94%] Linking C shared library rosidl_generator_py/rae_msgs/rae_msgs_s__rosidl_typesupport_introspection_c.cpython-310-aarch64-linux-gnu.so
[ 97%] Linking C shared library rosidl_generator_py/rae_msgs/rae_msgs_s__rosidl_typesupport_c.cpython-310-aarch64-linux-gnu.so
[100%] Linking C shared library rosidl_generator_py/rae_msgs/rae_msgs_s__rosidl_typesupport_fastrtps_c.cpython-310-aarch64-linux-gnu.so
[100%] Built target rae_msgs__rosidl_typesupport_introspection_c__pyext
[100%] Built target rae_msgs__rosidl_typesupport_fastrtps_c__pyext
[100%] Built target rae_msgs__rosidl_typesupport_c__pyext
-- Install configuration: "RelWithDebInfo"
-- Execute custom install script
-- Symlinking: /ws/install/rae_msgs/share/ament_index/resource_index/rosidl_interfaces/rae_msgs
-- Symlinking: /ws/install/rae_msgs/include/rae_msgs/rae_msgs/msg/detail/led_control__functions.h
-- Symlinking: /ws/install/rae_msgs/include/rae_msgs/rae_msgs/msg/detail/led_control__struct.h
-- Symlinking: /ws/install/rae_msgs/include/rae_msgs/rae_msgs/msg/detail/led_control__type_support.h
-- Symlinking: /ws/install/rae_msgs/include/rae_msgs/rae_msgs/msg/led_control.h
-- Symlinking: /ws/install/rae_msgs/include/rae_msgs/rae_msgs/msg/rosidl_generator_c__visibility_control.h
-- Symlinking: /ws/install/rae_msgs/include/rae_msgs/rae_msgs/srv/detail/play_audio__functions.h
-- Symlinking: /ws/install/rae_msgs/include/rae_msgs/rae_msgs/srv/detail/play_audio__struct.h
-- Symlinking: /ws/install/rae_msgs/include/rae_msgs/rae_msgs/srv/detail/play_audio__type_support.h
-- Symlinking: /ws/install/rae_msgs/include/rae_msgs/rae_msgs/srv/play_audio.h
-- Symlinking: /ws/install/rae_msgs/share/rae_msgs/environment/library_path.sh
-- Symlinking: /ws/install/rae_msgs/share/rae_msgs/environment/library_path.dsv
-- Symlinking: /ws/install/rae_msgs/include/rae_msgs/rae_msgs/msg/detail/led_control__rosidl_typesupport_fastrtps_c.h
-- Symlinking: /ws/install/rae_msgs/include/rae_msgs/rae_msgs/msg/rosidl_typesupport_fastrtps_c__visibility_control.h
-- Symlinking: /ws/install/rae_msgs/include/rae_msgs/rae_msgs/srv/detail/play_audio__rosidl_typesupport_fastrtps_c.h
-- Symlinking: /ws/install/rae_msgs/include/rae_msgs/rae_msgs/msg/detail/led_control__builder.hpp
-- Symlinking: /ws/install/rae_msgs/include/rae_msgs/rae_msgs/msg/detail/led_control__struct.hpp
-- Symlinking: /ws/install/rae_msgs/include/rae_msgs/rae_msgs/msg/detail/led_control__traits.hpp
-- Symlinking: /ws/install/rae_msgs/include/rae_msgs/rae_msgs/msg/led_control.hpp
-- Symlinking: /ws/install/rae_msgs/include/rae_msgs/rae_msgs/srv/detail/play_audio__builder.hpp
-- Symlinking: /ws/install/rae_msgs/include/rae_msgs/rae_msgs/srv/detail/play_audio__struct.hpp
-- Symlinking: /ws/install/rae_msgs/include/rae_msgs/rae_msgs/srv/detail/play_audio__traits.hpp
-- Symlinking: /ws/install/rae_msgs/include/rae_msgs/rae_msgs/srv/play_audio.hpp
-- Symlinking: /ws/install/rae_msgs/include/rae_msgs/rae_msgs/msg/detail/led_control__rosidl_typesupport_fastrtps_cpp.hpp
-- Symlinking: /ws/install/rae_msgs/include/rae_msgs/rae_msgs/msg/rosidl_typesupport_fastrtps_cpp__visibility_control.h
-- Symlinking: /ws/install/rae_msgs/include/rae_msgs/rae_msgs/srv/detail/play_audio__rosidl_typesupport_fastrtps_cpp.hpp
-- Symlinking: /ws/install/rae_msgs/include/rae_msgs/rae_msgs/msg/detail/led_control__rosidl_typesupport_introspection_c.h
-- Symlinking: /ws/install/rae_msgs/include/rae_msgs/rae_msgs/msg/rosidl_typesupport_introspection_c__visibility_control.h
-- Symlinking: /ws/install/rae_msgs/include/rae_msgs/rae_msgs/srv/detail/play_audio__rosidl_typesupport_introspection_c.h
-- Symlinking: /ws/install/rae_msgs/include/rae_msgs/rae_msgs/msg/detail/led_control__rosidl_typesupport_introspection_cpp.hpp
-- Symlinking: /ws/install/rae_msgs/include/rae_msgs/rae_msgs/srv/detail/play_audio__rosidl_typesupport_introspection_cpp.hpp
-- Symlinking: /ws/install/rae_msgs/share/rae_msgs/environment/pythonpath.sh
-- Symlinking: /ws/install/rae_msgs/share/rae_msgs/environment/pythonpath.dsv
-- Symlinking: /ws/install/rae_msgs/local/lib/python3.10/dist-packages/rae_msgs-0.0.0-py3.10.egg-info/PKG-INFO
-- Symlinking: /ws/install/rae_msgs/local/lib/python3.10/dist-packages/rae_msgs-0.0.0-py3.10.egg-info/SOURCES.txt
-- Symlinking: /ws/install/rae_msgs/local/lib/python3.10/dist-packages/rae_msgs-0.0.0-py3.10.egg-info/dependency_links.txt
-- Symlinking: /ws/install/rae_msgs/local/lib/python3.10/dist-packages/rae_msgs-0.0.0-py3.10.egg-info/top_level.txt
-- Symlinking: /ws/install/rae_msgs/local/lib/python3.10/dist-packages/rae_msgs/__init__.py
-- Symlinking: /ws/install/rae_msgs/local/lib/python3.10/dist-packages/rae_msgs/_rae_msgs_s.ep.rosidl_typesupport_c.c
-- Symlinking: /ws/install/rae_msgs/local/lib/python3.10/dist-packages/rae_msgs/_rae_msgs_s.ep.rosidl_typesupport_fastrtps_c.c
-- Symlinking: /ws/install/rae_msgs/local/lib/python3.10/dist-packages/rae_msgs/_rae_msgs_s.ep.rosidl_typesupport_introspection_c.c
-- Symlinking: /ws/install/rae_msgs/local/lib/python3.10/dist-packages/rae_msgs/librae_msgs__rosidl_generator_py.so
-- Symlinking: /ws/install/rae_msgs/local/lib/python3.10/dist-packages/rae_msgs/msg/__init__.py
-- Symlinking: /ws/install/rae_msgs/local/lib/python3.10/dist-packages/rae_msgs/msg/_led_control.py
-- Symlinking: /ws/install/rae_msgs/local/lib/python3.10/dist-packages/rae_msgs/msg/_led_control_s.c
-- Symlinking: /ws/install/rae_msgs/local/lib/python3.10/dist-packages/rae_msgs/rae_msgs_s__rosidl_typesupport_c.cpython-310-aarch64-linux-gnu.so
-- Symlinking: /ws/install/rae_msgs/local/lib/python3.10/dist-packages/rae_msgs/rae_msgs_s__rosidl_typesupport_fastrtps_c.cpython-310-aarch64-linux-gnu.so
-- Symlinking: /ws/install/rae_msgs/local/lib/python3.10/dist-packages/rae_msgs/rae_msgs_s__rosidl_typesupport_introspection_c.cpython-310-aarch64-linux-gnu.so
-- Symlinking: /ws/install/rae_msgs/local/lib/python3.10/dist-packages/rae_msgs/srv/__init__.py
-- Symlinking: /ws/install/rae_msgs/local/lib/python3.10/dist-packages/rae_msgs/srv/_play_audio.py
-- Symlinking: /ws/install/rae_msgs/local/lib/python3.10/dist-packages/rae_msgs/srv/_play_audio_s.c
-- Up-to-date symlink: /ws/install/rae_msgs/local/lib/python3.10/dist-packages/rae_msgs/rae_msgs_s__rosidl_typesupport_fastrtps_c.cpython-310-aarch64-linux-gnu.so
-- Up-to-date symlink: /ws/install/rae_msgs/local/lib/python3.10/dist-packages/rae_msgs/rae_msgs_s__rosidl_typesupport_introspection_c.cpython-310-aarch64-linux-gnu.so
-- Up-to-date symlink: /ws/install/rae_msgs/local/lib/python3.10/dist-packages/rae_msgs/rae_msgs_s__rosidl_typesupport_c.cpython-310-aarch64-linux-gnu.so
-- Symlinking: /ws/install/rae_msgs/share/rae_msgs/msg/LEDControl.idl
-- Symlinking: /ws/install/rae_msgs/share/rae_msgs/srv/PlayAudio.idl
-- Symlinking: /ws/install/rae_msgs/share/rae_msgs/msg/LEDControl.msg
-- Symlinking: /ws/install/rae_msgs/share/rae_msgs/srv/PlayAudio.srv
-- Symlinking: /ws/install/rae_msgs/share/rae_msgs/srv/PlayAudio_Request.msg
-- Symlinking: /ws/install/rae_msgs/share/rae_msgs/srv/PlayAudio_Response.msg
-- Symlinking: /ws/install/rae_msgs/share/ament_index/resource_index/package_run_dependencies/rae_msgs
-- Symlinking: /ws/install/rae_msgs/share/ament_index/resource_index/parent_prefix_path/rae_msgs
-- Symlinking: /ws/install/rae_msgs/share/rae_msgs/environment/ament_prefix_path.sh
-- Symlinking: /ws/install/rae_msgs/share/rae_msgs/environment/ament_prefix_path.dsv
-- Symlinking: /ws/install/rae_msgs/share/rae_msgs/environment/path.sh
-- Symlinking: /ws/install/rae_msgs/share/rae_msgs/environment/path.dsv
-- Symlinking: /ws/install/rae_msgs/share/rae_msgs/local_setup.bash
-- Symlinking: /ws/install/rae_msgs/share/rae_msgs/local_setup.sh
-- Symlinking: /ws/install/rae_msgs/share/rae_msgs/local_setup.zsh
-- Symlinking: /ws/install/rae_msgs/share/rae_msgs/local_setup.dsv
-- Symlinking: /ws/install/rae_msgs/share/rae_msgs/package.dsv
-- Symlinking: /ws/install/rae_msgs/share/ament_index/resource_index/packages/rae_msgs
-- Symlinking: /ws/install/rae_msgs/share/rae_msgs/cmake/rosidl_cmake-extras.cmake
-- Symlinking: /ws/install/rae_msgs/share/rae_msgs/cmake/ament_cmake_export_dependencies-extras.cmake
-- Symlinking: /ws/install/rae_msgs/share/rae_msgs/cmake/ament_cmake_export_include_directories-extras.cmake
-- Symlinking: /ws/install/rae_msgs/share/rae_msgs/cmake/ament_cmake_export_libraries-extras.cmake
-- Symlinking: /ws/install/rae_msgs/share/rae_msgs/cmake/ament_cmake_export_targets-extras.cmake
-- Symlinking: /ws/install/rae_msgs/share/rae_msgs/cmake/rosidl_cmake_export_typesupport_targets-extras.cmake
-- Symlinking: /ws/install/rae_msgs/share/rae_msgs/cmake/rosidl_cmake_export_typesupport_libraries-extras.cmake
-- Symlinking: /ws/install/rae_msgs/share/rae_msgs/cmake/rae_msgsConfig.cmake
-- Symlinking: /ws/install/rae_msgs/share/rae_msgs/cmake/rae_msgsConfig-version.cmake
-- Symlinking: /ws/install/rae_msgs/share/rae_msgs/package.xml
-- Installing: /ws/install/rae_msgs/lib/librae_msgs__rosidl_generator_c.so
-- Set runtime path of "/ws/install/rae_msgs/lib/librae_msgs__rosidl_generator_c.so" to ""
-- Installing: /ws/install/rae_msgs/lib/librae_msgs__rosidl_typesupport_fastrtps_c.so
-- Set runtime path of "/ws/install/rae_msgs/lib/librae_msgs__rosidl_typesupport_fastrtps_c.so" to ""
-- Installing: /ws/install/rae_msgs/lib/librae_msgs__rosidl_typesupport_fastrtps_cpp.so
-- Set runtime path of "/ws/install/rae_msgs/lib/librae_msgs__rosidl_typesupport_fastrtps_cpp.so" to ""
-- Installing: /ws/install/rae_msgs/lib/librae_msgs__rosidl_typesupport_introspection_c.so
-- Set runtime path of "/ws/install/rae_msgs/lib/librae_msgs__rosidl_typesupport_introspection_c.so" to ""
-- Installing: /ws/install/rae_msgs/lib/librae_msgs__rosidl_typesupport_c.so
-- Set runtime path of "/ws/install/rae_msgs/lib/librae_msgs__rosidl_typesupport_c.so" to ""
-- Installing: /ws/install/rae_msgs/lib/librae_msgs__rosidl_typesupport_introspection_cpp.so
-- Set runtime path of "/ws/install/rae_msgs/lib/librae_msgs__rosidl_typesupport_introspection_cpp.so" to ""
-- Installing: /ws/install/rae_msgs/lib/librae_msgs__rosidl_typesupport_cpp.so
-- Set runtime path of "/ws/install/rae_msgs/lib/librae_msgs__rosidl_typesupport_cpp.so" to ""
Listing '/ws/install/rae_msgs/local/lib/python3.10/dist-packages/rae_msgs'...
Compiling '/ws/install/rae_msgs/local/lib/python3.10/dist-packages/rae_msgs/__init__.py'...
Listing '/ws/install/rae_msgs/local/lib/python3.10/dist-packages/rae_msgs/msg'...
Compiling '/ws/install/rae_msgs/local/lib/python3.10/dist-packages/rae_msgs/msg/__init__.py'...
Compiling '/ws/install/rae_msgs/local/lib/python3.10/dist-packages/rae_msgs/msg/_led_control.py'...
Listing '/ws/install/rae_msgs/local/lib/python3.10/dist-packages/rae_msgs/srv'...
Compiling '/ws/install/rae_msgs/local/lib/python3.10/dist-packages/rae_msgs/srv/__init__.py'...
Compiling '/ws/install/rae_msgs/local/lib/python3.10/dist-packages/rae_msgs/srv/_play_audio.py'...
-- Installing: /ws/install/rae_msgs/lib/librae_msgs__rosidl_generator_py.so
-- Set runtime path of "/ws/install/rae_msgs/lib/librae_msgs__rosidl_generator_py.so" to ""
-- Installing: /ws/install/rae_msgs/share/rae_msgs/cmake/export_rae_msgs__rosidl_generator_cExport.cmake
-- Installing: /ws/install/rae_msgs/share/rae_msgs/cmake/export_rae_msgs__rosidl_generator_cExport-relwithdebinfo.cmake
-- Installing: /ws/install/rae_msgs/share/rae_msgs/cmake/export_rae_msgs__rosidl_typesupport_fastrtps_cExport.cmake
-- Installing: /ws/install/rae_msgs/share/rae_msgs/cmake/export_rae_msgs__rosidl_typesupport_fastrtps_cExport-relwithdebinfo.cmake
-- Installing: /ws/install/rae_msgs/share/rae_msgs/cmake/export_rae_msgs__rosidl_generator_cppExport.cmake
-- Installing: /ws/install/rae_msgs/share/rae_msgs/cmake/export_rae_msgs__rosidl_typesupport_fastrtps_cppExport.cmake
-- Installing: /ws/install/rae_msgs/share/rae_msgs/cmake/export_rae_msgs__rosidl_typesupport_fastrtps_cppExport-relwithdebinfo.cmake
-- Installing: /ws/install/rae_msgs/share/rae_msgs/cmake/rae_msgs__rosidl_typesupport_introspection_cExport.cmake
-- Installing: /ws/install/rae_msgs/share/rae_msgs/cmake/rae_msgs__rosidl_typesupport_introspection_cExport-relwithdebinfo.cmake
-- Installing: /ws/install/rae_msgs/share/rae_msgs/cmake/rae_msgs__rosidl_typesupport_cExport.cmake
-- Installing: /ws/install/rae_msgs/share/rae_msgs/cmake/rae_msgs__rosidl_typesupport_cExport-relwithdebinfo.cmake
-- Installing: /ws/install/rae_msgs/share/rae_msgs/cmake/rae_msgs__rosidl_typesupport_introspection_cppExport.cmake
-- Installing: /ws/install/rae_msgs/share/rae_msgs/cmake/rae_msgs__rosidl_typesupport_introspection_cppExport-relwithdebinfo.cmake
-- Installing: /ws/install/rae_msgs/share/rae_msgs/cmake/rae_msgs__rosidl_typesupport_cppExport.cmake
-- Installing: /ws/install/rae_msgs/share/rae_msgs/cmake/rae_msgs__rosidl_typesupport_cppExport-relwithdebinfo.cmake
-- Installing: /ws/install/rae_msgs/share/rae_msgs/cmake/export_rae_msgs__rosidl_generator_pyExport.cmake
-- Installing: /ws/install/rae_msgs/share/rae_msgs/cmake/export_rae_msgs__rosidl_generator_pyExport-relwithdebinfo.cmake
