[0.429s] Invoking command in '/ws/build/rae_camera': CMAKE_PREFIX_PATH=${CMAKE_PREFIX_PATH}:/underlay_ws/install/gst_pipeline:/opt/ros/humble /usr/bin/cmake --build /ws/build/rae_camera -- -j12 -l12
[1.082s] [35m[1mConsolidate compiler generated dependencies of target camera[0m
[1.103s] [35m[1mConsolidate compiler generated dependencies of target perception_ipc_rtabmap[0m
[1.106s] [35m[1mConsolidate compiler generated dependencies of target stereo_depth[0m
[1.109s] [35m[1mConsolidate compiler generated dependencies of target yolo[0m
[1.161s] [35m[1mConsolidate compiler generated dependencies of target stereo_pair[0m
[1.332s] [ 10%] [32mBuilding CXX object CMakeFiles/camera.dir/src/camera.cpp.o[0m
[1.375s] [ 30%] Built target yolo
[1.386s] [ 50%] Built target stereo_depth
[1.456s] [ 70%] Built target stereo_pair
[1.467s] [ 90%] Built target perception_ipc_rtabmap
[33.407s] [01m[K/ws/src/rae-ros/rae_camera/src/camera.cpp:[m[K In function ‘[01m[Kdai::Pipeline createPipeline(bool, bool)[m[K’:
[33.407s] [01m[K/ws/src/rae-ros/rae_camera/src/camera.cpp:29:56:[m[K [01;35m[Kwarning: [m[K‘[01m[Kdai::CameraBoardSocket::RGB[m[K’ is deprecated [[01;35m[K-Wdeprecated-declarations[m[K]
[33.408s]    29 |      camRgb->setBoardSocket(dai::CameraBoardSocket::[01;35m[KRGB[m[K);
[33.408s]       |                                                     [01;35m[K^~~[m[K
[33.408s] 
[33.409s] In file included from [01m[K/usr/local/include/depthai/common/CameraBoardSocket.hpp:5[m[K,
[33.409s]                  from [01m[K/usr/local/include/depthai/device/DeviceBase.hpp:18[m[K,
[33.409s]                  from [01m[K/usr/local/include/depthai/device/Device.hpp:14[m[K,
[33.410s]                  from [01m[K/ws/src/rae-ros/rae_camera/src/camera.cpp:13[m[K:
[33.410s] [01m[K/usr/local/include/depthai-shared/common/CameraBoardSocket.hpp:23:5:[m[K [01;36m[Knote: [m[Kdeclared here
[33.410s]    23 |     [01;36m[KRGB[m[K [[deprecated]] = CAM_A,
[33.411s]       |     [01;36m[K^~~[m[K
[33.411s] [01m[K/ws/src/rae-ros/rae_camera/src/camera.cpp:29:56:[m[K [01;35m[Kwarning: [m[K‘[01m[Kdai::CameraBoardSocket::RGB[m[K’ is deprecated [[01;35m[K-Wdeprecated-declarations[m[K]
[33.411s]    29 |      camRgb->setBoardSocket(dai::CameraBoardSocket::[01;35m[KRGB[m[K);
[33.412s]       |                                                     [01;35m[K^~~[m[K
[33.412s] 
[33.412s] In file included from [01m[K/usr/local/include/depthai/common/CameraBoardSocket.hpp:5[m[K,
[33.413s]                  from [01m[K/usr/local/include/depthai/device/DeviceBase.hpp:18[m[K,
[33.413s]                  from [01m[K/usr/local/include/depthai/device/Device.hpp:14[m[K,
[33.413s]                  from [01m[K/ws/src/rae-ros/rae_camera/src/camera.cpp:13[m[K:
[33.414s] [01m[K/usr/local/include/depthai-shared/common/CameraBoardSocket.hpp:23:5:[m[K [01;36m[Knote: [m[Kdeclared here
[33.414s]    23 |     [01;36m[KRGB[m[K [[deprecated]] = CAM_A,
[33.414s]       |     [01;36m[K^~~[m[K
[33.421s] [01m[K/ws/src/rae-ros/rae_camera/src/camera.cpp:58:55:[m[K [01;35m[Kwarning: [m[K‘[01m[Kdai::CameraBoardSocket::LEFT[m[K’ is deprecated [[01;35m[K-Wdeprecated-declarations[m[K]
[33.421s]    58 |  leftFront->setBoardSocket(dai::CameraBoardSocket::[01;35m[KLEFT[m[K);
[33.422s]       |                                                    [01;35m[K^~~~[m[K
[33.423s] 
[33.423s] In file included from [01m[K/usr/local/include/depthai/common/CameraBoardSocket.hpp:5[m[K,
[33.423s]                  from [01m[K/usr/local/include/depthai/device/DeviceBase.hpp:18[m[K,
[33.424s]                  from [01m[K/usr/local/include/depthai/device/Device.hpp:14[m[K,
[33.424s]                  from [01m[K/ws/src/rae-ros/rae_camera/src/camera.cpp:13[m[K:
[33.424s] [01m[K/usr/local/include/depthai-shared/common/CameraBoardSocket.hpp:25:5:[m[K [01;36m[Knote: [m[Kdeclared here
[33.424s]    25 |     [01;36m[KLEFT[m[K [[deprecated]] = CAM_B,
[33.425s]       |     [01;36m[K^~~~[m[K
[33.425s] [01m[K/ws/src/rae-ros/rae_camera/src/camera.cpp:58:55:[m[K [01;35m[Kwarning: [m[K‘[01m[Kdai::CameraBoardSocket::LEFT[m[K’ is deprecated [[01;35m[K-Wdeprecated-declarations[m[K]
[33.425s]    58 |  leftFront->setBoardSocket(dai::CameraBoardSocket::[01;35m[KLEFT[m[K);
[33.426s]       |                                                    [01;35m[K^~~~[m[K
[33.426s] 
[33.426s] In file included from [01m[K/usr/local/include/depthai/common/CameraBoardSocket.hpp:5[m[K,
[33.427s]                  from [01m[K/usr/local/include/depthai/device/DeviceBase.hpp:18[m[K,
[33.427s]                  from [01m[K/usr/local/include/depthai/device/Device.hpp:14[m[K,
[33.427s]                  from [01m[K/ws/src/rae-ros/rae_camera/src/camera.cpp:13[m[K:
[33.428s] [01m[K/usr/local/include/depthai-shared/common/CameraBoardSocket.hpp:25:5:[m[K [01;36m[Knote: [m[Kdeclared here
[33.428s]    25 |     [01;36m[KLEFT[m[K [[deprecated]] = CAM_B,
[33.428s]       |     [01;36m[K^~~~[m[K
[33.429s] [01m[K/ws/src/rae-ros/rae_camera/src/camera.cpp:60:56:[m[K [01;35m[Kwarning: [m[K‘[01m[Kdai::CameraBoardSocket::RIGHT[m[K’ is deprecated [[01;35m[K-Wdeprecated-declarations[m[K]
[33.429s]    60 | ightFront->setBoardSocket(dai::CameraBoardSocket::[01;35m[KRIGHT[m[K);
[33.429s]       |                                                   [01;35m[K^~~~~[m[K
[33.430s] 
[33.430s] In file included from [01m[K/usr/local/include/depthai/common/CameraBoardSocket.hpp:5[m[K,
[33.430s]                  from [01m[K/usr/local/include/depthai/device/DeviceBase.hpp:18[m[K,
[33.431s]                  from [01m[K/usr/local/include/depthai/device/Device.hpp:14[m[K,
[33.431s]                  from [01m[K/ws/src/rae-ros/rae_camera/src/camera.cpp:13[m[K:
[33.431s] [01m[K/usr/local/include/depthai-shared/common/CameraBoardSocket.hpp:26:5:[m[K [01;36m[Knote: [m[Kdeclared here
[33.432s]    26 |     [01;36m[KRIGHT[m[K [[deprecated]] = CAM_C,
[33.432s]       |     [01;36m[K^~~~~[m[K
[33.432s] [01m[K/ws/src/rae-ros/rae_camera/src/camera.cpp:60:56:[m[K [01;35m[Kwarning: [m[K‘[01m[Kdai::CameraBoardSocket::RIGHT[m[K’ is deprecated [[01;35m[K-Wdeprecated-declarations[m[K]
[33.433s]    60 | ightFront->setBoardSocket(dai::CameraBoardSocket::[01;35m[KRIGHT[m[K);
[33.433s]       |                                                   [01;35m[K^~~~~[m[K
[33.433s] 
[33.434s] In file included from [01m[K/usr/local/include/depthai/common/CameraBoardSocket.hpp:5[m[K,
[33.434s]                  from [01m[K/usr/local/include/depthai/device/DeviceBase.hpp:18[m[K,
[33.434s]                  from [01m[K/usr/local/include/depthai/device/Device.hpp:14[m[K,
[33.435s]                  from [01m[K/ws/src/rae-ros/rae_camera/src/camera.cpp:13[m[K:
[33.435s] [01m[K/usr/local/include/depthai-shared/common/CameraBoardSocket.hpp:26:5:[m[K [01;36m[Knote: [m[Kdeclared here
[33.435s]    26 |     [01;36m[KRIGHT[m[K [[deprecated]] = CAM_C,
[33.435s]       |     [01;36m[K^~~~~[m[K
[33.516s] [01m[K/ws/src/rae-ros/rae_camera/src/camera.cpp:[m[K In function ‘[01m[Kint main(int, char**)[m[K’:
[33.517s] [01m[K/ws/src/rae-ros/rae_camera/src/camera.cpp:198:135:[m[K [01;35m[Kwarning: [m[K‘[01m[Kdai::CameraBoardSocket::RIGHT[m[K’ is deprecated [[01;35m[K-Wdeprecated-declarations[m[K]
[33.517s]   198 | o(calibrationHandler, dai::CameraBoardSocket::[01;35m[KRIGHT[m[K, width, height);;
[33.517s]       |                                               [01;35m[K^~~~~[m[K
[33.518s] 
[33.518s] In file included from [01m[K/usr/local/include/depthai/common/CameraBoardSocket.hpp:5[m[K,
[33.518s]                  from [01m[K/usr/local/include/depthai/device/DeviceBase.hpp:18[m[K,
[33.519s]                  from [01m[K/usr/local/include/depthai/device/Device.hpp:14[m[K,
[33.519s]                  from [01m[K/ws/src/rae-ros/rae_camera/src/camera.cpp:13[m[K:
[33.519s] [01m[K/usr/local/include/depthai-shared/common/CameraBoardSocket.hpp:26:5:[m[K [01;36m[Knote: [m[Kdeclared here
[33.520s]    26 |     [01;36m[KRIGHT[m[K [[deprecated]] = CAM_C,
[33.520s]       |     [01;36m[K^~~~~[m[K
[33.520s] [01m[K/ws/src/rae-ros/rae_camera/src/camera.cpp:198:135:[m[K [01;35m[Kwarning: [m[K‘[01m[Kdai::CameraBoardSocket::RIGHT[m[K’ is deprecated [[01;35m[K-Wdeprecated-declarations[m[K]
[33.521s]   198 | o(calibrationHandler, dai::CameraBoardSocket::[01;35m[KRIGHT[m[K, width, height);;
[33.521s]       |                                               [01;35m[K^~~~~[m[K
[33.521s] 
[33.522s] In file included from [01m[K/usr/local/include/depthai/common/CameraBoardSocket.hpp:5[m[K,
[33.522s]                  from [01m[K/usr/local/include/depthai/device/DeviceBase.hpp:18[m[K,
[33.522s]                  from [01m[K/usr/local/include/depthai/device/Device.hpp:14[m[K,
[33.523s]                  from [01m[K/ws/src/rae-ros/rae_camera/src/camera.cpp:13[m[K:
[33.523s] [01m[K/usr/local/include/depthai-shared/common/CameraBoardSocket.hpp:26:5:[m[K [01;36m[Knote: [m[Kdeclared here
[33.523s]    26 |     [01;36m[KRIGHT[m[K [[deprecated]] = CAM_C,
[33.524s]       |     [01;36m[K^~~~~[m[K
[70.544s] [100%] [32m[1mLinking CXX executable camera[0m
[73.214s] [100%] Built target camera
[73.319s] Invoked command in '/ws/build/rae_camera' returned '0': CMAKE_PREFIX_PATH=${CMAKE_PREFIX_PATH}:/underlay_ws/install/gst_pipeline:/opt/ros/humble /usr/bin/cmake --build /ws/build/rae_camera -- -j12 -l12
[74.318s] Invoking command in '/ws/build/rae_camera': CMAKE_PREFIX_PATH=${CMAKE_PREFIX_PATH}:/underlay_ws/install/gst_pipeline:/opt/ros/humble /usr/bin/cmake --install /ws/build/rae_camera
[74.421s] -- Install configuration: ""
[74.427s] -- Installing: /ws/install/rae_camera/lib/rae_camera/camera
[74.445s] -- Set runtime path of "/ws/install/rae_camera/lib/rae_camera/camera" to "/underlay_ws/install/depthai_bridge/lib:/opt/ros/humble/lib/aarch64-linux-gnu:/opt/ros/humble/lib:/underlay_ws/install/depthai_ros_msgs/lib:/usr/local/lib"
[74.446s] -- Up-to-date: /ws/install/rae_camera/lib/rae_camera/stereo_depth
[74.447s] -- Up-to-date: /ws/install/rae_camera/lib/rae_camera/stereo_pair
[74.448s] -- Up-to-date: /ws/install/rae_camera/lib/rae_camera/yolo
[74.449s] -- Up-to-date: /ws/install/rae_camera/lib/rae_camera/perception_ipc_rtabmap
[74.450s] -- Up-to-date: /ws/install/rae_camera/share/rae_camera/launch
[74.451s] -- Up-to-date: /ws/install/rae_camera/share/rae_camera/launch/rae_camera.launch.py
[74.451s] -- Up-to-date: /ws/install/rae_camera/share/rae_camera/launch/perception_ipc.launch.py
[74.452s] -- Up-to-date: /ws/install/rae_camera/share/rae_camera/config
[74.453s] -- Up-to-date: /ws/install/rae_camera/share/rae_camera/config/laserscan_kinect.yaml
[74.453s] -- Installing: /ws/install/rae_camera/share/rae_camera/config/camera.yaml
[74.453s] -- Up-to-date: /ws/install/rae_camera/share/rae_camera/config/ipc.yaml
[74.454s] -- Up-to-date: /ws/install/rae_camera/share/rae_camera/config/cal.json
[74.455s] -- Up-to-date: /ws/install/rae_camera/share/rae_camera/config/yolo.json
[74.455s] -- Up-to-date: /ws/install/rae_camera/share/ament_index/resource_index/package_run_dependencies/rae_camera
[74.455s] -- Up-to-date: /ws/install/rae_camera/share/ament_index/resource_index/parent_prefix_path/rae_camera
[74.456s] -- Up-to-date: /ws/install/rae_camera/share/rae_camera/environment/ament_prefix_path.sh
[74.456s] -- Up-to-date: /ws/install/rae_camera/share/rae_camera/environment/ament_prefix_path.dsv
[74.457s] -- Up-to-date: /ws/install/rae_camera/share/rae_camera/environment/path.sh
[74.457s] -- Up-to-date: /ws/install/rae_camera/share/rae_camera/environment/path.dsv
[74.458s] -- Up-to-date: /ws/install/rae_camera/share/rae_camera/local_setup.bash
[74.458s] -- Up-to-date: /ws/install/rae_camera/share/rae_camera/local_setup.sh
[74.458s] -- Up-to-date: /ws/install/rae_camera/share/rae_camera/local_setup.zsh
[74.459s] -- Up-to-date: /ws/install/rae_camera/share/rae_camera/local_setup.dsv
[74.459s] -- Installing: /ws/install/rae_camera/share/rae_camera/package.dsv
[74.460s] -- Up-to-date: /ws/install/rae_camera/share/ament_index/resource_index/packages/rae_camera
[74.460s] -- Up-to-date: /ws/install/rae_camera/share/rae_camera/cmake/ament_cmake_export_include_directories-extras.cmake
[74.461s] -- Up-to-date: /ws/install/rae_camera/share/rae_camera/cmake/ament_cmake_export_dependencies-extras.cmake
[74.462s] -- Up-to-date: /ws/install/rae_camera/share/rae_camera/cmake/rae_cameraConfig.cmake
[74.462s] -- Up-to-date: /ws/install/rae_camera/share/rae_camera/cmake/rae_cameraConfig-version.cmake
[74.463s] -- Up-to-date: /ws/install/rae_camera/share/rae_camera/package.xml
[74.463s] -- Up-to-date: /ws/install/rae_camera/include/xtl/xany.hpp
[74.463s] -- Up-to-date: /ws/install/rae_camera/include/xtl/xbasic_fixed_string.hpp
[74.464s] -- Up-to-date: /ws/install/rae_camera/include/xtl/xbase64.hpp
[74.464s] -- Up-to-date: /ws/install/rae_camera/include/xtl/xclosure.hpp
[74.464s] -- Up-to-date: /ws/install/rae_camera/include/xtl/xcomplex.hpp
[74.465s] -- Up-to-date: /ws/install/rae_camera/include/xtl/xcomplex_sequence.hpp
[74.465s] -- Up-to-date: /ws/install/rae_camera/include/xtl/xspan.hpp
[74.465s] -- Up-to-date: /ws/install/rae_camera/include/xtl/xspan_impl.hpp
[74.466s] -- Up-to-date: /ws/install/rae_camera/include/xtl/xdynamic_bitset.hpp
[74.466s] -- Up-to-date: /ws/install/rae_camera/include/xtl/xfunctional.hpp
[74.467s] -- Up-to-date: /ws/install/rae_camera/include/xtl/xhalf_float.hpp
[74.468s] -- Up-to-date: /ws/install/rae_camera/include/xtl/xhalf_float_impl.hpp
[74.470s] -- Up-to-date: /ws/install/rae_camera/include/xtl/xhash.hpp
[74.470s] -- Up-to-date: /ws/install/rae_camera/include/xtl/xhierarchy_generator.hpp
[74.471s] -- Up-to-date: /ws/install/rae_camera/include/xtl/xiterator_base.hpp
[74.471s] -- Up-to-date: /ws/install/rae_camera/include/xtl/xjson.hpp
[74.472s] -- Up-to-date: /ws/install/rae_camera/include/xtl/xmasked_value_meta.hpp
[74.472s] -- Up-to-date: /ws/install/rae_camera/include/xtl/xmasked_value.hpp
[74.472s] -- Up-to-date: /ws/install/rae_camera/include/xtl/xmeta_utils.hpp
[74.473s] -- Up-to-date: /ws/install/rae_camera/include/xtl/xmultimethods.hpp
[74.473s] -- Up-to-date: /ws/install/rae_camera/include/xtl/xoptional_meta.hpp
[74.473s] -- Up-to-date: /ws/install/rae_camera/include/xtl/xoptional.hpp
[74.474s] -- Up-to-date: /ws/install/rae_camera/include/xtl/xoptional_sequence.hpp
[74.474s] -- Up-to-date: /ws/install/rae_camera/include/xtl/xplatform.hpp
[74.474s] -- Up-to-date: /ws/install/rae_camera/include/xtl/xproxy_wrapper.hpp
[74.475s] -- Up-to-date: /ws/install/rae_camera/include/xtl/xsequence.hpp
[74.475s] -- Up-to-date: /ws/install/rae_camera/include/xtl/xsystem.hpp
[74.475s] -- Up-to-date: /ws/install/rae_camera/include/xtl/xtl_config.hpp
[74.476s] -- Up-to-date: /ws/install/rae_camera/include/xtl/xtype_traits.hpp
[74.476s] -- Up-to-date: /ws/install/rae_camera/include/xtl/xvariant.hpp
[74.476s] -- Up-to-date: /ws/install/rae_camera/include/xtl/xvariant_impl.hpp
[74.477s] -- Up-to-date: /ws/install/rae_camera/include/xtl/xvisitor.hpp
[74.477s] -- Up-to-date: /ws/install/rae_camera/share/cmake/xtl/xtlConfig.cmake
[74.477s] -- Up-to-date: /ws/install/rae_camera/share/cmake/xtl/xtlConfigVersion.cmake
[74.478s] -- Up-to-date: /ws/install/rae_camera/share/cmake/xtl/xtlTargets.cmake
[74.478s] -- Up-to-date: /ws/install/rae_camera/share/pkgconfig/xtl.pc
[74.478s] -- Up-to-date: /ws/install/rae_camera/include/xtensor/xaccessible.hpp
[74.479s] -- Up-to-date: /ws/install/rae_camera/include/xtensor/xaccumulator.hpp
[74.479s] -- Up-to-date: /ws/install/rae_camera/include/xtensor/xadapt.hpp
[74.479s] -- Up-to-date: /ws/install/rae_camera/include/xtensor/xarray.hpp
[74.480s] -- Up-to-date: /ws/install/rae_camera/include/xtensor/xassign.hpp
[74.480s] -- Up-to-date: /ws/install/rae_camera/include/xtensor/xaxis_iterator.hpp
[74.480s] -- Up-to-date: /ws/install/rae_camera/include/xtensor/xaxis_slice_iterator.hpp
[74.481s] -- Up-to-date: /ws/install/rae_camera/include/xtensor/xblockwise_reducer.hpp
[74.481s] -- Up-to-date: /ws/install/rae_camera/include/xtensor/xblockwise_reducer_functors.hpp
[74.481s] -- Up-to-date: /ws/install/rae_camera/include/xtensor/xbroadcast.hpp
[74.517s] -- Up-to-date: /ws/install/rae_camera/include/xtensor/xbuffer_adaptor.hpp
[74.518s] -- Up-to-date: /ws/install/rae_camera/include/xtensor/xbuilder.hpp
[74.519s] -- Up-to-date: /ws/install/rae_camera/include/xtensor/xchunked_array.hpp
[74.519s] -- Up-to-date: /ws/install/rae_camera/include/xtensor/xchunked_assign.hpp
[74.519s] -- Up-to-date: /ws/install/rae_camera/include/xtensor/xchunked_view.hpp
[74.520s] -- Up-to-date: /ws/install/rae_camera/include/xtensor/xcomplex.hpp
[74.520s] -- Up-to-date: /ws/install/rae_camera/include/xtensor/xcontainer.hpp
[74.520s] -- Up-to-date: /ws/install/rae_camera/include/xtensor/xcsv.hpp
[74.521s] -- Up-to-date: /ws/install/rae_camera/include/xtensor/xdynamic_view.hpp
[74.521s] -- Up-to-date: /ws/install/rae_camera/include/xtensor/xeval.hpp
[74.521s] -- Up-to-date: /ws/install/rae_camera/include/xtensor/xexception.hpp
[74.522s] -- Up-to-date: /ws/install/rae_camera/include/xtensor/xexpression.hpp
[74.522s] -- Up-to-date: /ws/install/rae_camera/include/xtensor/xexpression_holder.hpp
[74.522s] -- Up-to-date: /ws/install/rae_camera/include/xtensor/xexpression_traits.hpp
[74.523s] -- Up-to-date: /ws/install/rae_camera/include/xtensor/xfixed.hpp
[74.523s] -- Up-to-date: /ws/install/rae_camera/include/xtensor/xfunction.hpp
[74.523s] -- Up-to-date: /ws/install/rae_camera/include/xtensor/xfunctor_view.hpp
[74.524s] -- Up-to-date: /ws/install/rae_camera/include/xtensor/xgenerator.hpp
[74.524s] -- Up-to-date: /ws/install/rae_camera/include/xtensor/xhistogram.hpp
[74.524s] -- Up-to-date: /ws/install/rae_camera/include/xtensor/xindex_view.hpp
[74.525s] -- Up-to-date: /ws/install/rae_camera/include/xtensor/xinfo.hpp
[74.525s] -- Up-to-date: /ws/install/rae_camera/include/xtensor/xio.hpp
[74.525s] -- Up-to-date: /ws/install/rae_camera/include/xtensor/xiterable.hpp
[74.526s] -- Up-to-date: /ws/install/rae_camera/include/xtensor/xiterator.hpp
[74.526s] -- Up-to-date: /ws/install/rae_camera/include/xtensor/xjson.hpp
[74.526s] -- Up-to-date: /ws/install/rae_camera/include/xtensor/xlayout.hpp
[74.527s] -- Up-to-date: /ws/install/rae_camera/include/xtensor/xmanipulation.hpp
[74.527s] -- Up-to-date: /ws/install/rae_camera/include/xtensor/xmasked_view.hpp
[74.527s] -- Up-to-date: /ws/install/rae_camera/include/xtensor/xmath.hpp
[74.528s] -- Up-to-date: /ws/install/rae_camera/include/xtensor/xmime.hpp
[74.528s] -- Up-to-date: /ws/install/rae_camera/include/xtensor/xmultiindex_iterator.hpp
[74.528s] -- Up-to-date: /ws/install/rae_camera/include/xtensor/xnoalias.hpp
[74.529s] -- Up-to-date: /ws/install/rae_camera/include/xtensor/xnorm.hpp
[74.529s] -- Up-to-date: /ws/install/rae_camera/include/xtensor/xnpy.hpp
[74.529s] -- Up-to-date: /ws/install/rae_camera/include/xtensor/xoffset_view.hpp
[74.530s] -- Up-to-date: /ws/install/rae_camera/include/xtensor/xoperation.hpp
[74.530s] -- Up-to-date: /ws/install/rae_camera/include/xtensor/xoptional.hpp
[74.530s] -- Up-to-date: /ws/install/rae_camera/include/xtensor/xoptional_assembly.hpp
[74.531s] -- Up-to-date: /ws/install/rae_camera/include/xtensor/xoptional_assembly_base.hpp
[74.531s] -- Up-to-date: /ws/install/rae_camera/include/xtensor/xoptional_assembly_storage.hpp
[74.531s] -- Up-to-date: /ws/install/rae_camera/include/xtensor/xpad.hpp
[74.532s] -- Up-to-date: /ws/install/rae_camera/include/xtensor/xrandom.hpp
[74.532s] -- Up-to-date: /ws/install/rae_camera/include/xtensor/xreducer.hpp
[74.532s] -- Up-to-date: /ws/install/rae_camera/include/xtensor/xrepeat.hpp
[74.533s] -- Up-to-date: /ws/install/rae_camera/include/xtensor/xscalar.hpp
[74.533s] -- Up-to-date: /ws/install/rae_camera/include/xtensor/xsemantic.hpp
[74.533s] -- Up-to-date: /ws/install/rae_camera/include/xtensor/xset_operation.hpp
[74.534s] -- Up-to-date: /ws/install/rae_camera/include/xtensor/xshape.hpp
[74.534s] -- Up-to-date: /ws/install/rae_camera/include/xtensor/xslice.hpp
[74.534s] -- Up-to-date: /ws/install/rae_camera/include/xtensor/xsort.hpp
[74.535s] -- Up-to-date: /ws/install/rae_camera/include/xtensor/xstorage.hpp
[74.535s] -- Up-to-date: /ws/install/rae_camera/include/xtensor/xstrided_view.hpp
[74.535s] -- Up-to-date: /ws/install/rae_camera/include/xtensor/xstrided_view_base.hpp
[74.536s] -- Up-to-date: /ws/install/rae_camera/include/xtensor/xstrides.hpp
[74.536s] -- Up-to-date: /ws/install/rae_camera/include/xtensor/xtensor.hpp
[74.536s] -- Up-to-date: /ws/install/rae_camera/include/xtensor/xtensor_config.hpp
[74.537s] -- Up-to-date: /ws/install/rae_camera/include/xtensor/xtensor_forward.hpp
[74.537s] -- Up-to-date: /ws/install/rae_camera/include/xtensor/xtensor_simd.hpp
[74.537s] -- Up-to-date: /ws/install/rae_camera/include/xtensor/xutils.hpp
[74.538s] -- Up-to-date: /ws/install/rae_camera/include/xtensor/xvectorize.hpp
[74.538s] -- Up-to-date: /ws/install/rae_camera/include/xtensor/xview.hpp
[74.538s] -- Up-to-date: /ws/install/rae_camera/include/xtensor/xview_utils.hpp
[74.539s] -- Up-to-date: /ws/install/rae_camera/lib/cmake/xtensor/xtensorConfig.cmake
[74.539s] -- Up-to-date: /ws/install/rae_camera/lib/cmake/xtensor/xtensorConfigVersion.cmake
[74.539s] -- Up-to-date: /ws/install/rae_camera/lib/cmake/xtensor/xtensorTargets.cmake
[74.540s] -- Up-to-date: /ws/install/rae_camera/lib/pkgconfig/xtensor.pc
[74.540s] -- Up-to-date: /ws/install/rae_camera/include/xtensor.hpp
[74.541s] Invoked command in '/ws/build/rae_camera' returned '0': CMAKE_PREFIX_PATH=${CMAKE_PREFIX_PATH}:/underlay_ws/install/gst_pipeline:/opt/ros/humble /usr/bin/cmake --install /ws/build/rae_camera
