[4.459s] DEBUG:colcon:Command line arguments: ['/usr/bin/colcon', 'build', '--packages-select', 'rae_camera']
[4.460s] DEBUG:colcon:Parsed command line arguments: Namespace(log_base=None, log_level=None, verb_name='build', build_base='build', install_base='install', merge_install=False, symlink_install=False, test_result_base=None, continue_on_error=False, executor='parallel', parallel_workers=12, event_handlers=None, ignore_user_meta=False, metas=['./colcon.meta'], base_paths=['.'], packages_ignore=None, packages_ignore_regex=None, paths=None, packages_up_to=None, packages_up_to_regex=None, packages_above=None, packages_above_and_dependencies=None, packages_above_depth=None, packages_select_by_dep=None, packages_skip_by_dep=None, packages_skip_up_to=None, packages_select_build_failed=False, packages_skip_build_finished=False, packages_select_test_failures=False, packages_skip_test_passed=False, packages_select=['rae_camera'], packages_skip=None, packages_select_regex=None, packages_skip_regex=None, packages_start=None, packages_end=None, cmake_args=None, cmake_target=None, cmake_target_skip_unavailable=False, cmake_clean_cache=False, cmake_clean_first=False, cmake_force_configure=False, ament_cmake_args=None, catkin_cmake_args=None, catkin_skip_building_tests=False, verb_parser=<colcon_defaults.argument_parser.defaults.DefaultArgumentsDecorator object at 0x55047798a0>, verb_extension=<colcon_core.verb.build.BuildVerb object at 0x5504779840>, main=<bound method BuildVerb.main of <colcon_core.verb.build.BuildVerb object at 0x5504779840>>)
[4.674s] Level 1:colcon.colcon_core.package_discovery:discover_packages(colcon_meta) check parameters
[4.674s] Level 1:colcon.colcon_core.package_discovery:discover_packages(recursive) check parameters
[4.675s] Level 1:colcon.colcon_core.package_discovery:discover_packages(ignore) check parameters
[4.675s] Level 1:colcon.colcon_core.package_discovery:discover_packages(path) check parameters
[4.675s] Level 1:colcon.colcon_core.package_discovery:discover_packages(colcon_meta) discover
[4.675s] Level 1:colcon.colcon_core.package_discovery:discover_packages(recursive) discover
[4.675s] INFO:colcon.colcon_core.package_discovery:Crawling recursively for packages in '/ws'
[4.676s] Level 1:colcon.colcon_core.package_identification:_identify(.) by extensions ['ignore', 'ignore_ament_install']
[4.677s] Level 1:colcon.colcon_core.package_identification:_identify(.) by extension 'ignore'
[4.678s] Level 1:colcon.colcon_core.package_identification:_identify(.) by extension 'ignore_ament_install'
[4.678s] Level 1:colcon.colcon_core.package_identification:_identify(.) by extensions ['colcon_pkg']
[4.678s] Level 1:colcon.colcon_core.package_identification:_identify(.) by extension 'colcon_pkg'
[4.678s] Level 1:colcon.colcon_core.package_identification:_identify(.) by extensions ['colcon_meta']
[4.679s] Level 1:colcon.colcon_core.package_identification:_identify(.) by extension 'colcon_meta'
[4.679s] Level 1:colcon.colcon_core.package_identification:_identify(.) by extensions ['ros']
[4.679s] Level 1:colcon.colcon_core.package_identification:_identify(.) by extension 'ros'
[4.732s] Level 1:colcon.colcon_core.package_identification:_identify(.) by extensions ['cmake', 'python']
[4.733s] Level 1:colcon.colcon_core.package_identification:_identify(.) by extension 'cmake'
[4.733s] Level 1:colcon.colcon_core.package_identification:_identify(.) by extension 'python'
[4.733s] Level 1:colcon.colcon_core.package_identification:_identify(.) by extensions ['python_setup_py']
[4.733s] Level 1:colcon.colcon_core.package_identification:_identify(.) by extension 'python_setup_py'
[4.734s] Level 1:colcon.colcon_core.package_identification:_identify(build) by extensions ['ignore', 'ignore_ament_install']
[4.734s] Level 1:colcon.colcon_core.package_identification:_identify(build) by extension 'ignore'
[4.735s] Level 1:colcon.colcon_core.package_identification:_identify(build) ignored
[4.735s] Level 1:colcon.colcon_core.package_identification:_identify(install) by extensions ['ignore', 'ignore_ament_install']
[4.736s] Level 1:colcon.colcon_core.package_identification:_identify(install) by extension 'ignore'
[4.736s] Level 1:colcon.colcon_core.package_identification:_identify(install) ignored
[4.737s] Level 1:colcon.colcon_core.package_identification:_identify(log) by extensions ['ignore', 'ignore_ament_install']
[4.738s] Level 1:colcon.colcon_core.package_identification:_identify(log) by extension 'ignore'
[4.738s] Level 1:colcon.colcon_core.package_identification:_identify(log) ignored
[4.738s] Level 1:colcon.colcon_core.package_identification:_identify(src) by extensions ['ignore', 'ignore_ament_install']
[4.739s] Level 1:colcon.colcon_core.package_identification:_identify(src) by extension 'ignore'
[4.739s] Level 1:colcon.colcon_core.package_identification:_identify(src) by extension 'ignore_ament_install'
[4.739s] Level 1:colcon.colcon_core.package_identification:_identify(src) by extensions ['colcon_pkg']
[4.740s] Level 1:colcon.colcon_core.package_identification:_identify(src) by extension 'colcon_pkg'
[4.740s] Level 1:colcon.colcon_core.package_identification:_identify(src) by extensions ['colcon_meta']
[4.740s] Level 1:colcon.colcon_core.package_identification:_identify(src) by extension 'colcon_meta'
[4.740s] Level 1:colcon.colcon_core.package_identification:_identify(src) by extensions ['ros']
[4.740s] Level 1:colcon.colcon_core.package_identification:_identify(src) by extension 'ros'
[4.741s] Level 1:colcon.colcon_core.package_identification:_identify(src) by extensions ['cmake', 'python']
[4.741s] Level 1:colcon.colcon_core.package_identification:_identify(src) by extension 'cmake'
[4.741s] Level 1:colcon.colcon_core.package_identification:_identify(src) by extension 'python'
[4.741s] Level 1:colcon.colcon_core.package_identification:_identify(src) by extensions ['python_setup_py']
[4.742s] Level 1:colcon.colcon_core.package_identification:_identify(src) by extension 'python_setup_py'
[4.742s] Level 1:colcon.colcon_core.package_identification:_identify(src/rae-ros) by extensions ['ignore', 'ignore_ament_install']
[4.742s] Level 1:colcon.colcon_core.package_identification:_identify(src/rae-ros) by extension 'ignore'
[4.743s] Level 1:colcon.colcon_core.package_identification:_identify(src/rae-ros) by extension 'ignore_ament_install'
[4.743s] Level 1:colcon.colcon_core.package_identification:_identify(src/rae-ros) by extensions ['colcon_pkg']
[4.743s] Level 1:colcon.colcon_core.package_identification:_identify(src/rae-ros) by extension 'colcon_pkg'
[4.743s] Level 1:colcon.colcon_core.package_identification:_identify(src/rae-ros) by extensions ['colcon_meta']
[4.744s] Level 1:colcon.colcon_core.package_identification:_identify(src/rae-ros) by extension 'colcon_meta'
[4.744s] Level 1:colcon.colcon_core.package_identification:_identify(src/rae-ros) by extensions ['ros']
[4.744s] Level 1:colcon.colcon_core.package_identification:_identify(src/rae-ros) by extension 'ros'
[4.744s] Level 1:colcon.colcon_core.package_identification:_identify(src/rae-ros) by extensions ['cmake', 'python']
[4.745s] Level 1:colcon.colcon_core.package_identification:_identify(src/rae-ros) by extension 'cmake'
[4.745s] Level 1:colcon.colcon_core.package_identification:_identify(src/rae-ros) by extension 'python'
[4.745s] Level 1:colcon.colcon_core.package_identification:_identify(src/rae-ros) by extensions ['python_setup_py']
[4.745s] Level 1:colcon.colcon_core.package_identification:_identify(src/rae-ros) by extension 'python_setup_py'
[4.746s] Level 1:colcon.colcon_core.package_identification:_identify(src/rae-ros/build) by extensions ['ignore', 'ignore_ament_install']
[4.746s] Level 1:colcon.colcon_core.package_identification:_identify(src/rae-ros/build) by extension 'ignore'
[4.746s] Level 1:colcon.colcon_core.package_identification:_identify(src/rae-ros/build) ignored
[4.747s] Level 1:colcon.colcon_core.package_identification:_identify(src/rae-ros/install) by extensions ['ignore', 'ignore_ament_install']
[4.747s] Level 1:colcon.colcon_core.package_identification:_identify(src/rae-ros/install) by extension 'ignore'
[4.747s] Level 1:colcon.colcon_core.package_identification:_identify(src/rae-ros/install) ignored
[4.748s] Level 1:colcon.colcon_core.package_identification:_identify(src/rae-ros/log) by extensions ['ignore', 'ignore_ament_install']
[4.748s] Level 1:colcon.colcon_core.package_identification:_identify(src/rae-ros/log) by extension 'ignore'
[4.748s] Level 1:colcon.colcon_core.package_identification:_identify(src/rae-ros/log) ignored
[4.748s] Level 1:colcon.colcon_core.package_identification:_identify(src/rae-ros/rae_bringup) by extensions ['ignore', 'ignore_ament_install']
[4.749s] Level 1:colcon.colcon_core.package_identification:_identify(src/rae-ros/rae_bringup) by extension 'ignore'
[4.749s] Level 1:colcon.colcon_core.package_identification:_identify(src/rae-ros/rae_bringup) by extension 'ignore_ament_install'
[4.749s] Level 1:colcon.colcon_core.package_identification:_identify(src/rae-ros/rae_bringup) by extensions ['colcon_pkg']
[4.750s] Level 1:colcon.colcon_core.package_identification:_identify(src/rae-ros/rae_bringup) by extension 'colcon_pkg'
[4.750s] Level 1:colcon.colcon_core.package_identification:_identify(src/rae-ros/rae_bringup) by extensions ['colcon_meta']
[4.750s] Level 1:colcon.colcon_core.package_identification:_identify(src/rae-ros/rae_bringup) by extension 'colcon_meta'
[4.750s] Level 1:colcon.colcon_core.package_identification:_identify(src/rae-ros/rae_bringup) by extensions ['ros']
[4.750s] Level 1:colcon.colcon_core.package_identification:_identify(src/rae-ros/rae_bringup) by extension 'ros'
[4.769s] DEBUG:colcon.colcon_core.package_identification:Package 'src/rae-ros/rae_bringup' with type 'ros.ament_cmake' and name 'rae_bringup'
[4.770s] Level 1:colcon.colcon_core.package_identification:_identify(src/rae-ros/rae_camera) by extensions ['ignore', 'ignore_ament_install']
[4.770s] Level 1:colcon.colcon_core.package_identification:_identify(src/rae-ros/rae_camera) by extension 'ignore'
[4.770s] Level 1:colcon.colcon_core.package_identification:_identify(src/rae-ros/rae_camera) by extension 'ignore_ament_install'
[4.771s] Level 1:colcon.colcon_core.package_identification:_identify(src/rae-ros/rae_camera) by extensions ['colcon_pkg']
[4.771s] Level 1:colcon.colcon_core.package_identification:_identify(src/rae-ros/rae_camera) by extension 'colcon_pkg'
[4.771s] Level 1:colcon.colcon_core.package_identification:_identify(src/rae-ros/rae_camera) by extensions ['colcon_meta']
[4.771s] Level 1:colcon.colcon_core.package_identification:_identify(src/rae-ros/rae_camera) by extension 'colcon_meta'
[4.771s] Level 1:colcon.colcon_core.package_identification:_identify(src/rae-ros/rae_camera) by extensions ['ros']
[4.772s] Level 1:colcon.colcon_core.package_identification:_identify(src/rae-ros/rae_camera) by extension 'ros'
[4.784s] DEBUG:colcon.colcon_core.package_identification:Package 'src/rae-ros/rae_camera' with type 'ros.ament_cmake' and name 'rae_camera'
[4.785s] Level 1:colcon.colcon_core.package_identification:_identify(src/rae-ros/rae_description) by extensions ['ignore', 'ignore_ament_install']
[4.785s] Level 1:colcon.colcon_core.package_identification:_identify(src/rae-ros/rae_description) by extension 'ignore'
[4.785s] Level 1:colcon.colcon_core.package_identification:_identify(src/rae-ros/rae_description) by extension 'ignore_ament_install'
[4.786s] Level 1:colcon.colcon_core.package_identification:_identify(src/rae-ros/rae_description) by extensions ['colcon_pkg']
[4.786s] Level 1:colcon.colcon_core.package_identification:_identify(src/rae-ros/rae_description) by extension 'colcon_pkg'
[4.786s] Level 1:colcon.colcon_core.package_identification:_identify(src/rae-ros/rae_description) by extensions ['colcon_meta']
[4.786s] Level 1:colcon.colcon_core.package_identification:_identify(src/rae-ros/rae_description) by extension 'colcon_meta'
[4.787s] Level 1:colcon.colcon_core.package_identification:_identify(src/rae-ros/rae_description) by extensions ['ros']
[4.787s] Level 1:colcon.colcon_core.package_identification:_identify(src/rae-ros/rae_description) by extension 'ros'
[4.789s] DEBUG:colcon.colcon_core.package_identification:Package 'src/rae-ros/rae_description' with type 'ros.ament_cmake' and name 'rae_description'
[4.789s] Level 1:colcon.colcon_core.package_identification:_identify(src/rae-ros/rae_hw) by extensions ['ignore', 'ignore_ament_install']
[4.790s] Level 1:colcon.colcon_core.package_identification:_identify(src/rae-ros/rae_hw) by extension 'ignore'
[4.790s] Level 1:colcon.colcon_core.package_identification:_identify(src/rae-ros/rae_hw) by extension 'ignore_ament_install'
[4.790s] Level 1:colcon.colcon_core.package_identification:_identify(src/rae-ros/rae_hw) by extensions ['colcon_pkg']
[4.791s] Level 1:colcon.colcon_core.package_identification:_identify(src/rae-ros/rae_hw) by extension 'colcon_pkg'
[4.791s] Level 1:colcon.colcon_core.package_identification:_identify(src/rae-ros/rae_hw) by extensions ['colcon_meta']
[4.791s] Level 1:colcon.colcon_core.package_identification:_identify(src/rae-ros/rae_hw) by extension 'colcon_meta'
[4.791s] Level 1:colcon.colcon_core.package_identification:_identify(src/rae-ros/rae_hw) by extensions ['ros']
[4.791s] Level 1:colcon.colcon_core.package_identification:_identify(src/rae-ros/rae_hw) by extension 'ros'
[4.803s] DEBUG:colcon.colcon_core.package_identification:Package 'src/rae-ros/rae_hw' with type 'ros.ament_cmake' and name 'rae_hw'
[4.804s] Level 1:colcon.colcon_core.package_identification:_identify(src/rae-ros/rae_msgs) by extensions ['ignore', 'ignore_ament_install']
[4.804s] Level 1:colcon.colcon_core.package_identification:_identify(src/rae-ros/rae_msgs) by extension 'ignore'
[4.805s] Level 1:colcon.colcon_core.package_identification:_identify(src/rae-ros/rae_msgs) by extension 'ignore_ament_install'
[4.805s] Level 1:colcon.colcon_core.package_identification:_identify(src/rae-ros/rae_msgs) by extensions ['colcon_pkg']
[4.805s] Level 1:colcon.colcon_core.package_identification:_identify(src/rae-ros/rae_msgs) by extension 'colcon_pkg'
[4.805s] Level 1:colcon.colcon_core.package_identification:_identify(src/rae-ros/rae_msgs) by extensions ['colcon_meta']
[4.805s] Level 1:colcon.colcon_core.package_identification:_identify(src/rae-ros/rae_msgs) by extension 'colcon_meta'
[4.806s] Level 1:colcon.colcon_core.package_identification:_identify(src/rae-ros/rae_msgs) by extensions ['ros']
[4.806s] Level 1:colcon.colcon_core.package_identification:_identify(src/rae-ros/rae_msgs) by extension 'ros'
[4.808s] DEBUG:colcon.colcon_core.package_identification:Package 'src/rae-ros/rae_msgs' with type 'ros.ament_cmake' and name 'rae_msgs'
[4.808s] Level 1:colcon.colcon_core.package_discovery:discover_packages(recursive) using defaults
[4.809s] Level 1:colcon.colcon_core.package_discovery:discover_packages(ignore) discover
[4.809s] Level 1:colcon.colcon_core.package_discovery:discover_packages(ignore) using defaults
[4.809s] Level 1:colcon.colcon_core.package_discovery:discover_packages(path) discover
[4.809s] Level 1:colcon.colcon_core.package_discovery:discover_packages(path) using defaults
[5.117s] INFO:colcon.colcon_core.package_selection:Skipping not selected package 'rae_bringup' in 'src/rae-ros/rae_bringup'
[5.117s] INFO:colcon.colcon_core.package_selection:Skipping not selected package 'rae_description' in 'src/rae-ros/rae_description'
[5.117s] INFO:colcon.colcon_core.package_selection:Skipping not selected package 'rae_msgs' in 'src/rae-ros/rae_msgs'
[5.117s] INFO:colcon.colcon_core.package_selection:Skipping not selected package 'rae_hw' in 'src/rae-ros/rae_hw'
[5.180s] Level 5:colcon.colcon_core.verb:set package 'rae_camera' build argument 'cmake_args' from command line to 'None'
[5.180s] Level 5:colcon.colcon_core.verb:set package 'rae_camera' build argument 'cmake_target' from command line to 'None'
[5.180s] Level 5:colcon.colcon_core.verb:set package 'rae_camera' build argument 'cmake_target_skip_unavailable' from command line to 'False'
[5.180s] Level 5:colcon.colcon_core.verb:set package 'rae_camera' build argument 'cmake_clean_cache' from command line to 'False'
[5.180s] Level 5:colcon.colcon_core.verb:set package 'rae_camera' build argument 'cmake_clean_first' from command line to 'False'
[5.181s] Level 5:colcon.colcon_core.verb:set package 'rae_camera' build argument 'cmake_force_configure' from command line to 'False'
[5.181s] Level 5:colcon.colcon_core.verb:set package 'rae_camera' build argument 'ament_cmake_args' from command line to 'None'
[5.181s] Level 5:colcon.colcon_core.verb:set package 'rae_camera' build argument 'catkin_cmake_args' from command line to 'None'
[5.181s] Level 5:colcon.colcon_core.verb:set package 'rae_camera' build argument 'catkin_skip_building_tests' from command line to 'False'
[5.181s] DEBUG:colcon.colcon_core.verb:Building package 'rae_camera' with the following arguments: {'ament_cmake_args': None, 'build_base': '/ws/build/rae_camera', 'catkin_cmake_args': None, 'catkin_skip_building_tests': False, 'cmake_args': None, 'cmake_clean_cache': False, 'cmake_clean_first': False, 'cmake_force_configure': False, 'cmake_target': None, 'cmake_target_skip_unavailable': False, 'install_base': '/ws/install/rae_camera', 'merge_install': False, 'path': '/ws/src/rae-ros/rae_camera', 'symlink_install': False, 'test_result_base': None}
[5.243s] INFO:colcon.colcon_core.executor:Executing jobs using 'parallel' executor
[5.325s] DEBUG:colcon.colcon_parallel_executor.executor.parallel:run_until_complete
[5.330s] INFO:colcon.colcon_ros.task.ament_cmake.build:Building ROS package in '/ws/src/rae-ros/rae_camera' with build type 'ament_cmake'
[5.331s] INFO:colcon.colcon_cmake.task.cmake.build:Building CMake package in '/ws/src/rae-ros/rae_camera'
[5.419s] INFO:colcon.colcon_core.plugin_system:Skipping extension 'colcon_core.shell.bat': Not used on non-Windows systems
[5.421s] INFO:colcon.colcon_core.shell:Skip shell extension 'powershell' for command environment: Not usable outside of PowerShell
[5.421s] DEBUG:colcon.colcon_core.shell:Skip shell extension 'dsv' for command environment
[5.766s] DEBUG:colcon.colcon_core.event_handler.log_command:Invoking command in '/ws/build/rae_camera': CMAKE_PREFIX_PATH=${CMAKE_PREFIX_PATH}:/underlay_ws/install/gst_pipeline:/opt/ros/humble /usr/bin/cmake --build /ws/build/rae_camera -- -j12 -l12
[78.656s] DEBUG:colcon.colcon_core.event_handler.log_command:Invoked command in '/ws/build/rae_camera' returned '0': CMAKE_PREFIX_PATH=${CMAKE_PREFIX_PATH}:/underlay_ws/install/gst_pipeline:/opt/ros/humble /usr/bin/cmake --build /ws/build/rae_camera -- -j12 -l12
[79.655s] DEBUG:colcon.colcon_core.event_handler.log_command:Invoking command in '/ws/build/rae_camera': CMAKE_PREFIX_PATH=${CMAKE_PREFIX_PATH}:/underlay_ws/install/gst_pipeline:/opt/ros/humble /usr/bin/cmake --install /ws/build/rae_camera
[79.819s] Level 1:colcon.colcon_core.environment:create_environment_scripts_only(rae_camera)
[79.877s] DEBUG:colcon.colcon_core.event_handler.log_command:Invoked command in '/ws/build/rae_camera' returned '0': CMAKE_PREFIX_PATH=${CMAKE_PREFIX_PATH}:/underlay_ws/install/gst_pipeline:/opt/ros/humble /usr/bin/cmake --install /ws/build/rae_camera
[79.915s] Level 1:colcon.colcon_core.environment:checking '/ws/install/rae_camera' for CMake module files
[79.917s] Level 1:colcon.colcon_core.environment:checking '/ws/install/rae_camera' for CMake config files
[79.919s] Level 1:colcon.colcon_core.shell:create_environment_hook('rae_camera', 'cmake_prefix_path')
[79.981s] INFO:colcon.colcon_core.shell:Creating environment hook '/ws/install/rae_camera/share/rae_camera/hook/cmake_prefix_path.ps1'
[79.984s] INFO:colcon.colcon_core.shell:Creating environment descriptor '/ws/install/rae_camera/share/rae_camera/hook/cmake_prefix_path.dsv'
[79.986s] INFO:colcon.colcon_core.shell:Creating environment hook '/ws/install/rae_camera/share/rae_camera/hook/cmake_prefix_path.sh'
[79.990s] Level 1:colcon.colcon_core.environment:checking '/ws/install/rae_camera/lib'
[79.991s] Level 1:colcon.colcon_core.environment:checking '/ws/install/rae_camera/bin'
[79.991s] Level 1:colcon.colcon_core.environment:checking '/ws/install/rae_camera/lib/pkgconfig/rae_camera.pc'
[79.997s] Level 1:colcon.colcon_core.environment:checking '/ws/install/rae_camera/lib/python3.10/site-packages'
[79.998s] Level 1:colcon.colcon_core.environment:checking '/ws/install/rae_camera/bin'
[80.061s] INFO:colcon.colcon_core.shell:Creating package script '/ws/install/rae_camera/share/rae_camera/package.ps1'
[80.064s] INFO:colcon.colcon_core.shell:Creating package descriptor '/ws/install/rae_camera/share/rae_camera/package.dsv'
[80.067s] INFO:colcon.colcon_core.shell:Creating package script '/ws/install/rae_camera/share/rae_camera/package.sh'
[80.070s] INFO:colcon.colcon_core.shell:Creating package script '/ws/install/rae_camera/share/rae_camera/package.bash'
[80.073s] INFO:colcon.colcon_core.shell:Creating package script '/ws/install/rae_camera/share/rae_camera/package.zsh'
[80.076s] Level 1:colcon.colcon_core.environment:create_file_with_runtime_dependencies(/ws/install/rae_camera/share/colcon-core/packages/rae_camera)
[80.946s] Level 1:colcon.colcon_core.environment:create_environment_scripts_only(rae_camera)
[81.013s] Level 1:colcon.colcon_core.environment:checking '/ws/install/rae_camera' for CMake module files
[81.016s] Level 1:colcon.colcon_core.environment:checking '/ws/install/rae_camera' for CMake config files
[81.017s] Level 1:colcon.colcon_core.shell:create_environment_hook('rae_camera', 'cmake_prefix_path')
[81.080s] INFO:colcon.colcon_core.shell:Creating environment hook '/ws/install/rae_camera/share/rae_camera/hook/cmake_prefix_path.ps1'
[81.082s] INFO:colcon.colcon_core.shell:Creating environment descriptor '/ws/install/rae_camera/share/rae_camera/hook/cmake_prefix_path.dsv'
[81.083s] INFO:colcon.colcon_core.shell:Creating environment hook '/ws/install/rae_camera/share/rae_camera/hook/cmake_prefix_path.sh'
[81.085s] Level 1:colcon.colcon_core.environment:checking '/ws/install/rae_camera/lib'
[81.086s] Level 1:colcon.colcon_core.environment:checking '/ws/install/rae_camera/bin'
[81.086s] Level 1:colcon.colcon_core.environment:checking '/ws/install/rae_camera/lib/pkgconfig/rae_camera.pc'
[81.087s] Level 1:colcon.colcon_core.environment:checking '/ws/install/rae_camera/lib/python3.10/site-packages'
[81.088s] Level 1:colcon.colcon_core.environment:checking '/ws/install/rae_camera/bin'
[81.152s] INFO:colcon.colcon_core.shell:Creating package script '/ws/install/rae_camera/share/rae_camera/package.ps1'
[81.154s] INFO:colcon.colcon_core.shell:Creating package descriptor '/ws/install/rae_camera/share/rae_camera/package.dsv'
[81.156s] INFO:colcon.colcon_core.shell:Creating package script '/ws/install/rae_camera/share/rae_camera/package.sh'
[81.158s] INFO:colcon.colcon_core.shell:Creating package script '/ws/install/rae_camera/share/rae_camera/package.bash'
[81.159s] INFO:colcon.colcon_core.shell:Creating package script '/ws/install/rae_camera/share/rae_camera/package.zsh'
[81.160s] Level 1:colcon.colcon_core.environment:create_file_with_runtime_dependencies(/ws/install/rae_camera/share/colcon-core/packages/rae_camera)
[81.170s] DEBUG:colcon.colcon_parallel_executor.executor.parallel:closing loop
[81.171s] DEBUG:colcon.colcon_parallel_executor.executor.parallel:loop closed
[81.171s] DEBUG:colcon.colcon_parallel_executor.executor.parallel:run_until_complete finished with '0'
[81.171s] DEBUG:colcon.colcon_core.event_reactor:joining thread
[81.267s] INFO:colcon.colcon_core.plugin_system:Skipping extension 'colcon_notification.desktop_notification.notify_send': Could not find 'notify-send'
[81.268s] INFO:colcon.colcon_core.plugin_system:Skipping extension 'colcon_notification.desktop_notification.terminal_notifier': Not used on non-Darwin systems
[81.268s] INFO:colcon.colcon_core.plugin_system:Skipping extension 'colcon_notification.desktop_notification.win32': Not used on non-Windows systems
[81.268s] INFO:colcon.colcon_notification.desktop_notification:Sending desktop notification using 'notify2'
[81.276s] DEBUG:colcon.colcon_notification.desktop_notification.notify2:Failed to initialize notify2: org.freedesktop.DBus.Error.Spawn.ExecFailed: /usr/bin/dbus-launch terminated abnormally without any error message
[81.277s] DEBUG:colcon.colcon_core.event_reactor:joined thread
[81.339s] INFO:colcon.colcon_core.shell:Creating prefix script '/ws/install/local_setup.ps1'
[81.344s] INFO:colcon.colcon_core.shell:Creating prefix util module '/ws/install/_local_setup_util_ps1.py'
[81.352s] INFO:colcon.colcon_core.shell:Creating prefix chain script '/ws/install/setup.ps1'
[81.421s] INFO:colcon.colcon_core.shell:Creating prefix script '/ws/install/local_setup.sh'
[81.424s] INFO:colcon.colcon_core.shell:Creating prefix util module '/ws/install/_local_setup_util_sh.py'
[81.426s] INFO:colcon.colcon_core.shell:Creating prefix chain script '/ws/install/setup.sh'
[81.495s] INFO:colcon.colcon_core.shell:Creating prefix script '/ws/install/local_setup.bash'
[81.497s] INFO:colcon.colcon_core.shell:Creating prefix chain script '/ws/install/setup.bash'
[81.566s] INFO:colcon.colcon_core.shell:Creating prefix script '/ws/install/local_setup.zsh'
[81.568s] INFO:colcon.colcon_core.shell:Creating prefix chain script '/ws/install/setup.zsh'
