[0.402s] Invoking command in '/ws/build/rae_camera': CMAKE_PREFIX_PATH=${CMAKE_PREFIX_PATH}:/underlay_ws/install/gst_pipeline:/opt/ros/humble /usr/bin/cmake --build /ws/build/rae_camera -- -j12 -l12
[1.253s] [ 20%] Built target yolo
[1.259s] [ 40%] Built target camera
[1.266s] [ 60%] Built target stereo_depth
[1.272s] [ 80%] Built target stereo_pair
[1.340s] [100%] Built target perception_ipc_rtabmap
[1.450s] Invoked command in '/ws/build/rae_camera' returned '0': CMAKE_PREFIX_PATH=${CMAKE_PREFIX_PATH}:/underlay_ws/install/gst_pipeline:/opt/ros/humble /usr/bin/cmake --build /ws/build/rae_camera -- -j12 -l12
[2.383s] Invoking command in '/ws/build/rae_camera': CMAKE_PREFIX_PATH=${CMAKE_PREFIX_PATH}:/underlay_ws/install/gst_pipeline:/opt/ros/humble /usr/bin/cmake --install /ws/build/rae_camera
[2.479s] -- Install configuration: "RelWithDebInfo"
[2.485s] -- Execute custom install script
[2.490s] -- Up-to-date symlink: /ws/install/rae_camera/share/cmake/xtl/xtlConfig.cmake
[2.491s] -- Up-to-date symlink: /ws/install/rae_camera/share/cmake/xtl/xtlConfigVersion.cmake
[2.492s] -- Up-to-date symlink: /ws/install/rae_camera/share/pkgconfig//xtl.pc
[2.495s] -- Up-to-date symlink: /ws/install/rae_camera/include/xtensor/xaccessible.hpp
[2.496s] -- Up-to-date symlink: /ws/install/rae_camera/include/xtensor/xaccumulator.hpp
[2.497s] -- Up-to-date symlink: /ws/install/rae_camera/include/xtensor/xadapt.hpp
[2.498s] -- Up-to-date symlink: /ws/install/rae_camera/include/xtensor/xarray.hpp
[2.499s] -- Up-to-date symlink: /ws/install/rae_camera/include/xtensor/xassign.hpp
[2.500s] -- Up-to-date symlink: /ws/install/rae_camera/include/xtensor/xaxis_iterator.hpp
[2.501s] -- Up-to-date symlink: /ws/install/rae_camera/include/xtensor/xaxis_slice_iterator.hpp
[2.502s] -- Up-to-date symlink: /ws/install/rae_camera/include/xtensor/xblockwise_reducer.hpp
[2.503s] -- Up-to-date symlink: /ws/install/rae_camera/include/xtensor/xblockwise_reducer_functors.hpp
[2.504s] -- Up-to-date symlink: /ws/install/rae_camera/include/xtensor/xbroadcast.hpp
[2.505s] -- Up-to-date symlink: /ws/install/rae_camera/include/xtensor/xbuffer_adaptor.hpp
[2.506s] -- Up-to-date symlink: /ws/install/rae_camera/include/xtensor/xbuilder.hpp
[2.507s] -- Up-to-date symlink: /ws/install/rae_camera/include/xtensor/xchunked_array.hpp
[2.508s] -- Up-to-date symlink: /ws/install/rae_camera/include/xtensor/xchunked_assign.hpp
[2.509s] -- Up-to-date symlink: /ws/install/rae_camera/include/xtensor/xchunked_view.hpp
[2.510s] -- Up-to-date symlink: /ws/install/rae_camera/include/xtensor/xcomplex.hpp
[2.511s] -- Up-to-date symlink: /ws/install/rae_camera/include/xtensor/xcontainer.hpp
[2.512s] -- Up-to-date symlink: /ws/install/rae_camera/include/xtensor/xcsv.hpp
[2.513s] -- Up-to-date symlink: /ws/install/rae_camera/include/xtensor/xdynamic_view.hpp
[2.514s] -- Up-to-date symlink: /ws/install/rae_camera/include/xtensor/xeval.hpp
[2.515s] -- Up-to-date symlink: /ws/install/rae_camera/include/xtensor/xexception.hpp
[2.516s] -- Up-to-date symlink: /ws/install/rae_camera/include/xtensor/xexpression.hpp
[2.517s] -- Up-to-date symlink: /ws/install/rae_camera/include/xtensor/xexpression_holder.hpp
[2.518s] -- Up-to-date symlink: /ws/install/rae_camera/include/xtensor/xexpression_traits.hpp
[2.519s] -- Up-to-date symlink: /ws/install/rae_camera/include/xtensor/xfixed.hpp
[2.520s] -- Up-to-date symlink: /ws/install/rae_camera/include/xtensor/xfunction.hpp
[2.521s] -- Up-to-date symlink: /ws/install/rae_camera/include/xtensor/xfunctor_view.hpp
[2.522s] -- Up-to-date symlink: /ws/install/rae_camera/include/xtensor/xgenerator.hpp
[2.523s] -- Up-to-date symlink: /ws/install/rae_camera/include/xtensor/xhistogram.hpp
[2.524s] -- Up-to-date symlink: /ws/install/rae_camera/include/xtensor/xindex_view.hpp
[2.525s] -- Up-to-date symlink: /ws/install/rae_camera/include/xtensor/xinfo.hpp
[2.526s] -- Up-to-date symlink: /ws/install/rae_camera/include/xtensor/xio.hpp
[2.527s] -- Up-to-date symlink: /ws/install/rae_camera/include/xtensor/xiterable.hpp
[2.528s] -- Up-to-date symlink: /ws/install/rae_camera/include/xtensor/xiterator.hpp
[2.529s] -- Up-to-date symlink: /ws/install/rae_camera/include/xtensor/xjson.hpp
[2.530s] -- Up-to-date symlink: /ws/install/rae_camera/include/xtensor/xlayout.hpp
[2.531s] -- Up-to-date symlink: /ws/install/rae_camera/include/xtensor/xmanipulation.hpp
[2.532s] -- Up-to-date symlink: /ws/install/rae_camera/include/xtensor/xmasked_view.hpp
[2.533s] -- Up-to-date symlink: /ws/install/rae_camera/include/xtensor/xmath.hpp
[2.533s] -- Up-to-date symlink: /ws/install/rae_camera/include/xtensor/xmime.hpp
[2.534s] -- Up-to-date symlink: /ws/install/rae_camera/include/xtensor/xmultiindex_iterator.hpp
[2.535s] -- Up-to-date symlink: /ws/install/rae_camera/include/xtensor/xnoalias.hpp
[2.536s] -- Up-to-date symlink: /ws/install/rae_camera/include/xtensor/xnorm.hpp
[2.537s] -- Up-to-date symlink: /ws/install/rae_camera/include/xtensor/xnpy.hpp
[2.538s] -- Up-to-date symlink: /ws/install/rae_camera/include/xtensor/xoffset_view.hpp
[2.539s] -- Up-to-date symlink: /ws/install/rae_camera/include/xtensor/xoperation.hpp
[2.540s] -- Up-to-date symlink: /ws/install/rae_camera/include/xtensor/xoptional.hpp
[2.541s] -- Up-to-date symlink: /ws/install/rae_camera/include/xtensor/xoptional_assembly.hpp
[2.542s] -- Up-to-date symlink: /ws/install/rae_camera/include/xtensor/xoptional_assembly_base.hpp
[2.543s] -- Up-to-date symlink: /ws/install/rae_camera/include/xtensor/xoptional_assembly_storage.hpp
[2.544s] -- Up-to-date symlink: /ws/install/rae_camera/include/xtensor/xpad.hpp
[2.545s] -- Up-to-date symlink: /ws/install/rae_camera/include/xtensor/xrandom.hpp
[2.546s] -- Up-to-date symlink: /ws/install/rae_camera/include/xtensor/xreducer.hpp
[2.547s] -- Up-to-date symlink: /ws/install/rae_camera/include/xtensor/xrepeat.hpp
[2.548s] -- Up-to-date symlink: /ws/install/rae_camera/include/xtensor/xscalar.hpp
[2.549s] -- Up-to-date symlink: /ws/install/rae_camera/include/xtensor/xsemantic.hpp
[2.550s] -- Up-to-date symlink: /ws/install/rae_camera/include/xtensor/xset_operation.hpp
[2.551s] -- Up-to-date symlink: /ws/install/rae_camera/include/xtensor/xshape.hpp
[2.552s] -- Up-to-date symlink: /ws/install/rae_camera/include/xtensor/xslice.hpp
[2.553s] -- Up-to-date symlink: /ws/install/rae_camera/include/xtensor/xsort.hpp
[2.554s] -- Up-to-date symlink: /ws/install/rae_camera/include/xtensor/xstorage.hpp
[2.555s] -- Up-to-date symlink: /ws/install/rae_camera/include/xtensor/xstrided_view.hpp
[2.556s] -- Up-to-date symlink: /ws/install/rae_camera/include/xtensor/xstrided_view_base.hpp
[2.557s] -- Up-to-date symlink: /ws/install/rae_camera/include/xtensor/xstrides.hpp
[2.558s] -- Up-to-date symlink: /ws/install/rae_camera/include/xtensor/xtensor.hpp
[2.559s] -- Up-to-date symlink: /ws/install/rae_camera/include/xtensor/xtensor_config.hpp
[2.559s] -- Up-to-date symlink: /ws/install/rae_camera/include/xtensor/xtensor_forward.hpp
[2.560s] -- Up-to-date symlink: /ws/install/rae_camera/include/xtensor/xtensor_simd.hpp
[2.561s] -- Up-to-date symlink: /ws/install/rae_camera/include/xtensor/xutils.hpp
[2.562s] -- Up-to-date symlink: /ws/install/rae_camera/include/xtensor/xvectorize.hpp
[2.563s] -- Up-to-date symlink: /ws/install/rae_camera/include/xtensor/xview.hpp
[2.564s] -- Up-to-date symlink: /ws/install/rae_camera/include/xtensor/xview_utils.hpp
[2.566s] -- Up-to-date symlink: /ws/install/rae_camera/lib/cmake/xtensor/xtensorConfig.cmake
[2.567s] -- Up-to-date symlink: /ws/install/rae_camera/lib/cmake/xtensor/xtensorConfigVersion.cmake
[2.568s] -- Up-to-date symlink: /ws/install/rae_camera/lib/pkgconfig//xtensor.pc
[2.569s] -- Up-to-date symlink: /ws/install/rae_camera/include/xtensor.hpp
[2.572s] -- Up-to-date symlink: /ws/install/rae_camera/lib/rae_camera/camera
[2.574s] -- Up-to-date symlink: /ws/install/rae_camera/lib/rae_camera/stereo_depth
[2.575s] -- Up-to-date symlink: /ws/install/rae_camera/lib/rae_camera/stereo_pair
[2.577s] -- Up-to-date symlink: /ws/install/rae_camera/lib/rae_camera/yolo
[2.578s] -- Up-to-date symlink: /ws/install/rae_camera/lib/rae_camera/perception_ipc_rtabmap
[2.585s] -- Up-to-date symlink: /ws/install/rae_camera/share/rae_camera/launch/perception_ipc.launch.py
[2.586s] -- Up-to-date symlink: /ws/install/rae_camera/share/rae_camera/launch/rae_camera.launch.py
[2.588s] -- Up-to-date symlink: /ws/install/rae_camera/share/rae_camera/config/cal.json
[2.589s] -- Up-to-date symlink: /ws/install/rae_camera/share/rae_camera/config/camera.yaml
[2.590s] -- Up-to-date symlink: /ws/install/rae_camera/share/rae_camera/config/ipc.yaml
[2.591s] -- Up-to-date symlink: /ws/install/rae_camera/share/rae_camera/config/laserscan_kinect.yaml
[2.592s] -- Up-to-date symlink: /ws/install/rae_camera/share/rae_camera/config/yolo.json
[2.593s] -- Up-to-date symlink: /ws/install/rae_camera/share/ament_index/resource_index/package_run_dependencies/rae_camera
[2.594s] -- Up-to-date symlink: /ws/install/rae_camera/share/ament_index/resource_index/parent_prefix_path/rae_camera
[2.596s] -- Up-to-date symlink: /ws/install/rae_camera/share/rae_camera/environment/ament_prefix_path.sh
[2.597s] -- Up-to-date symlink: /ws/install/rae_camera/share/rae_camera/environment/ament_prefix_path.dsv
[2.598s] -- Up-to-date symlink: /ws/install/rae_camera/share/rae_camera/environment/path.sh
[2.599s] -- Up-to-date symlink: /ws/install/rae_camera/share/rae_camera/environment/path.dsv
[2.600s] -- Up-to-date symlink: /ws/install/rae_camera/share/rae_camera/local_setup.bash
[2.602s] -- Up-to-date symlink: /ws/install/rae_camera/share/rae_camera/local_setup.sh
[2.603s] -- Up-to-date symlink: /ws/install/rae_camera/share/rae_camera/local_setup.zsh
[2.604s] -- Up-to-date symlink: /ws/install/rae_camera/share/rae_camera/local_setup.dsv
[2.605s] -- Symlinking: /ws/install/rae_camera/share/rae_camera/package.dsv
[2.685s] -- Up-to-date symlink: /ws/install/rae_camera/share/ament_index/resource_index/packages/rae_camera
[2.686s] -- Up-to-date symlink: /ws/install/rae_camera/share/rae_camera/cmake/ament_cmake_export_include_directories-extras.cmake
[2.687s] -- Up-to-date symlink: /ws/install/rae_camera/share/rae_camera/cmake/ament_cmake_export_dependencies-extras.cmake
[2.688s] -- Up-to-date symlink: /ws/install/rae_camera/share/rae_camera/cmake/rae_cameraConfig.cmake
[2.689s] -- Up-to-date symlink: /ws/install/rae_camera/share/rae_camera/cmake/rae_cameraConfig-version.cmake
[2.691s] -- Up-to-date symlink: /ws/install/rae_camera/share/rae_camera/package.xml
[2.694s] -- Up-to-date: /ws/install/rae_camera/include/xtl/xany.hpp
[2.695s] -- Up-to-date: /ws/install/rae_camera/include/xtl/xbasic_fixed_string.hpp
[2.696s] -- Up-to-date: /ws/install/rae_camera/include/xtl/xbase64.hpp
[2.696s] -- Up-to-date: /ws/install/rae_camera/include/xtl/xclosure.hpp
[2.697s] -- Up-to-date: /ws/install/rae_camera/include/xtl/xcomplex.hpp
[2.697s] -- Up-to-date: /ws/install/rae_camera/include/xtl/xcomplex_sequence.hpp
[2.698s] -- Up-to-date: /ws/install/rae_camera/include/xtl/xspan.hpp
[2.698s] -- Up-to-date: /ws/install/rae_camera/include/xtl/xspan_impl.hpp
[2.699s] -- Up-to-date: /ws/install/rae_camera/include/xtl/xdynamic_bitset.hpp
[2.699s] -- Up-to-date: /ws/install/rae_camera/include/xtl/xfunctional.hpp
[2.700s] -- Up-to-date: /ws/install/rae_camera/include/xtl/xhalf_float.hpp
[2.700s] -- Up-to-date: /ws/install/rae_camera/include/xtl/xhalf_float_impl.hpp
[2.701s] -- Up-to-date: /ws/install/rae_camera/include/xtl/xhash.hpp
[2.701s] -- Up-to-date: /ws/install/rae_camera/include/xtl/xhierarchy_generator.hpp
[2.702s] -- Up-to-date: /ws/install/rae_camera/include/xtl/xiterator_base.hpp
[2.702s] -- Up-to-date: /ws/install/rae_camera/include/xtl/xjson.hpp
[2.703s] -- Up-to-date: /ws/install/rae_camera/include/xtl/xmasked_value_meta.hpp
[2.703s] -- Up-to-date: /ws/install/rae_camera/include/xtl/xmasked_value.hpp
[2.704s] -- Up-to-date: /ws/install/rae_camera/include/xtl/xmeta_utils.hpp
[2.704s] -- Up-to-date: /ws/install/rae_camera/include/xtl/xmultimethods.hpp
[2.705s] -- Up-to-date: /ws/install/rae_camera/include/xtl/xoptional_meta.hpp
[2.705s] -- Up-to-date: /ws/install/rae_camera/include/xtl/xoptional.hpp
[2.706s] -- Up-to-date: /ws/install/rae_camera/include/xtl/xoptional_sequence.hpp
[2.707s] -- Up-to-date: /ws/install/rae_camera/include/xtl/xplatform.hpp
[2.707s] -- Up-to-date: /ws/install/rae_camera/include/xtl/xproxy_wrapper.hpp
[2.708s] -- Up-to-date: /ws/install/rae_camera/include/xtl/xsequence.hpp
[2.708s] -- Up-to-date: /ws/install/rae_camera/include/xtl/xsystem.hpp
[2.708s] -- Up-to-date: /ws/install/rae_camera/include/xtl/xtl_config.hpp
[2.711s] -- Up-to-date: /ws/install/rae_camera/include/xtl/xtype_traits.hpp
[2.713s] -- Up-to-date: /ws/install/rae_camera/include/xtl/xvariant.hpp
[2.713s] -- Up-to-date: /ws/install/rae_camera/include/xtl/xvariant_impl.hpp
[2.714s] -- Up-to-date: /ws/install/rae_camera/include/xtl/xvisitor.hpp
[2.714s] -- Up-to-date: /ws/install/rae_camera/share/cmake/xtl/xtlTargets.cmake
[2.715s] -- Up-to-date: /ws/install/rae_camera/lib/cmake/xtensor/xtensorTargets.cmake
[2.741s] Invoked command in '/ws/build/rae_camera' returned '0': CMAKE_PREFIX_PATH=${CMAKE_PREFIX_PATH}:/underlay_ws/install/gst_pipeline:/opt/ros/humble /usr/bin/cmake --install /ws/build/rae_camera
