[0.408s] Invoking command in '/ws/build/rae_camera': CMAKE_PREFIX_PATH=${CMAKE_PREFIX_PATH}:/underlay_ws/install/gst_pipeline:/opt/ros/humble /usr/bin/cmake --build /ws/build/rae_camera -- -j12 -l12
[1.193s] [ 20%] Built target stereo_depth
[1.238s] [ 40%] Built target stereo_pair
[1.243s] [ 60%] Built target camera
[1.272s] [ 80%] Built target yolo
[1.638s] [100%] Built target perception_ipc_rtabmap
[1.739s] Invoked command in '/ws/build/rae_camera' returned '0': CMAKE_PREFIX_PATH=${CMAKE_PREFIX_PATH}:/underlay_ws/install/gst_pipeline:/opt/ros/humble /usr/bin/cmake --build /ws/build/rae_camera -- -j12 -l12
[2.662s] Invoking command in '/ws/build/rae_camera': CMAKE_PREFIX_PATH=${CMAKE_PREFIX_PATH}:/underlay_ws/install/gst_pipeline:/opt/ros/humble /usr/bin/cmake --install /ws/build/rae_camera
[2.764s] -- Install configuration: "RelWithDebInfo"
[2.771s] -- Execute custom install script
[2.777s] -- Up-to-date symlink: /ws/install/rae_camera/share/cmake/xtl/xtlConfig.cmake
[2.778s] -- Up-to-date symlink: /ws/install/rae_camera/share/cmake/xtl/xtlConfigVersion.cmake
[2.780s] -- Up-to-date symlink: /ws/install/rae_camera/share/pkgconfig//xtl.pc
[2.782s] -- Up-to-date symlink: /ws/install/rae_camera/include/xtensor/xaccessible.hpp
[2.783s] -- Up-to-date symlink: /ws/install/rae_camera/include/xtensor/xaccumulator.hpp
[2.784s] -- Up-to-date symlink: /ws/install/rae_camera/include/xtensor/xadapt.hpp
[2.785s] -- Up-to-date symlink: /ws/install/rae_camera/include/xtensor/xarray.hpp
[2.786s] -- Up-to-date symlink: /ws/install/rae_camera/include/xtensor/xassign.hpp
[2.787s] -- Up-to-date symlink: /ws/install/rae_camera/include/xtensor/xaxis_iterator.hpp
[2.788s] -- Up-to-date symlink: /ws/install/rae_camera/include/xtensor/xaxis_slice_iterator.hpp
[2.789s] -- Up-to-date symlink: /ws/install/rae_camera/include/xtensor/xblockwise_reducer.hpp
[2.790s] -- Up-to-date symlink: /ws/install/rae_camera/include/xtensor/xblockwise_reducer_functors.hpp
[2.791s] -- Up-to-date symlink: /ws/install/rae_camera/include/xtensor/xbroadcast.hpp
[2.792s] -- Up-to-date symlink: /ws/install/rae_camera/include/xtensor/xbuffer_adaptor.hpp
[2.792s] -- Up-to-date symlink: /ws/install/rae_camera/include/xtensor/xbuilder.hpp
[2.793s] -- Up-to-date symlink: /ws/install/rae_camera/include/xtensor/xchunked_array.hpp
[2.794s] -- Up-to-date symlink: /ws/install/rae_camera/include/xtensor/xchunked_assign.hpp
[2.795s] -- Up-to-date symlink: /ws/install/rae_camera/include/xtensor/xchunked_view.hpp
[2.796s] -- Up-to-date symlink: /ws/install/rae_camera/include/xtensor/xcomplex.hpp
[2.797s] -- Up-to-date symlink: /ws/install/rae_camera/include/xtensor/xcontainer.hpp
[2.798s] -- Up-to-date symlink: /ws/install/rae_camera/include/xtensor/xcsv.hpp
[2.799s] -- Up-to-date symlink: /ws/install/rae_camera/include/xtensor/xdynamic_view.hpp
[2.800s] -- Up-to-date symlink: /ws/install/rae_camera/include/xtensor/xeval.hpp
[2.801s] -- Up-to-date symlink: /ws/install/rae_camera/include/xtensor/xexception.hpp
[2.802s] -- Up-to-date symlink: /ws/install/rae_camera/include/xtensor/xexpression.hpp
[2.802s] -- Up-to-date symlink: /ws/install/rae_camera/include/xtensor/xexpression_holder.hpp
[2.803s] -- Up-to-date symlink: /ws/install/rae_camera/include/xtensor/xexpression_traits.hpp
[2.804s] -- Up-to-date symlink: /ws/install/rae_camera/include/xtensor/xfixed.hpp
[2.805s] -- Up-to-date symlink: /ws/install/rae_camera/include/xtensor/xfunction.hpp
[2.806s] -- Up-to-date symlink: /ws/install/rae_camera/include/xtensor/xfunctor_view.hpp
[2.808s] -- Up-to-date symlink: /ws/install/rae_camera/include/xtensor/xgenerator.hpp
[2.809s] -- Up-to-date symlink: /ws/install/rae_camera/include/xtensor/xhistogram.hpp
[2.809s] -- Up-to-date symlink: /ws/install/rae_camera/include/xtensor/xindex_view.hpp
[2.810s] -- Up-to-date symlink: /ws/install/rae_camera/include/xtensor/xinfo.hpp
[2.811s] -- Up-to-date symlink: /ws/install/rae_camera/include/xtensor/xio.hpp
[2.812s] -- Up-to-date symlink: /ws/install/rae_camera/include/xtensor/xiterable.hpp
[2.813s] -- Up-to-date symlink: /ws/install/rae_camera/include/xtensor/xiterator.hpp
[2.814s] -- Up-to-date symlink: /ws/install/rae_camera/include/xtensor/xjson.hpp
[2.815s] -- Up-to-date symlink: /ws/install/rae_camera/include/xtensor/xlayout.hpp
[2.816s] -- Up-to-date symlink: /ws/install/rae_camera/include/xtensor/xmanipulation.hpp
[2.817s] -- Up-to-date symlink: /ws/install/rae_camera/include/xtensor/xmasked_view.hpp
[2.818s] -- Up-to-date symlink: /ws/install/rae_camera/include/xtensor/xmath.hpp
[2.819s] -- Up-to-date symlink: /ws/install/rae_camera/include/xtensor/xmime.hpp
[2.820s] -- Up-to-date symlink: /ws/install/rae_camera/include/xtensor/xmultiindex_iterator.hpp
[2.820s] -- Up-to-date symlink: /ws/install/rae_camera/include/xtensor/xnoalias.hpp
[2.821s] -- Up-to-date symlink: /ws/install/rae_camera/include/xtensor/xnorm.hpp
[2.822s] -- Up-to-date symlink: /ws/install/rae_camera/include/xtensor/xnpy.hpp
[2.823s] -- Up-to-date symlink: /ws/install/rae_camera/include/xtensor/xoffset_view.hpp
[2.824s] -- Up-to-date symlink: /ws/install/rae_camera/include/xtensor/xoperation.hpp
[2.825s] -- Up-to-date symlink: /ws/install/rae_camera/include/xtensor/xoptional.hpp
[2.826s] -- Up-to-date symlink: /ws/install/rae_camera/include/xtensor/xoptional_assembly.hpp
[2.827s] -- Up-to-date symlink: /ws/install/rae_camera/include/xtensor/xoptional_assembly_base.hpp
[2.828s] -- Up-to-date symlink: /ws/install/rae_camera/include/xtensor/xoptional_assembly_storage.hpp
[2.829s] -- Up-to-date symlink: /ws/install/rae_camera/include/xtensor/xpad.hpp
[2.830s] -- Up-to-date symlink: /ws/install/rae_camera/include/xtensor/xrandom.hpp
[2.830s] -- Up-to-date symlink: /ws/install/rae_camera/include/xtensor/xreducer.hpp
[2.831s] -- Up-to-date symlink: /ws/install/rae_camera/include/xtensor/xrepeat.hpp
[2.832s] -- Up-to-date symlink: /ws/install/rae_camera/include/xtensor/xscalar.hpp
[2.833s] -- Up-to-date symlink: /ws/install/rae_camera/include/xtensor/xsemantic.hpp
[2.834s] -- Up-to-date symlink: /ws/install/rae_camera/include/xtensor/xset_operation.hpp
[2.835s] -- Up-to-date symlink: /ws/install/rae_camera/include/xtensor/xshape.hpp
[2.836s] -- Up-to-date symlink: /ws/install/rae_camera/include/xtensor/xslice.hpp
[2.837s] -- Up-to-date symlink: /ws/install/rae_camera/include/xtensor/xsort.hpp
[2.838s] -- Up-to-date symlink: /ws/install/rae_camera/include/xtensor/xstorage.hpp
[2.839s] -- Up-to-date symlink: /ws/install/rae_camera/include/xtensor/xstrided_view.hpp
[2.839s] -- Up-to-date symlink: /ws/install/rae_camera/include/xtensor/xstrided_view_base.hpp
[2.840s] -- Up-to-date symlink: /ws/install/rae_camera/include/xtensor/xstrides.hpp
[2.841s] -- Up-to-date symlink: /ws/install/rae_camera/include/xtensor/xtensor.hpp
[2.842s] -- Up-to-date symlink: /ws/install/rae_camera/include/xtensor/xtensor_config.hpp
[2.843s] -- Up-to-date symlink: /ws/install/rae_camera/include/xtensor/xtensor_forward.hpp
[2.844s] -- Up-to-date symlink: /ws/install/rae_camera/include/xtensor/xtensor_simd.hpp
[2.845s] -- Up-to-date symlink: /ws/install/rae_camera/include/xtensor/xutils.hpp
[2.846s] -- Up-to-date symlink: /ws/install/rae_camera/include/xtensor/xvectorize.hpp
[2.847s] -- Up-to-date symlink: /ws/install/rae_camera/include/xtensor/xview.hpp
[2.848s] -- Up-to-date symlink: /ws/install/rae_camera/include/xtensor/xview_utils.hpp
[2.849s] -- Up-to-date symlink: /ws/install/rae_camera/lib/cmake/xtensor/xtensorConfig.cmake
[2.850s] -- Up-to-date symlink: /ws/install/rae_camera/lib/cmake/xtensor/xtensorConfigVersion.cmake
[2.851s] -- Up-to-date symlink: /ws/install/rae_camera/lib/pkgconfig//xtensor.pc
[2.852s] -- Up-to-date symlink: /ws/install/rae_camera/include/xtensor.hpp
[2.855s] -- Up-to-date symlink: /ws/install/rae_camera/lib/rae_camera/camera
[2.857s] -- Up-to-date symlink: /ws/install/rae_camera/lib/rae_camera/stereo_depth
[2.858s] -- Up-to-date symlink: /ws/install/rae_camera/lib/rae_camera/stereo_pair
[2.860s] -- Up-to-date symlink: /ws/install/rae_camera/lib/rae_camera/yolo
[2.861s] -- Up-to-date symlink: /ws/install/rae_camera/lib/rae_camera/perception_ipc_rtabmap
[2.868s] -- Up-to-date symlink: /ws/install/rae_camera/share/rae_camera/launch/perception_ipc.launch.py
[2.869s] -- Up-to-date symlink: /ws/install/rae_camera/share/rae_camera/launch/rae_camera.launch.py
[2.871s] -- Up-to-date symlink: /ws/install/rae_camera/share/rae_camera/config/cal.json
[2.872s] -- Up-to-date symlink: /ws/install/rae_camera/share/rae_camera/config/camera.yaml
[2.873s] -- Up-to-date symlink: /ws/install/rae_camera/share/rae_camera/config/ipc.yaml
[2.873s] -- Up-to-date symlink: /ws/install/rae_camera/share/rae_camera/config/laserscan_kinect.yaml
[2.874s] -- Up-to-date symlink: /ws/install/rae_camera/share/rae_camera/config/yolo.json
[2.876s] -- Up-to-date symlink: /ws/install/rae_camera/share/ament_index/resource_index/package_run_dependencies/rae_camera
[2.876s] -- Up-to-date symlink: /ws/install/rae_camera/share/ament_index/resource_index/parent_prefix_path/rae_camera
[2.877s] -- Up-to-date symlink: /ws/install/rae_camera/share/rae_camera/environment/ament_prefix_path.sh
[2.878s] -- Up-to-date symlink: /ws/install/rae_camera/share/rae_camera/environment/ament_prefix_path.dsv
[2.879s] -- Up-to-date symlink: /ws/install/rae_camera/share/rae_camera/environment/path.sh
[2.880s] -- Up-to-date symlink: /ws/install/rae_camera/share/rae_camera/environment/path.dsv
[2.882s] -- Up-to-date symlink: /ws/install/rae_camera/share/rae_camera/local_setup.bash
[2.883s] -- Up-to-date symlink: /ws/install/rae_camera/share/rae_camera/local_setup.sh
[2.884s] -- Up-to-date symlink: /ws/install/rae_camera/share/rae_camera/local_setup.zsh
[2.885s] -- Up-to-date symlink: /ws/install/rae_camera/share/rae_camera/local_setup.dsv
[2.886s] -- Symlinking: /ws/install/rae_camera/share/rae_camera/package.dsv
[2.982s] -- Up-to-date symlink: /ws/install/rae_camera/share/ament_index/resource_index/packages/rae_camera
[2.982s] -- Up-to-date symlink: /ws/install/rae_camera/share/rae_camera/cmake/ament_cmake_export_include_directories-extras.cmake
[2.982s] -- Up-to-date symlink: /ws/install/rae_camera/share/rae_camera/cmake/ament_cmake_export_dependencies-extras.cmake
[2.983s] -- Up-to-date symlink: /ws/install/rae_camera/share/rae_camera/cmake/rae_cameraConfig.cmake
[2.983s] -- Up-to-date symlink: /ws/install/rae_camera/share/rae_camera/cmake/rae_cameraConfig-version.cmake
[2.984s] -- Up-to-date symlink: /ws/install/rae_camera/share/rae_camera/package.xml
[2.988s] -- Up-to-date: /ws/install/rae_camera/include/xtl/xany.hpp
[2.989s] -- Up-to-date: /ws/install/rae_camera/include/xtl/xbasic_fixed_string.hpp
[2.989s] -- Up-to-date: /ws/install/rae_camera/include/xtl/xbase64.hpp
[2.990s] -- Up-to-date: /ws/install/rae_camera/include/xtl/xclosure.hpp
[2.990s] -- Up-to-date: /ws/install/rae_camera/include/xtl/xcomplex.hpp
[2.991s] -- Up-to-date: /ws/install/rae_camera/include/xtl/xcomplex_sequence.hpp
[2.991s] -- Up-to-date: /ws/install/rae_camera/include/xtl/xspan.hpp
[2.992s] -- Up-to-date: /ws/install/rae_camera/include/xtl/xspan_impl.hpp
[2.992s] -- Up-to-date: /ws/install/rae_camera/include/xtl/xdynamic_bitset.hpp
[2.993s] -- Up-to-date: /ws/install/rae_camera/include/xtl/xfunctional.hpp
[2.993s] -- Up-to-date: /ws/install/rae_camera/include/xtl/xhalf_float.hpp
[2.994s] -- Up-to-date: /ws/install/rae_camera/include/xtl/xhalf_float_impl.hpp
[2.994s] -- Up-to-date: /ws/install/rae_camera/include/xtl/xhash.hpp
[2.995s] -- Up-to-date: /ws/install/rae_camera/include/xtl/xhierarchy_generator.hpp
[2.995s] -- Up-to-date: /ws/install/rae_camera/include/xtl/xiterator_base.hpp
[2.996s] -- Up-to-date: /ws/install/rae_camera/include/xtl/xjson.hpp
[2.996s] -- Up-to-date: /ws/install/rae_camera/include/xtl/xmasked_value_meta.hpp
[2.997s] -- Up-to-date: /ws/install/rae_camera/include/xtl/xmasked_value.hpp
[2.997s] -- Up-to-date: /ws/install/rae_camera/include/xtl/xmeta_utils.hpp
[2.998s] -- Up-to-date: /ws/install/rae_camera/include/xtl/xmultimethods.hpp
[2.999s] -- Up-to-date: /ws/install/rae_camera/include/xtl/xoptional_meta.hpp
[2.999s] -- Up-to-date: /ws/install/rae_camera/include/xtl/xoptional.hpp
[3.000s] -- Up-to-date: /ws/install/rae_camera/include/xtl/xoptional_sequence.hpp
[3.001s] -- Up-to-date: /ws/install/rae_camera/include/xtl/xplatform.hpp
[3.001s] -- Up-to-date: /ws/install/rae_camera/include/xtl/xproxy_wrapper.hpp
[3.001s] -- Up-to-date: /ws/install/rae_camera/include/xtl/xsequence.hpp
[3.002s] -- Up-to-date: /ws/install/rae_camera/include/xtl/xsystem.hpp
[3.004s] -- Up-to-date: /ws/install/rae_camera/include/xtl/xtl_config.hpp
[3.004s] -- Up-to-date: /ws/install/rae_camera/include/xtl/xtype_traits.hpp
[3.005s] -- Up-to-date: /ws/install/rae_camera/include/xtl/xvariant.hpp
[3.005s] -- Up-to-date: /ws/install/rae_camera/include/xtl/xvariant_impl.hpp
[3.005s] -- Up-to-date: /ws/install/rae_camera/include/xtl/xvisitor.hpp
[3.008s] -- Up-to-date: /ws/install/rae_camera/share/cmake/xtl/xtlTargets.cmake
[3.015s] -- Up-to-date: /ws/install/rae_camera/lib/cmake/xtensor/xtensorTargets.cmake
[3.031s] Invoked command in '/ws/build/rae_camera' returned '0': CMAKE_PREFIX_PATH=${CMAKE_PREFIX_PATH}:/underlay_ws/install/gst_pipeline:/opt/ros/humble /usr/bin/cmake --install /ws/build/rae_camera
