-- The C compiler identification is GNU 11.4.0
-- The CXX compiler identification is GNU 11.4.0
-- Detecting C compiler ABI info
-- Detecting C compiler ABI info - done
-- Check for working C compiler: /usr/bin/cc - skipped
-- Detecting C compile features
-- Detecting C compile features - done
-- Detecting CXX compiler ABI info
-- Detecting CXX compiler ABI info - done
-- Check for working CXX compiler: /usr/bin/c++ - skipped
-- Detecting CXX compile features
-- Detecting CXX compile features - done
-- Found ament_cmake: 1.3.5 (/opt/ros/humble/share/ament_cmake/cmake)
-- Found Python3: /usr/bin/python3.10 (found version "3.10.12") found components: Interpreter 
-- Override CMake install command with custom implementation using symlinks instead of copying resources
-- Found rclpy: 3.3.10 (/opt/ros/humble/share/rclpy/cmake)
-- Found ament_lint_auto: 0.12.8 (/opt/ros/humble/share/ament_lint_auto/cmake)
-- Added test 'flake8' to check Python code syntax and style conventions
-- Added test 'lint_cmake' to check CMake code style
-- Added test 'pep257' to check Python code against some of the docstring style conventions in PEP 257
-- Added test 'xmllint' to check XML markup files
-- Configuring done
-- Generating done
-- Build files have been written to: /ws/build/rae_bringup
Built target ament_cmake_python_symlink_rae_bringup
running egg_info
creating rae_bringup.egg-info
writing rae_bringup.egg-info/PKG-INFO
writing dependency_links to rae_bringup.egg-info/dependency_links.txt
writing top-level names to rae_bringup.egg-info/top_level.txt
writing manifest file 'rae_bringup.egg-info/SOURCES.txt'
reading manifest file 'rae_bringup.egg-info/SOURCES.txt'
writing manifest file 'rae_bringup.egg-info/SOURCES.txt'
Built target ament_cmake_python_build_rae_bringup_egg
-- Install configuration: "RelWithDebInfo"
-- Execute custom install script
-- Symlinking: /ws/install/rae_bringup/share/rae_bringup/environment/pythonpath.sh
-- Symlinking: /ws/install/rae_bringup/share/rae_bringup/environment/pythonpath.dsv
-- Symlinking: /ws/install/rae_bringup/local/lib/python3.10/dist-packages/rae_bringup-0.0.0-py3.10.egg-info/PKG-INFO
-- Symlinking: /ws/install/rae_bringup/local/lib/python3.10/dist-packages/rae_bringup-0.0.0-py3.10.egg-info/SOURCES.txt
-- Symlinking: /ws/install/rae_bringup/local/lib/python3.10/dist-packages/rae_bringup-0.0.0-py3.10.egg-info/dependency_links.txt
-- Symlinking: /ws/install/rae_bringup/local/lib/python3.10/dist-packages/rae_bringup-0.0.0-py3.10.egg-info/top_level.txt
-- Symlinking: /ws/install/rae_bringup/local/lib/python3.10/dist-packages/rae_bringup/__init__.py
-- Symlinking: /ws/install/rae_bringup/lib/rae_bringup/scan_repub.py
-- Symlinking: /ws/install/rae_bringup/lib/rae_bringup/battery_status.py
-- Symlinking: /ws/install/rae_bringup/lib/rae_bringup/audio_spectrum.py
-- Symlinking: /ws/install/rae_bringup/lib/rae_bringup/sound_test.py
-- Symlinking: /ws/install/rae_bringup/lib/rae_bringup/led_test.py
-- Symlinking: /ws/install/rae_bringup/share/rae_bringup/launch/bringup.launch.py
-- Symlinking: /ws/install/rae_bringup/share/rae_bringup/launch/robot.launch.py
-- Symlinking: /ws/install/rae_bringup/share/rae_bringup/launch/rtabmap.launch.py
-- Symlinking: /ws/install/rae_bringup/share/rae_bringup/launch/slam.launch.py
-- Symlinking: /ws/install/rae_bringup/share/rae_bringup/config/sim.yaml
-- Symlinking: /ws/install/rae_bringup/share/rae_bringup/config/slam_param.yaml
-- Symlinking: /ws/install/rae_bringup/share/ament_index/resource_index/package_run_dependencies/rae_bringup
-- Symlinking: /ws/install/rae_bringup/share/ament_index/resource_index/parent_prefix_path/rae_bringup
-- Symlinking: /ws/install/rae_bringup/share/rae_bringup/environment/ament_prefix_path.sh
-- Symlinking: /ws/install/rae_bringup/share/rae_bringup/environment/ament_prefix_path.dsv
-- Symlinking: /ws/install/rae_bringup/share/rae_bringup/environment/path.sh
-- Symlinking: /ws/install/rae_bringup/share/rae_bringup/environment/path.dsv
-- Symlinking: /ws/install/rae_bringup/share/rae_bringup/local_setup.bash
-- Symlinking: /ws/install/rae_bringup/share/rae_bringup/local_setup.sh
-- Symlinking: /ws/install/rae_bringup/share/rae_bringup/local_setup.zsh
-- Symlinking: /ws/install/rae_bringup/share/rae_bringup/local_setup.dsv
-- Symlinking: /ws/install/rae_bringup/share/rae_bringup/package.dsv
-- Symlinking: /ws/install/rae_bringup/share/ament_index/resource_index/packages/rae_bringup
-- Symlinking: /ws/install/rae_bringup/share/rae_bringup/cmake/rae_bringupConfig.cmake
-- Symlinking: /ws/install/rae_bringup/share/rae_bringup/cmake/rae_bringupConfig-version.cmake
-- Symlinking: /ws/install/rae_bringup/share/rae_bringup/package.xml
Listing '/ws/install/rae_bringup/local/lib/python3.10/dist-packages/rae_bringup'...
Compiling '/ws/install/rae_bringup/local/lib/python3.10/dist-packages/rae_bringup/__init__.py'...
