[2.890s] DEBUG:colcon:Command line arguments: ['/usr/bin/colcon', 'build', '--packages-select', 'rae_camera']
[2.892s] DEBUG:colcon:Parsed command line arguments: Namespace(log_base=None, log_level=None, verb_name='build', build_base='build', install_base='install', merge_install=False, symlink_install=False, test_result_base=None, continue_on_error=False, executor='parallel', parallel_workers=12, event_handlers=None, ignore_user_meta=False, metas=['./colcon.meta'], base_paths=['.'], packages_ignore=None, packages_ignore_regex=None, paths=None, packages_up_to=None, packages_up_to_regex=None, packages_above=None, packages_above_and_dependencies=None, packages_above_depth=None, packages_select_by_dep=None, packages_skip_by_dep=None, packages_skip_up_to=None, packages_select_build_failed=False, packages_skip_build_finished=False, packages_select_test_failures=False, packages_skip_test_passed=False, packages_select=['rae_camera'], packages_skip=None, packages_select_regex=None, packages_skip_regex=None, packages_start=None, packages_end=None, cmake_args=None, cmake_target=None, cmake_target_skip_unavailable=False, cmake_clean_cache=False, cmake_clean_first=False, cmake_force_configure=False, ament_cmake_args=None, catkin_cmake_args=None, catkin_skip_building_tests=False, verb_parser=<colcon_defaults.argument_parser.defaults.DefaultArgumentsDecorator object at 0x55047778b0>, verb_extension=<colcon_core.verb.build.BuildVerb object at 0x55047779a0>, main=<bound method BuildVerb.main of <colcon_core.verb.build.BuildVerb object at 0x55047779a0>>)
[3.042s] Level 1:colcon.colcon_core.package_discovery:discover_packages(colcon_meta) check parameters
[3.042s] Level 1:colcon.colcon_core.package_discovery:discover_packages(recursive) check parameters
[3.042s] Level 1:colcon.colcon_core.package_discovery:discover_packages(ignore) check parameters
[3.042s] Level 1:colcon.colcon_core.package_discovery:discover_packages(path) check parameters
[3.042s] Level 1:colcon.colcon_core.package_discovery:discover_packages(colcon_meta) discover
[3.042s] Level 1:colcon.colcon_core.package_discovery:discover_packages(recursive) discover
[3.043s] INFO:colcon.colcon_core.package_discovery:Crawling recursively for packages in '/ws/src/rae-ros'
[3.043s] Level 1:colcon.colcon_core.package_identification:_identify(.) by extensions ['ignore', 'ignore_ament_install']
[3.044s] Level 1:colcon.colcon_core.package_identification:_identify(.) by extension 'ignore'
[3.044s] Level 1:colcon.colcon_core.package_identification:_identify(.) by extension 'ignore_ament_install'
[3.044s] Level 1:colcon.colcon_core.package_identification:_identify(.) by extensions ['colcon_pkg']
[3.045s] Level 1:colcon.colcon_core.package_identification:_identify(.) by extension 'colcon_pkg'
[3.045s] Level 1:colcon.colcon_core.package_identification:_identify(.) by extensions ['colcon_meta']
[3.045s] Level 1:colcon.colcon_core.package_identification:_identify(.) by extension 'colcon_meta'
[3.045s] Level 1:colcon.colcon_core.package_identification:_identify(.) by extensions ['ros']
[3.045s] Level 1:colcon.colcon_core.package_identification:_identify(.) by extension 'ros'
[3.081s] Level 1:colcon.colcon_core.package_identification:_identify(.) by extensions ['cmake', 'python']
[3.081s] Level 1:colcon.colcon_core.package_identification:_identify(.) by extension 'cmake'
[3.082s] Level 1:colcon.colcon_core.package_identification:_identify(.) by extension 'python'
[3.082s] Level 1:colcon.colcon_core.package_identification:_identify(.) by extensions ['python_setup_py']
[3.082s] Level 1:colcon.colcon_core.package_identification:_identify(.) by extension 'python_setup_py'
[3.082s] Level 1:colcon.colcon_core.package_identification:_identify(build) by extensions ['ignore', 'ignore_ament_install']
[3.083s] Level 1:colcon.colcon_core.package_identification:_identify(build) by extension 'ignore'
[3.083s] Level 1:colcon.colcon_core.package_identification:_identify(build) ignored
[3.083s] Level 1:colcon.colcon_core.package_identification:_identify(install) by extensions ['ignore', 'ignore_ament_install']
[3.083s] Level 1:colcon.colcon_core.package_identification:_identify(install) by extension 'ignore'
[3.083s] Level 1:colcon.colcon_core.package_identification:_identify(install) ignored
[3.084s] Level 1:colcon.colcon_core.package_identification:_identify(log) by extensions ['ignore', 'ignore_ament_install']
[3.084s] Level 1:colcon.colcon_core.package_identification:_identify(log) by extension 'ignore'
[3.084s] Level 1:colcon.colcon_core.package_identification:_identify(log) ignored
[3.085s] Level 1:colcon.colcon_core.package_identification:_identify(rae_bringup) by extensions ['ignore', 'ignore_ament_install']
[3.085s] Level 1:colcon.colcon_core.package_identification:_identify(rae_bringup) by extension 'ignore'
[3.085s] Level 1:colcon.colcon_core.package_identification:_identify(rae_bringup) by extension 'ignore_ament_install'
[3.085s] Level 1:colcon.colcon_core.package_identification:_identify(rae_bringup) by extensions ['colcon_pkg']
[3.085s] Level 1:colcon.colcon_core.package_identification:_identify(rae_bringup) by extension 'colcon_pkg'
[3.086s] Level 1:colcon.colcon_core.package_identification:_identify(rae_bringup) by extensions ['colcon_meta']
[3.086s] Level 1:colcon.colcon_core.package_identification:_identify(rae_bringup) by extension 'colcon_meta'
[3.086s] Level 1:colcon.colcon_core.package_identification:_identify(rae_bringup) by extensions ['ros']
[3.086s] Level 1:colcon.colcon_core.package_identification:_identify(rae_bringup) by extension 'ros'
[3.098s] DEBUG:colcon.colcon_core.package_identification:Package 'rae_bringup' with type 'ros.ament_cmake' and name 'rae_bringup'
[3.098s] Level 1:colcon.colcon_core.package_identification:_identify(rae_camera) by extensions ['ignore', 'ignore_ament_install']
[3.099s] Level 1:colcon.colcon_core.package_identification:_identify(rae_camera) by extension 'ignore'
[3.099s] Level 1:colcon.colcon_core.package_identification:_identify(rae_camera) by extension 'ignore_ament_install'
[3.099s] Level 1:colcon.colcon_core.package_identification:_identify(rae_camera) by extensions ['colcon_pkg']
[3.099s] Level 1:colcon.colcon_core.package_identification:_identify(rae_camera) by extension 'colcon_pkg'
[3.099s] Level 1:colcon.colcon_core.package_identification:_identify(rae_camera) by extensions ['colcon_meta']
[3.099s] Level 1:colcon.colcon_core.package_identification:_identify(rae_camera) by extension 'colcon_meta'
[3.100s] Level 1:colcon.colcon_core.package_identification:_identify(rae_camera) by extensions ['ros']
[3.100s] Level 1:colcon.colcon_core.package_identification:_identify(rae_camera) by extension 'ros'
[3.107s] DEBUG:colcon.colcon_core.package_identification:Package 'rae_camera' with type 'ros.ament_cmake' and name 'rae_camera'
[3.107s] Level 1:colcon.colcon_core.package_identification:_identify(rae_description) by extensions ['ignore', 'ignore_ament_install']
[3.108s] Level 1:colcon.colcon_core.package_identification:_identify(rae_description) by extension 'ignore'
[3.108s] Level 1:colcon.colcon_core.package_identification:_identify(rae_description) by extension 'ignore_ament_install'
[3.108s] Level 1:colcon.colcon_core.package_identification:_identify(rae_description) by extensions ['colcon_pkg']
[3.108s] Level 1:colcon.colcon_core.package_identification:_identify(rae_description) by extension 'colcon_pkg'
[3.108s] Level 1:colcon.colcon_core.package_identification:_identify(rae_description) by extensions ['colcon_meta']
[3.108s] Level 1:colcon.colcon_core.package_identification:_identify(rae_description) by extension 'colcon_meta'
[3.109s] Level 1:colcon.colcon_core.package_identification:_identify(rae_description) by extensions ['ros']
[3.109s] Level 1:colcon.colcon_core.package_identification:_identify(rae_description) by extension 'ros'
[3.110s] DEBUG:colcon.colcon_core.package_identification:Package 'rae_description' with type 'ros.ament_cmake' and name 'rae_description'
[3.111s] Level 1:colcon.colcon_core.package_identification:_identify(rae_hw) by extensions ['ignore', 'ignore_ament_install']
[3.111s] Level 1:colcon.colcon_core.package_identification:_identify(rae_hw) by extension 'ignore'
[3.111s] Level 1:colcon.colcon_core.package_identification:_identify(rae_hw) by extension 'ignore_ament_install'
[3.111s] Level 1:colcon.colcon_core.package_identification:_identify(rae_hw) by extensions ['colcon_pkg']
[3.111s] Level 1:colcon.colcon_core.package_identification:_identify(rae_hw) by extension 'colcon_pkg'
[3.111s] Level 1:colcon.colcon_core.package_identification:_identify(rae_hw) by extensions ['colcon_meta']
[3.112s] Level 1:colcon.colcon_core.package_identification:_identify(rae_hw) by extension 'colcon_meta'
[3.112s] Level 1:colcon.colcon_core.package_identification:_identify(rae_hw) by extensions ['ros']
[3.112s] Level 1:colcon.colcon_core.package_identification:_identify(rae_hw) by extension 'ros'
[3.119s] DEBUG:colcon.colcon_core.package_identification:Package 'rae_hw' with type 'ros.ament_cmake' and name 'rae_hw'
[3.120s] Level 1:colcon.colcon_core.package_identification:_identify(rae_msgs) by extensions ['ignore', 'ignore_ament_install']
[3.120s] Level 1:colcon.colcon_core.package_identification:_identify(rae_msgs) by extension 'ignore'
[3.120s] Level 1:colcon.colcon_core.package_identification:_identify(rae_msgs) by extension 'ignore_ament_install'
[3.120s] Level 1:colcon.colcon_core.package_identification:_identify(rae_msgs) by extensions ['colcon_pkg']
[3.120s] Level 1:colcon.colcon_core.package_identification:_identify(rae_msgs) by extension 'colcon_pkg'
[3.121s] Level 1:colcon.colcon_core.package_identification:_identify(rae_msgs) by extensions ['colcon_meta']
[3.121s] Level 1:colcon.colcon_core.package_identification:_identify(rae_msgs) by extension 'colcon_meta'
[3.121s] Level 1:colcon.colcon_core.package_identification:_identify(rae_msgs) by extensions ['ros']
[3.121s] Level 1:colcon.colcon_core.package_identification:_identify(rae_msgs) by extension 'ros'
[3.123s] DEBUG:colcon.colcon_core.package_identification:Package 'rae_msgs' with type 'ros.ament_cmake' and name 'rae_msgs'
[3.123s] Level 1:colcon.colcon_core.package_discovery:discover_packages(recursive) using defaults
[3.123s] Level 1:colcon.colcon_core.package_discovery:discover_packages(ignore) discover
[3.123s] Level 1:colcon.colcon_core.package_discovery:discover_packages(ignore) using defaults
[3.123s] Level 1:colcon.colcon_core.package_discovery:discover_packages(path) discover
[3.123s] Level 1:colcon.colcon_core.package_discovery:discover_packages(path) using defaults
[3.320s] INFO:colcon.colcon_core.package_selection:Skipping not selected package 'rae_bringup' in 'rae_bringup'
[3.320s] INFO:colcon.colcon_core.package_selection:Skipping not selected package 'rae_description' in 'rae_description'
[3.320s] INFO:colcon.colcon_core.package_selection:Skipping not selected package 'rae_msgs' in 'rae_msgs'
[3.320s] INFO:colcon.colcon_core.package_selection:Skipping not selected package 'rae_hw' in 'rae_hw'
[3.360s] Level 5:colcon.colcon_core.verb:set package 'rae_camera' build argument 'cmake_args' from command line to 'None'
[3.361s] Level 5:colcon.colcon_core.verb:set package 'rae_camera' build argument 'cmake_target' from command line to 'None'
[3.361s] Level 5:colcon.colcon_core.verb:set package 'rae_camera' build argument 'cmake_target_skip_unavailable' from command line to 'False'
[3.361s] Level 5:colcon.colcon_core.verb:set package 'rae_camera' build argument 'cmake_clean_cache' from command line to 'False'
[3.361s] Level 5:colcon.colcon_core.verb:set package 'rae_camera' build argument 'cmake_clean_first' from command line to 'False'
[3.361s] Level 5:colcon.colcon_core.verb:set package 'rae_camera' build argument 'cmake_force_configure' from command line to 'False'
[3.361s] Level 5:colcon.colcon_core.verb:set package 'rae_camera' build argument 'ament_cmake_args' from command line to 'None'
[3.361s] Level 5:colcon.colcon_core.verb:set package 'rae_camera' build argument 'catkin_cmake_args' from command line to 'None'
[3.361s] Level 5:colcon.colcon_core.verb:set package 'rae_camera' build argument 'catkin_skip_building_tests' from command line to 'False'
[3.361s] DEBUG:colcon.colcon_core.verb:Building package 'rae_camera' with the following arguments: {'ament_cmake_args': None, 'build_base': '/ws/src/rae-ros/build/rae_camera', 'catkin_cmake_args': None, 'catkin_skip_building_tests': False, 'cmake_args': None, 'cmake_clean_cache': False, 'cmake_clean_first': False, 'cmake_force_configure': False, 'cmake_target': None, 'cmake_target_skip_unavailable': False, 'install_base': '/ws/src/rae-ros/install/rae_camera', 'merge_install': False, 'path': '/ws/src/rae-ros/rae_camera', 'symlink_install': False, 'test_result_base': None}
[3.403s] INFO:colcon.colcon_core.executor:Executing jobs using 'parallel' executor
[3.454s] DEBUG:colcon.colcon_parallel_executor.executor.parallel:run_until_complete
[3.457s] INFO:colcon.colcon_ros.task.ament_cmake.build:Building ROS package in '/ws/src/rae-ros/rae_camera' with build type 'ament_cmake'
[3.458s] INFO:colcon.colcon_cmake.task.cmake.build:Building CMake package in '/ws/src/rae-ros/rae_camera'
[3.508s] INFO:colcon.colcon_core.plugin_system:Skipping extension 'colcon_core.shell.bat': Not used on non-Windows systems
[3.509s] INFO:colcon.colcon_core.shell:Skip shell extension 'powershell' for command environment: Not usable outside of PowerShell
[3.509s] DEBUG:colcon.colcon_core.shell:Skip shell extension 'dsv' for command environment
[3.749s] DEBUG:colcon.colcon_core.event_handler.log_command:Invoking command in '/ws/src/rae-ros/build/rae_camera': CMAKE_PREFIX_PATH=${CMAKE_PREFIX_PATH}:/underlay_ws/install/gst_pipeline:/opt/ros/humble /usr/bin/cmake /ws/src/rae-ros/rae_camera -DCMAKE_INSTALL_PREFIX=/ws/src/rae-ros/install/rae_camera
[40.403s] DEBUG:colcon.colcon_core.event_handler.log_command:Invoked command in '/ws/src/rae-ros/build/rae_camera' returned '0': CMAKE_PREFIX_PATH=${CMAKE_PREFIX_PATH}:/underlay_ws/install/gst_pipeline:/opt/ros/humble /usr/bin/cmake /ws/src/rae-ros/rae_camera -DCMAKE_INSTALL_PREFIX=/ws/src/rae-ros/install/rae_camera
[40.413s] DEBUG:colcon.colcon_core.event_handler.log_command:Invoking command in '/ws/src/rae-ros/build/rae_camera': CMAKE_PREFIX_PATH=${CMAKE_PREFIX_PATH}:/underlay_ws/install/gst_pipeline:/opt/ros/humble /usr/bin/cmake --build /ws/src/rae-ros/build/rae_camera -- -j12 -l12
[119.499s] DEBUG:colcon.colcon_core.event_handler.log_command:Invoked command in '/ws/src/rae-ros/build/rae_camera' returned '0': CMAKE_PREFIX_PATH=${CMAKE_PREFIX_PATH}:/underlay_ws/install/gst_pipeline:/opt/ros/humble /usr/bin/cmake --build /ws/src/rae-ros/build/rae_camera -- -j12 -l12
[120.242s] DEBUG:colcon.colcon_core.event_handler.log_command:Invoking command in '/ws/src/rae-ros/build/rae_camera': CMAKE_PREFIX_PATH=${CMAKE_PREFIX_PATH}:/underlay_ws/install/gst_pipeline:/opt/ros/humble /usr/bin/cmake --install /ws/src/rae-ros/build/rae_camera
[120.394s] Level 1:colcon.colcon_core.environment:create_environment_scripts_only(rae_camera)
[120.396s] DEBUG:colcon.colcon_core.event_handler.log_command:Invoked command in '/ws/src/rae-ros/build/rae_camera' returned '0': CMAKE_PREFIX_PATH=${CMAKE_PREFIX_PATH}:/underlay_ws/install/gst_pipeline:/opt/ros/humble /usr/bin/cmake --install /ws/src/rae-ros/build/rae_camera
[120.451s] Level 1:colcon.colcon_core.environment:checking '/ws/src/rae-ros/install/rae_camera' for CMake module files
[120.454s] Level 1:colcon.colcon_core.environment:checking '/ws/src/rae-ros/install/rae_camera' for CMake config files
[120.455s] Level 1:colcon.colcon_core.shell:create_environment_hook('rae_camera', 'cmake_prefix_path')
[120.497s] INFO:colcon.colcon_core.shell:Creating environment hook '/ws/src/rae-ros/install/rae_camera/share/rae_camera/hook/cmake_prefix_path.ps1'
[120.500s] INFO:colcon.colcon_core.shell:Creating environment descriptor '/ws/src/rae-ros/install/rae_camera/share/rae_camera/hook/cmake_prefix_path.dsv'
[120.501s] INFO:colcon.colcon_core.shell:Creating environment hook '/ws/src/rae-ros/install/rae_camera/share/rae_camera/hook/cmake_prefix_path.sh'
[120.504s] Level 1:colcon.colcon_core.environment:checking '/ws/src/rae-ros/install/rae_camera/lib'
[120.505s] Level 1:colcon.colcon_core.environment:checking '/ws/src/rae-ros/install/rae_camera/bin'
[120.505s] Level 1:colcon.colcon_core.environment:checking '/ws/src/rae-ros/install/rae_camera/lib/pkgconfig/rae_camera.pc'
[120.509s] Level 1:colcon.colcon_core.environment:checking '/ws/src/rae-ros/install/rae_camera/lib/python3.10/site-packages'
[120.509s] Level 1:colcon.colcon_core.environment:checking '/ws/src/rae-ros/install/rae_camera/bin'
[120.554s] INFO:colcon.colcon_core.shell:Creating package script '/ws/src/rae-ros/install/rae_camera/share/rae_camera/package.ps1'
[120.557s] INFO:colcon.colcon_core.shell:Creating package descriptor '/ws/src/rae-ros/install/rae_camera/share/rae_camera/package.dsv'
[120.558s] INFO:colcon.colcon_core.shell:Creating package script '/ws/src/rae-ros/install/rae_camera/share/rae_camera/package.sh'
[120.560s] INFO:colcon.colcon_core.shell:Creating package script '/ws/src/rae-ros/install/rae_camera/share/rae_camera/package.bash'
[120.563s] INFO:colcon.colcon_core.shell:Creating package script '/ws/src/rae-ros/install/rae_camera/share/rae_camera/package.zsh'
[120.565s] Level 1:colcon.colcon_core.environment:create_file_with_runtime_dependencies(/ws/src/rae-ros/install/rae_camera/share/colcon-core/packages/rae_camera)
[121.312s] Level 1:colcon.colcon_core.environment:create_environment_scripts_only(rae_camera)
[121.355s] Level 1:colcon.colcon_core.environment:checking '/ws/src/rae-ros/install/rae_camera' for CMake module files
[121.356s] Level 1:colcon.colcon_core.environment:checking '/ws/src/rae-ros/install/rae_camera' for CMake config files
[121.357s] Level 1:colcon.colcon_core.shell:create_environment_hook('rae_camera', 'cmake_prefix_path')
[121.400s] INFO:colcon.colcon_core.shell:Creating environment hook '/ws/src/rae-ros/install/rae_camera/share/rae_camera/hook/cmake_prefix_path.ps1'
[121.401s] INFO:colcon.colcon_core.shell:Creating environment descriptor '/ws/src/rae-ros/install/rae_camera/share/rae_camera/hook/cmake_prefix_path.dsv'
[121.402s] INFO:colcon.colcon_core.shell:Creating environment hook '/ws/src/rae-ros/install/rae_camera/share/rae_camera/hook/cmake_prefix_path.sh'
[121.403s] Level 1:colcon.colcon_core.environment:checking '/ws/src/rae-ros/install/rae_camera/lib'
[121.403s] Level 1:colcon.colcon_core.environment:checking '/ws/src/rae-ros/install/rae_camera/bin'
[121.403s] Level 1:colcon.colcon_core.environment:checking '/ws/src/rae-ros/install/rae_camera/lib/pkgconfig/rae_camera.pc'
[121.404s] Level 1:colcon.colcon_core.environment:checking '/ws/src/rae-ros/install/rae_camera/lib/python3.10/site-packages'
[121.405s] Level 1:colcon.colcon_core.environment:checking '/ws/src/rae-ros/install/rae_camera/bin'
[121.448s] INFO:colcon.colcon_core.shell:Creating package script '/ws/src/rae-ros/install/rae_camera/share/rae_camera/package.ps1'
[121.450s] INFO:colcon.colcon_core.shell:Creating package descriptor '/ws/src/rae-ros/install/rae_camera/share/rae_camera/package.dsv'
[121.451s] INFO:colcon.colcon_core.shell:Creating package script '/ws/src/rae-ros/install/rae_camera/share/rae_camera/package.sh'
[121.452s] INFO:colcon.colcon_core.shell:Creating package script '/ws/src/rae-ros/install/rae_camera/share/rae_camera/package.bash'
[121.453s] INFO:colcon.colcon_core.shell:Creating package script '/ws/src/rae-ros/install/rae_camera/share/rae_camera/package.zsh'
[121.454s] Level 1:colcon.colcon_core.environment:create_file_with_runtime_dependencies(/ws/src/rae-ros/install/rae_camera/share/colcon-core/packages/rae_camera)
[121.455s] DEBUG:colcon.colcon_parallel_executor.executor.parallel:closing loop
[121.456s] DEBUG:colcon.colcon_parallel_executor.executor.parallel:loop closed
[121.456s] DEBUG:colcon.colcon_parallel_executor.executor.parallel:run_until_complete finished with '0'
[121.457s] DEBUG:colcon.colcon_core.event_reactor:joining thread
[121.526s] INFO:colcon.colcon_core.plugin_system:Skipping extension 'colcon_notification.desktop_notification.notify_send': Could not find 'notify-send'
[121.526s] INFO:colcon.colcon_core.plugin_system:Skipping extension 'colcon_notification.desktop_notification.terminal_notifier': Not used on non-Darwin systems
[121.526s] INFO:colcon.colcon_core.plugin_system:Skipping extension 'colcon_notification.desktop_notification.win32': Not used on non-Windows systems
[121.526s] INFO:colcon.colcon_notification.desktop_notification:Sending desktop notification using 'notify2'
[121.535s] DEBUG:colcon.colcon_notification.desktop_notification.notify2:Failed to initialize notify2: org.freedesktop.DBus.Error.Spawn.ExecFailed: /usr/bin/dbus-launch terminated abnormally without any error message
[121.536s] DEBUG:colcon.colcon_core.event_reactor:joined thread
[121.582s] INFO:colcon.colcon_core.shell:Creating prefix script '/ws/src/rae-ros/install/local_setup.ps1'
[121.586s] INFO:colcon.colcon_core.shell:Creating prefix util module '/ws/src/rae-ros/install/_local_setup_util_ps1.py'
[121.591s] INFO:colcon.colcon_core.shell:Creating prefix chain script '/ws/src/rae-ros/install/setup.ps1'
[121.637s] INFO:colcon.colcon_core.shell:Creating prefix script '/ws/src/rae-ros/install/local_setup.sh'
[121.638s] INFO:colcon.colcon_core.shell:Creating prefix util module '/ws/src/rae-ros/install/_local_setup_util_sh.py'
[121.639s] INFO:colcon.colcon_core.shell:Creating prefix chain script '/ws/src/rae-ros/install/setup.sh'
[121.685s] INFO:colcon.colcon_core.shell:Creating prefix script '/ws/src/rae-ros/install/local_setup.bash'
[121.686s] INFO:colcon.colcon_core.shell:Creating prefix chain script '/ws/src/rae-ros/install/setup.bash'
[121.734s] INFO:colcon.colcon_core.shell:Creating prefix script '/ws/src/rae-ros/install/local_setup.zsh'
[121.736s] INFO:colcon.colcon_core.shell:Creating prefix chain script '/ws/src/rae-ros/install/setup.zsh'
