[0.418s] Invoking command in '/ws/build/rae_camera': CMAKE_PREFIX_PATH=${CMAKE_PREFIX_PATH}:/underlay_ws/install/gst_pipeline:/opt/ros/humble /usr/bin/cmake --build /ws/build/rae_camera -- -j12 -l12
[1.233s] [ 20%] Built target stereo_depth
[1.276s] [ 40%] Built target camera
[1.310s] [ 60%] Built target stereo_pair
[1.349s] [ 80%] Built target yolo
[1.415s] [100%] Built target perception_ipc_rtabmap
[1.525s] Invoked command in '/ws/build/rae_camera' returned '0': CMAKE_PREFIX_PATH=${CMAKE_PREFIX_PATH}:/underlay_ws/install/gst_pipeline:/opt/ros/humble /usr/bin/cmake --build /ws/build/rae_camera -- -j12 -l12
[2.471s] Invoking command in '/ws/build/rae_camera': CMAKE_PREFIX_PATH=${CMAKE_PREFIX_PATH}:/underlay_ws/install/gst_pipeline:/opt/ros/humble /usr/bin/cmake --install /ws/build/rae_camera
[2.566s] -- Install configuration: "RelWithDebInfo"
[2.573s] -- Execute custom install script
[2.577s] -- Up-to-date symlink: /ws/install/rae_camera/share/cmake/xtl/xtlConfig.cmake
[2.578s] -- Up-to-date symlink: /ws/install/rae_camera/share/cmake/xtl/xtlConfigVersion.cmake
[2.578s] -- Up-to-date symlink: /ws/install/rae_camera/share/pkgconfig//xtl.pc
[2.580s] -- Up-to-date symlink: /ws/install/rae_camera/include/xtensor/xaccessible.hpp
[2.580s] -- Up-to-date symlink: /ws/install/rae_camera/include/xtensor/xaccumulator.hpp
[2.581s] -- Up-to-date symlink: /ws/install/rae_camera/include/xtensor/xadapt.hpp
[2.581s] -- Up-to-date symlink: /ws/install/rae_camera/include/xtensor/xarray.hpp
[2.582s] -- Up-to-date symlink: /ws/install/rae_camera/include/xtensor/xassign.hpp
[2.583s] -- Up-to-date symlink: /ws/install/rae_camera/include/xtensor/xaxis_iterator.hpp
[2.583s] -- Up-to-date symlink: /ws/install/rae_camera/include/xtensor/xaxis_slice_iterator.hpp
[2.584s] -- Up-to-date symlink: /ws/install/rae_camera/include/xtensor/xblockwise_reducer.hpp
[2.584s] -- Up-to-date symlink: /ws/install/rae_camera/include/xtensor/xblockwise_reducer_functors.hpp
[2.584s] -- Up-to-date symlink: /ws/install/rae_camera/include/xtensor/xbroadcast.hpp
[2.585s] -- Up-to-date symlink: /ws/install/rae_camera/include/xtensor/xbuffer_adaptor.hpp
[2.585s] -- Up-to-date symlink: /ws/install/rae_camera/include/xtensor/xbuilder.hpp
[2.586s] -- Up-to-date symlink: /ws/install/rae_camera/include/xtensor/xchunked_array.hpp
[2.586s] -- Up-to-date symlink: /ws/install/rae_camera/include/xtensor/xchunked_assign.hpp
[2.586s] -- Up-to-date symlink: /ws/install/rae_camera/include/xtensor/xchunked_view.hpp
[2.587s] -- Up-to-date symlink: /ws/install/rae_camera/include/xtensor/xcomplex.hpp
[2.587s] -- Up-to-date symlink: /ws/install/rae_camera/include/xtensor/xcontainer.hpp
[2.588s] -- Up-to-date symlink: /ws/install/rae_camera/include/xtensor/xcsv.hpp
[2.588s] -- Up-to-date symlink: /ws/install/rae_camera/include/xtensor/xdynamic_view.hpp
[2.588s] -- Up-to-date symlink: /ws/install/rae_camera/include/xtensor/xeval.hpp
[2.589s] -- Up-to-date symlink: /ws/install/rae_camera/include/xtensor/xexception.hpp
[2.589s] -- Up-to-date symlink: /ws/install/rae_camera/include/xtensor/xexpression.hpp
[2.590s] -- Up-to-date symlink: /ws/install/rae_camera/include/xtensor/xexpression_holder.hpp
[2.590s] -- Up-to-date symlink: /ws/install/rae_camera/include/xtensor/xexpression_traits.hpp
[2.597s] -- Up-to-date symlink: /ws/install/rae_camera/include/xtensor/xfixed.hpp
[2.598s] -- Up-to-date symlink: /ws/install/rae_camera/include/xtensor/xfunction.hpp
[2.598s] -- Up-to-date symlink: /ws/install/rae_camera/include/xtensor/xfunctor_view.hpp
[2.598s] -- Up-to-date symlink: /ws/install/rae_camera/include/xtensor/xgenerator.hpp
[2.599s] -- Up-to-date symlink: /ws/install/rae_camera/include/xtensor/xhistogram.hpp
[2.599s] -- Up-to-date symlink: /ws/install/rae_camera/include/xtensor/xindex_view.hpp
[2.600s] -- Up-to-date symlink: /ws/install/rae_camera/include/xtensor/xinfo.hpp
[2.600s] -- Up-to-date symlink: /ws/install/rae_camera/include/xtensor/xio.hpp
[2.600s] -- Up-to-date symlink: /ws/install/rae_camera/include/xtensor/xiterable.hpp
[2.601s] -- Up-to-date symlink: /ws/install/rae_camera/include/xtensor/xiterator.hpp
[2.601s] -- Up-to-date symlink: /ws/install/rae_camera/include/xtensor/xjson.hpp
[2.602s] -- Up-to-date symlink: /ws/install/rae_camera/include/xtensor/xlayout.hpp
[2.602s] -- Up-to-date symlink: /ws/install/rae_camera/include/xtensor/xmanipulation.hpp
[2.602s] -- Up-to-date symlink: /ws/install/rae_camera/include/xtensor/xmasked_view.hpp
[2.603s] -- Up-to-date symlink: /ws/install/rae_camera/include/xtensor/xmath.hpp
[2.603s] -- Up-to-date symlink: /ws/install/rae_camera/include/xtensor/xmime.hpp
[2.604s] -- Up-to-date symlink: /ws/install/rae_camera/include/xtensor/xmultiindex_iterator.hpp
[2.604s] -- Up-to-date symlink: /ws/install/rae_camera/include/xtensor/xnoalias.hpp
[2.604s] -- Up-to-date symlink: /ws/install/rae_camera/include/xtensor/xnorm.hpp
[2.605s] -- Up-to-date symlink: /ws/install/rae_camera/include/xtensor/xnpy.hpp
[2.605s] -- Up-to-date symlink: /ws/install/rae_camera/include/xtensor/xoffset_view.hpp
[2.605s] -- Up-to-date symlink: /ws/install/rae_camera/include/xtensor/xoperation.hpp
[2.607s] -- Up-to-date symlink: /ws/install/rae_camera/include/xtensor/xoptional.hpp
[2.608s] -- Up-to-date symlink: /ws/install/rae_camera/include/xtensor/xoptional_assembly.hpp
[2.608s] -- Up-to-date symlink: /ws/install/rae_camera/include/xtensor/xoptional_assembly_base.hpp
[2.609s] -- Up-to-date symlink: /ws/install/rae_camera/include/xtensor/xoptional_assembly_storage.hpp
[2.610s] -- Up-to-date symlink: /ws/install/rae_camera/include/xtensor/xpad.hpp
[2.611s] -- Up-to-date symlink: /ws/install/rae_camera/include/xtensor/xrandom.hpp
[2.611s] -- Up-to-date symlink: /ws/install/rae_camera/include/xtensor/xreducer.hpp
[2.612s] -- Up-to-date symlink: /ws/install/rae_camera/include/xtensor/xrepeat.hpp
[2.612s] -- Up-to-date symlink: /ws/install/rae_camera/include/xtensor/xscalar.hpp
[2.613s] -- Up-to-date symlink: /ws/install/rae_camera/include/xtensor/xsemantic.hpp
[2.614s] -- Up-to-date symlink: /ws/install/rae_camera/include/xtensor/xset_operation.hpp
[2.614s] -- Up-to-date symlink: /ws/install/rae_camera/include/xtensor/xshape.hpp
[2.614s] -- Up-to-date symlink: /ws/install/rae_camera/include/xtensor/xslice.hpp
[2.615s] -- Up-to-date symlink: /ws/install/rae_camera/include/xtensor/xsort.hpp
[2.615s] -- Up-to-date symlink: /ws/install/rae_camera/include/xtensor/xstorage.hpp
[2.616s] -- Up-to-date symlink: /ws/install/rae_camera/include/xtensor/xstrided_view.hpp
[2.616s] -- Up-to-date symlink: /ws/install/rae_camera/include/xtensor/xstrided_view_base.hpp
[2.617s] -- Up-to-date symlink: /ws/install/rae_camera/include/xtensor/xstrides.hpp
[2.617s] -- Up-to-date symlink: /ws/install/rae_camera/include/xtensor/xtensor.hpp
[2.618s] -- Up-to-date symlink: /ws/install/rae_camera/include/xtensor/xtensor_config.hpp
[2.618s] -- Up-to-date symlink: /ws/install/rae_camera/include/xtensor/xtensor_forward.hpp
[2.619s] -- Up-to-date symlink: /ws/install/rae_camera/include/xtensor/xtensor_simd.hpp
[2.619s] -- Up-to-date symlink: /ws/install/rae_camera/include/xtensor/xutils.hpp
[2.619s] -- Up-to-date symlink: /ws/install/rae_camera/include/xtensor/xvectorize.hpp
[2.620s] -- Up-to-date symlink: /ws/install/rae_camera/include/xtensor/xview.hpp
[2.620s] -- Up-to-date symlink: /ws/install/rae_camera/include/xtensor/xview_utils.hpp
[2.621s] -- Up-to-date symlink: /ws/install/rae_camera/lib/cmake/xtensor/xtensorConfig.cmake
[2.621s] -- Up-to-date symlink: /ws/install/rae_camera/lib/cmake/xtensor/xtensorConfigVersion.cmake
[2.621s] -- Up-to-date symlink: /ws/install/rae_camera/lib/pkgconfig//xtensor.pc
[2.622s] -- Up-to-date symlink: /ws/install/rae_camera/include/xtensor.hpp
[2.622s] -- Up-to-date symlink: /ws/install/rae_camera/lib/rae_camera/camera
[2.623s] -- Up-to-date symlink: /ws/install/rae_camera/lib/rae_camera/stereo_depth
[2.623s] -- Up-to-date symlink: /ws/install/rae_camera/lib/rae_camera/stereo_pair
[2.623s] -- Up-to-date symlink: /ws/install/rae_camera/lib/rae_camera/yolo
[2.624s] -- Up-to-date symlink: /ws/install/rae_camera/lib/rae_camera/perception_ipc_rtabmap
[2.625s] -- Up-to-date symlink: /ws/install/rae_camera/share/rae_camera/launch/perception_ipc.launch.py
[2.626s] -- Up-to-date symlink: /ws/install/rae_camera/share/rae_camera/launch/rae_camera.launch.py
[2.631s] -- Up-to-date symlink: /ws/install/rae_camera/share/rae_camera/config/cal.json
[2.632s] -- Up-to-date symlink: /ws/install/rae_camera/share/rae_camera/config/camera.yaml
[2.633s] -- Up-to-date symlink: /ws/install/rae_camera/share/rae_camera/config/ipc.yaml
[2.634s] -- Up-to-date symlink: /ws/install/rae_camera/share/rae_camera/config/laserscan_kinect.yaml
[2.635s] -- Up-to-date symlink: /ws/install/rae_camera/share/rae_camera/config/yolo.json
[2.635s] -- Up-to-date symlink: /ws/install/rae_camera/share/ament_index/resource_index/package_run_dependencies/rae_camera
[2.636s] -- Up-to-date symlink: /ws/install/rae_camera/share/ament_index/resource_index/parent_prefix_path/rae_camera
[2.637s] -- Up-to-date symlink: /ws/install/rae_camera/share/rae_camera/environment/ament_prefix_path.sh
[2.637s] -- Up-to-date symlink: /ws/install/rae_camera/share/rae_camera/environment/ament_prefix_path.dsv
[2.638s] -- Up-to-date symlink: /ws/install/rae_camera/share/rae_camera/environment/path.sh
[2.639s] -- Up-to-date symlink: /ws/install/rae_camera/share/rae_camera/environment/path.dsv
[2.640s] -- Up-to-date symlink: /ws/install/rae_camera/share/rae_camera/local_setup.bash
[2.640s] -- Up-to-date symlink: /ws/install/rae_camera/share/rae_camera/local_setup.sh
[2.641s] -- Up-to-date symlink: /ws/install/rae_camera/share/rae_camera/local_setup.zsh
[2.641s] -- Up-to-date symlink: /ws/install/rae_camera/share/rae_camera/local_setup.dsv
[2.642s] -- Symlinking: /ws/install/rae_camera/share/rae_camera/package.dsv
[2.719s] -- Up-to-date symlink: /ws/install/rae_camera/share/ament_index/resource_index/packages/rae_camera
[2.720s] -- Up-to-date symlink: /ws/install/rae_camera/share/rae_camera/cmake/ament_cmake_export_include_directories-extras.cmake
[2.721s] -- Up-to-date symlink: /ws/install/rae_camera/share/rae_camera/cmake/ament_cmake_export_dependencies-extras.cmake
[2.722s] -- Up-to-date symlink: /ws/install/rae_camera/share/rae_camera/cmake/rae_cameraConfig.cmake
[2.722s] -- Up-to-date symlink: /ws/install/rae_camera/share/rae_camera/cmake/rae_cameraConfig-version.cmake
[2.723s] -- Up-to-date symlink: /ws/install/rae_camera/share/rae_camera/package.xml
[2.726s] -- Up-to-date: /ws/install/rae_camera/include/xtl/xany.hpp
[2.727s] -- Up-to-date: /ws/install/rae_camera/include/xtl/xbasic_fixed_string.hpp
[2.728s] -- Up-to-date: /ws/install/rae_camera/include/xtl/xbase64.hpp
[2.728s] -- Up-to-date: /ws/install/rae_camera/include/xtl/xclosure.hpp
[2.729s] -- Up-to-date: /ws/install/rae_camera/include/xtl/xcomplex.hpp
[2.729s] -- Up-to-date: /ws/install/rae_camera/include/xtl/xcomplex_sequence.hpp
[2.730s] -- Up-to-date: /ws/install/rae_camera/include/xtl/xspan.hpp
[2.730s] -- Up-to-date: /ws/install/rae_camera/include/xtl/xspan_impl.hpp
[2.730s] -- Up-to-date: /ws/install/rae_camera/include/xtl/xdynamic_bitset.hpp
[2.731s] -- Up-to-date: /ws/install/rae_camera/include/xtl/xfunctional.hpp
[2.731s] -- Up-to-date: /ws/install/rae_camera/include/xtl/xhalf_float.hpp
[2.731s] -- Up-to-date: /ws/install/rae_camera/include/xtl/xhalf_float_impl.hpp
[2.735s] -- Up-to-date: /ws/install/rae_camera/include/xtl/xhash.hpp
[2.735s] -- Up-to-date: /ws/install/rae_camera/include/xtl/xhierarchy_generator.hpp
[2.736s] -- Up-to-date: /ws/install/rae_camera/include/xtl/xiterator_base.hpp
[2.736s] -- Up-to-date: /ws/install/rae_camera/include/xtl/xjson.hpp
[2.736s] -- Up-to-date: /ws/install/rae_camera/include/xtl/xmasked_value_meta.hpp
[2.736s] -- Up-to-date: /ws/install/rae_camera/include/xtl/xmasked_value.hpp
[2.737s] -- Up-to-date: /ws/install/rae_camera/include/xtl/xmeta_utils.hpp
[2.737s] -- Up-to-date: /ws/install/rae_camera/include/xtl/xmultimethods.hpp
[2.737s] -- Up-to-date: /ws/install/rae_camera/include/xtl/xoptional_meta.hpp
[2.738s] -- Up-to-date: /ws/install/rae_camera/include/xtl/xoptional.hpp
[2.738s] -- Up-to-date: /ws/install/rae_camera/include/xtl/xoptional_sequence.hpp
[2.738s] -- Up-to-date: /ws/install/rae_camera/include/xtl/xplatform.hpp
[2.739s] -- Up-to-date: /ws/install/rae_camera/include/xtl/xproxy_wrapper.hpp
[2.739s] -- Up-to-date: /ws/install/rae_camera/include/xtl/xsequence.hpp
[2.740s] -- Up-to-date: /ws/install/rae_camera/include/xtl/xsystem.hpp
[2.740s] -- Up-to-date: /ws/install/rae_camera/include/xtl/xtl_config.hpp
[2.740s] -- Up-to-date: /ws/install/rae_camera/include/xtl/xtype_traits.hpp
[2.741s] -- Up-to-date: /ws/install/rae_camera/include/xtl/xvariant.hpp
[2.741s] -- Up-to-date: /ws/install/rae_camera/include/xtl/xvariant_impl.hpp
[2.741s] -- Up-to-date: /ws/install/rae_camera/include/xtl/xvisitor.hpp
[2.742s] -- Up-to-date: /ws/install/rae_camera/share/cmake/xtl/xtlTargets.cmake
[2.742s] -- Up-to-date: /ws/install/rae_camera/lib/cmake/xtensor/xtensorTargets.cmake
[2.747s] Invoked command in '/ws/build/rae_camera' returned '0': CMAKE_PREFIX_PATH=${CMAKE_PREFIX_PATH}:/underlay_ws/install/gst_pipeline:/opt/ros/humble /usr/bin/cmake --install /ws/build/rae_camera
