Performing C SOURCE FILE Test CMAKE_HAVE_LIBC_PTHREAD failed with the following output:
Change Dir: /ws/src/rae-ros/build/rae_camera/CMakeFiles/CMakeTmp

Run Build Command(s):/usr/bin/gmake -f Makefile cmTC_4d5ae/fast && /usr/bin/gmake  -f CMakeFiles/cmTC_4d5ae.dir/build.make CMakeFiles/cmTC_4d5ae.dir/build
gmake[1]: Entering directory '/ws/src/rae-ros/build/rae_camera/CMakeFiles/CMakeTmp'
Building C object CMakeFiles/cmTC_4d5ae.dir/src.c.o
/usr/bin/cc -DCMAKE_HAVE_LIBC_PTHREAD   -o CMakeFiles/cmTC_4d5ae.dir/src.c.o -c /ws/src/rae-ros/build/rae_camera/CMakeFiles/CMakeTmp/src.c
Linking C executable cmTC_4d5ae
/usr/bin/cmake -E cmake_link_script CMakeFiles/cmTC_4d5ae.dir/link.txt --verbose=1
/usr/bin/cc CMakeFiles/cmTC_4d5ae.dir/src.c.o -o cmTC_4d5ae 
cc: internal compiler error: Segmentation fault signal terminated program collect2
Please submit a full bug report,
with preprocessed source if appropriate.
See <file:///usr/share/doc/gcc-11/README.Bugs> for instructions.
gmake[1]: *** [CMakeFiles/cmTC_4d5ae.dir/build.make:99: cmTC_4d5ae] Error 4
gmake[1]: Leaving directory '/ws/src/rae-ros/build/rae_camera/CMakeFiles/CMakeTmp'
gmake: *** [Makefile:127: cmTC_4d5ae/fast] Error 2


Source file was:
#include <pthread.h>

static void* test_func(void* data)
{
  return data;
}

int main(void)
{
  pthread_t thread;
  pthread_create(&thread, NULL, test_func, NULL);
  pthread_detach(thread);
  pthread_cancel(thread);
  pthread_join(thread, NULL);
  pthread_atfork(NULL, NULL, NULL);
  pthread_exit(NULL);

  return 0;
}

Determining if the function pthread_create exists in the pthreads failed with the following output:
Change Dir: /ws/src/rae-ros/build/rae_camera/CMakeFiles/CMakeTmp

Run Build Command(s):/usr/bin/gmake -f Makefile cmTC_43799/fast && /usr/bin/gmake  -f CMakeFiles/cmTC_43799.dir/build.make CMakeFiles/cmTC_43799.dir/build
gmake[1]: Entering directory '/ws/src/rae-ros/build/rae_camera/CMakeFiles/CMakeTmp'
Building C object CMakeFiles/cmTC_43799.dir/CheckFunctionExists.c.o
/usr/bin/cc   -DCHECK_FUNCTION_EXISTS=pthread_create -o CMakeFiles/cmTC_43799.dir/CheckFunctionExists.c.o -c /usr/share/cmake-3.22/Modules/CheckFunctionExists.c
Linking C executable cmTC_43799
/usr/bin/cmake -E cmake_link_script CMakeFiles/cmTC_43799.dir/link.txt --verbose=1
/usr/bin/cc  -DCHECK_FUNCTION_EXISTS=pthread_create CMakeFiles/cmTC_43799.dir/CheckFunctionExists.c.o -o cmTC_43799  -lpthreads 
/usr/bin/ld: cannot find -lpthreads: No such file or directory
collect2: error: ld returned 1 exit status
gmake[1]: *** [CMakeFiles/cmTC_43799.dir/build.make:99: cmTC_43799] Error 1
gmake[1]: Leaving directory '/ws/src/rae-ros/build/rae_camera/CMakeFiles/CMakeTmp'
gmake: *** [Makefile:127: cmTC_43799/fast] Error 2



