[3.128s] DEBUG:colcon:Command line arguments: ['/usr/bin/colcon', 'build', '--packages-select', 'rae_camera']
[3.131s] DEBUG:colcon:Parsed command line arguments: Namespace(log_base=None, log_level=None, verb_name='build', build_base='build', install_base='install', merge_install=False, symlink_install=False, test_result_base=None, continue_on_error=False, executor='parallel', parallel_workers=12, event_handlers=None, ignore_user_meta=False, metas=['./colcon.meta'], base_paths=['.'], packages_ignore=None, packages_ignore_regex=None, paths=None, packages_up_to=None, packages_up_to_regex=None, packages_above=None, packages_above_and_dependencies=None, packages_above_depth=None, packages_select_by_dep=None, packages_skip_by_dep=None, packages_skip_up_to=None, packages_select_build_failed=False, packages_skip_build_finished=False, packages_select_test_failures=False, packages_skip_test_passed=False, packages_select=['rae_camera'], packages_skip=None, packages_select_regex=None, packages_skip_regex=None, packages_start=None, packages_end=None, cmake_args=None, cmake_target=None, cmake_target_skip_unavailable=False, cmake_clean_cache=False, cmake_clean_first=False, cmake_force_configure=False, ament_cmake_args=None, catkin_cmake_args=None, catkin_skip_building_tests=False, verb_parser=<colcon_defaults.argument_parser.defaults.DefaultArgumentsDecorator object at 0x55047798d0>, verb_extension=<colcon_core.verb.build.BuildVerb object at 0x550477b880>, main=<bound method BuildVerb.main of <colcon_core.verb.build.BuildVerb object at 0x550477b880>>)
[3.285s] Level 1:colcon.colcon_core.package_discovery:discover_packages(colcon_meta) check parameters
[3.285s] Level 1:colcon.colcon_core.package_discovery:discover_packages(recursive) check parameters
[3.285s] Level 1:colcon.colcon_core.package_discovery:discover_packages(ignore) check parameters
[3.285s] Level 1:colcon.colcon_core.package_discovery:discover_packages(path) check parameters
[3.285s] Level 1:colcon.colcon_core.package_discovery:discover_packages(colcon_meta) discover
[3.286s] Level 1:colcon.colcon_core.package_discovery:discover_packages(recursive) discover
[3.286s] INFO:colcon.colcon_core.package_discovery:Crawling recursively for packages in '/ws'
[3.287s] Level 1:colcon.colcon_core.package_identification:_identify(.) by extensions ['ignore', 'ignore_ament_install']
[3.287s] Level 1:colcon.colcon_core.package_identification:_identify(.) by extension 'ignore'
[3.288s] Level 1:colcon.colcon_core.package_identification:_identify(.) by extension 'ignore_ament_install'
[3.288s] Level 1:colcon.colcon_core.package_identification:_identify(.) by extensions ['colcon_pkg']
[3.288s] Level 1:colcon.colcon_core.package_identification:_identify(.) by extension 'colcon_pkg'
[3.288s] Level 1:colcon.colcon_core.package_identification:_identify(.) by extensions ['colcon_meta']
[3.288s] Level 1:colcon.colcon_core.package_identification:_identify(.) by extension 'colcon_meta'
[3.288s] Level 1:colcon.colcon_core.package_identification:_identify(.) by extensions ['ros']
[3.288s] Level 1:colcon.colcon_core.package_identification:_identify(.) by extension 'ros'
[3.324s] Level 1:colcon.colcon_core.package_identification:_identify(.) by extensions ['cmake', 'python']
[3.325s] Level 1:colcon.colcon_core.package_identification:_identify(.) by extension 'cmake'
[3.325s] Level 1:colcon.colcon_core.package_identification:_identify(.) by extension 'python'
[3.325s] Level 1:colcon.colcon_core.package_identification:_identify(.) by extensions ['python_setup_py']
[3.325s] Level 1:colcon.colcon_core.package_identification:_identify(.) by extension 'python_setup_py'
[3.326s] Level 1:colcon.colcon_core.package_identification:_identify(build) by extensions ['ignore', 'ignore_ament_install']
[3.326s] Level 1:colcon.colcon_core.package_identification:_identify(build) by extension 'ignore'
[3.326s] Level 1:colcon.colcon_core.package_identification:_identify(build) ignored
[3.327s] Level 1:colcon.colcon_core.package_identification:_identify(install) by extensions ['ignore', 'ignore_ament_install']
[3.327s] Level 1:colcon.colcon_core.package_identification:_identify(install) by extension 'ignore'
[3.327s] Level 1:colcon.colcon_core.package_identification:_identify(install) ignored
[3.328s] Level 1:colcon.colcon_core.package_identification:_identify(log) by extensions ['ignore', 'ignore_ament_install']
[3.328s] Level 1:colcon.colcon_core.package_identification:_identify(log) by extension 'ignore'
[3.328s] Level 1:colcon.colcon_core.package_identification:_identify(log) ignored
[3.328s] Level 1:colcon.colcon_core.package_identification:_identify(src) by extensions ['ignore', 'ignore_ament_install']
[3.328s] Level 1:colcon.colcon_core.package_identification:_identify(src) by extension 'ignore'
[3.329s] Level 1:colcon.colcon_core.package_identification:_identify(src) by extension 'ignore_ament_install'
[3.329s] Level 1:colcon.colcon_core.package_identification:_identify(src) by extensions ['colcon_pkg']
[3.329s] Level 1:colcon.colcon_core.package_identification:_identify(src) by extension 'colcon_pkg'
[3.329s] Level 1:colcon.colcon_core.package_identification:_identify(src) by extensions ['colcon_meta']
[3.329s] Level 1:colcon.colcon_core.package_identification:_identify(src) by extension 'colcon_meta'
[3.330s] Level 1:colcon.colcon_core.package_identification:_identify(src) by extensions ['ros']
[3.330s] Level 1:colcon.colcon_core.package_identification:_identify(src) by extension 'ros'
[3.330s] Level 1:colcon.colcon_core.package_identification:_identify(src) by extensions ['cmake', 'python']
[3.330s] Level 1:colcon.colcon_core.package_identification:_identify(src) by extension 'cmake'
[3.330s] Level 1:colcon.colcon_core.package_identification:_identify(src) by extension 'python'
[3.330s] Level 1:colcon.colcon_core.package_identification:_identify(src) by extensions ['python_setup_py']
[3.331s] Level 1:colcon.colcon_core.package_identification:_identify(src) by extension 'python_setup_py'
[3.331s] Level 1:colcon.colcon_core.package_identification:_identify(src/rae-ros) by extensions ['ignore', 'ignore_ament_install']
[3.331s] Level 1:colcon.colcon_core.package_identification:_identify(src/rae-ros) by extension 'ignore'
[3.331s] Level 1:colcon.colcon_core.package_identification:_identify(src/rae-ros) by extension 'ignore_ament_install'
[3.332s] Level 1:colcon.colcon_core.package_identification:_identify(src/rae-ros) by extensions ['colcon_pkg']
[3.332s] Level 1:colcon.colcon_core.package_identification:_identify(src/rae-ros) by extension 'colcon_pkg'
[3.332s] Level 1:colcon.colcon_core.package_identification:_identify(src/rae-ros) by extensions ['colcon_meta']
[3.332s] Level 1:colcon.colcon_core.package_identification:_identify(src/rae-ros) by extension 'colcon_meta'
[3.332s] Level 1:colcon.colcon_core.package_identification:_identify(src/rae-ros) by extensions ['ros']
[3.332s] Level 1:colcon.colcon_core.package_identification:_identify(src/rae-ros) by extension 'ros'
[3.332s] Level 1:colcon.colcon_core.package_identification:_identify(src/rae-ros) by extensions ['cmake', 'python']
[3.333s] Level 1:colcon.colcon_core.package_identification:_identify(src/rae-ros) by extension 'cmake'
[3.333s] Level 1:colcon.colcon_core.package_identification:_identify(src/rae-ros) by extension 'python'
[3.333s] Level 1:colcon.colcon_core.package_identification:_identify(src/rae-ros) by extensions ['python_setup_py']
[3.333s] Level 1:colcon.colcon_core.package_identification:_identify(src/rae-ros) by extension 'python_setup_py'
[3.333s] Level 1:colcon.colcon_core.package_identification:_identify(src/rae-ros/build) by extensions ['ignore', 'ignore_ament_install']
[3.334s] Level 1:colcon.colcon_core.package_identification:_identify(src/rae-ros/build) by extension 'ignore'
[3.334s] Level 1:colcon.colcon_core.package_identification:_identify(src/rae-ros/build) ignored
[3.334s] Level 1:colcon.colcon_core.package_identification:_identify(src/rae-ros/install) by extensions ['ignore', 'ignore_ament_install']
[3.334s] Level 1:colcon.colcon_core.package_identification:_identify(src/rae-ros/install) by extension 'ignore'
[3.335s] Level 1:colcon.colcon_core.package_identification:_identify(src/rae-ros/install) ignored
[3.335s] Level 1:colcon.colcon_core.package_identification:_identify(src/rae-ros/log) by extensions ['ignore', 'ignore_ament_install']
[3.335s] Level 1:colcon.colcon_core.package_identification:_identify(src/rae-ros/log) by extension 'ignore'
[3.335s] Level 1:colcon.colcon_core.package_identification:_identify(src/rae-ros/log) ignored
[3.336s] Level 1:colcon.colcon_core.package_identification:_identify(src/rae-ros/rae_bringup) by extensions ['ignore', 'ignore_ament_install']
[3.336s] Level 1:colcon.colcon_core.package_identification:_identify(src/rae-ros/rae_bringup) by extension 'ignore'
[3.336s] Level 1:colcon.colcon_core.package_identification:_identify(src/rae-ros/rae_bringup) by extension 'ignore_ament_install'
[3.336s] Level 1:colcon.colcon_core.package_identification:_identify(src/rae-ros/rae_bringup) by extensions ['colcon_pkg']
[3.336s] Level 1:colcon.colcon_core.package_identification:_identify(src/rae-ros/rae_bringup) by extension 'colcon_pkg'
[3.336s] Level 1:colcon.colcon_core.package_identification:_identify(src/rae-ros/rae_bringup) by extensions ['colcon_meta']
[3.337s] Level 1:colcon.colcon_core.package_identification:_identify(src/rae-ros/rae_bringup) by extension 'colcon_meta'
[3.337s] Level 1:colcon.colcon_core.package_identification:_identify(src/rae-ros/rae_bringup) by extensions ['ros']
[3.337s] Level 1:colcon.colcon_core.package_identification:_identify(src/rae-ros/rae_bringup) by extension 'ros'
[3.351s] DEBUG:colcon.colcon_core.package_identification:Package 'src/rae-ros/rae_bringup' with type 'ros.ament_cmake' and name 'rae_bringup'
[3.351s] Level 1:colcon.colcon_core.package_identification:_identify(src/rae-ros/rae_camera) by extensions ['ignore', 'ignore_ament_install']
[3.351s] Level 1:colcon.colcon_core.package_identification:_identify(src/rae-ros/rae_camera) by extension 'ignore'
[3.352s] Level 1:colcon.colcon_core.package_identification:_identify(src/rae-ros/rae_camera) by extension 'ignore_ament_install'
[3.352s] Level 1:colcon.colcon_core.package_identification:_identify(src/rae-ros/rae_camera) by extensions ['colcon_pkg']
[3.352s] Level 1:colcon.colcon_core.package_identification:_identify(src/rae-ros/rae_camera) by extension 'colcon_pkg'
[3.352s] Level 1:colcon.colcon_core.package_identification:_identify(src/rae-ros/rae_camera) by extensions ['colcon_meta']
[3.352s] Level 1:colcon.colcon_core.package_identification:_identify(src/rae-ros/rae_camera) by extension 'colcon_meta'
[3.352s] Level 1:colcon.colcon_core.package_identification:_identify(src/rae-ros/rae_camera) by extensions ['ros']
[3.352s] Level 1:colcon.colcon_core.package_identification:_identify(src/rae-ros/rae_camera) by extension 'ros'
[3.360s] DEBUG:colcon.colcon_core.package_identification:Package 'src/rae-ros/rae_camera' with type 'ros.ament_cmake' and name 'rae_camera'
[3.360s] Level 1:colcon.colcon_core.package_identification:_identify(src/rae-ros/rae_description) by extensions ['ignore', 'ignore_ament_install']
[3.361s] Level 1:colcon.colcon_core.package_identification:_identify(src/rae-ros/rae_description) by extension 'ignore'
[3.361s] Level 1:colcon.colcon_core.package_identification:_identify(src/rae-ros/rae_description) by extension 'ignore_ament_install'
[3.361s] Level 1:colcon.colcon_core.package_identification:_identify(src/rae-ros/rae_description) by extensions ['colcon_pkg']
[3.361s] Level 1:colcon.colcon_core.package_identification:_identify(src/rae-ros/rae_description) by extension 'colcon_pkg'
[3.361s] Level 1:colcon.colcon_core.package_identification:_identify(src/rae-ros/rae_description) by extensions ['colcon_meta']
[3.361s] Level 1:colcon.colcon_core.package_identification:_identify(src/rae-ros/rae_description) by extension 'colcon_meta'
[3.361s] Level 1:colcon.colcon_core.package_identification:_identify(src/rae-ros/rae_description) by extensions ['ros']
[3.362s] Level 1:colcon.colcon_core.package_identification:_identify(src/rae-ros/rae_description) by extension 'ros'
[3.363s] DEBUG:colcon.colcon_core.package_identification:Package 'src/rae-ros/rae_description' with type 'ros.ament_cmake' and name 'rae_description'
[3.364s] Level 1:colcon.colcon_core.package_identification:_identify(src/rae-ros/rae_hw) by extensions ['ignore', 'ignore_ament_install']
[3.364s] Level 1:colcon.colcon_core.package_identification:_identify(src/rae-ros/rae_hw) by extension 'ignore'
[3.364s] Level 1:colcon.colcon_core.package_identification:_identify(src/rae-ros/rae_hw) by extension 'ignore_ament_install'
[3.364s] Level 1:colcon.colcon_core.package_identification:_identify(src/rae-ros/rae_hw) by extensions ['colcon_pkg']
[3.365s] Level 1:colcon.colcon_core.package_identification:_identify(src/rae-ros/rae_hw) by extension 'colcon_pkg'
[3.365s] Level 1:colcon.colcon_core.package_identification:_identify(src/rae-ros/rae_hw) by extensions ['colcon_meta']
[3.365s] Level 1:colcon.colcon_core.package_identification:_identify(src/rae-ros/rae_hw) by extension 'colcon_meta'
[3.365s] Level 1:colcon.colcon_core.package_identification:_identify(src/rae-ros/rae_hw) by extensions ['ros']
[3.365s] Level 1:colcon.colcon_core.package_identification:_identify(src/rae-ros/rae_hw) by extension 'ros'
[3.373s] DEBUG:colcon.colcon_core.package_identification:Package 'src/rae-ros/rae_hw' with type 'ros.ament_cmake' and name 'rae_hw'
[3.373s] Level 1:colcon.colcon_core.package_identification:_identify(src/rae-ros/rae_msgs) by extensions ['ignore', 'ignore_ament_install']
[3.373s] Level 1:colcon.colcon_core.package_identification:_identify(src/rae-ros/rae_msgs) by extension 'ignore'
[3.374s] Level 1:colcon.colcon_core.package_identification:_identify(src/rae-ros/rae_msgs) by extension 'ignore_ament_install'
[3.374s] Level 1:colcon.colcon_core.package_identification:_identify(src/rae-ros/rae_msgs) by extensions ['colcon_pkg']
[3.374s] Level 1:colcon.colcon_core.package_identification:_identify(src/rae-ros/rae_msgs) by extension 'colcon_pkg'
[3.374s] Level 1:colcon.colcon_core.package_identification:_identify(src/rae-ros/rae_msgs) by extensions ['colcon_meta']
[3.374s] Level 1:colcon.colcon_core.package_identification:_identify(src/rae-ros/rae_msgs) by extension 'colcon_meta'
[3.374s] Level 1:colcon.colcon_core.package_identification:_identify(src/rae-ros/rae_msgs) by extensions ['ros']
[3.374s] Level 1:colcon.colcon_core.package_identification:_identify(src/rae-ros/rae_msgs) by extension 'ros'
[3.376s] DEBUG:colcon.colcon_core.package_identification:Package 'src/rae-ros/rae_msgs' with type 'ros.ament_cmake' and name 'rae_msgs'
[3.376s] Level 1:colcon.colcon_core.package_discovery:discover_packages(recursive) using defaults
[3.376s] Level 1:colcon.colcon_core.package_discovery:discover_packages(ignore) discover
[3.377s] Level 1:colcon.colcon_core.package_discovery:discover_packages(ignore) using defaults
[3.377s] Level 1:colcon.colcon_core.package_discovery:discover_packages(path) discover
[3.377s] Level 1:colcon.colcon_core.package_discovery:discover_packages(path) using defaults
[3.586s] INFO:colcon.colcon_core.package_selection:Skipping not selected package 'rae_bringup' in 'src/rae-ros/rae_bringup'
[3.586s] INFO:colcon.colcon_core.package_selection:Skipping not selected package 'rae_description' in 'src/rae-ros/rae_description'
[3.587s] INFO:colcon.colcon_core.package_selection:Skipping not selected package 'rae_msgs' in 'src/rae-ros/rae_msgs'
[3.587s] INFO:colcon.colcon_core.package_selection:Skipping not selected package 'rae_hw' in 'src/rae-ros/rae_hw'
[3.632s] Level 5:colcon.colcon_core.verb:set package 'rae_camera' build argument 'cmake_args' from command line to 'None'
[3.632s] Level 5:colcon.colcon_core.verb:set package 'rae_camera' build argument 'cmake_target' from command line to 'None'
[3.632s] Level 5:colcon.colcon_core.verb:set package 'rae_camera' build argument 'cmake_target_skip_unavailable' from command line to 'False'
[3.632s] Level 5:colcon.colcon_core.verb:set package 'rae_camera' build argument 'cmake_clean_cache' from command line to 'False'
[3.632s] Level 5:colcon.colcon_core.verb:set package 'rae_camera' build argument 'cmake_clean_first' from command line to 'False'
[3.632s] Level 5:colcon.colcon_core.verb:set package 'rae_camera' build argument 'cmake_force_configure' from command line to 'False'
[3.633s] Level 5:colcon.colcon_core.verb:set package 'rae_camera' build argument 'ament_cmake_args' from command line to 'None'
[3.633s] Level 5:colcon.colcon_core.verb:set package 'rae_camera' build argument 'catkin_cmake_args' from command line to 'None'
[3.633s] Level 5:colcon.colcon_core.verb:set package 'rae_camera' build argument 'catkin_skip_building_tests' from command line to 'False'
[3.633s] DEBUG:colcon.colcon_core.verb:Building package 'rae_camera' with the following arguments: {'ament_cmake_args': None, 'build_base': '/ws/build/rae_camera', 'catkin_cmake_args': None, 'catkin_skip_building_tests': False, 'cmake_args': None, 'cmake_clean_cache': False, 'cmake_clean_first': False, 'cmake_force_configure': False, 'cmake_target': None, 'cmake_target_skip_unavailable': False, 'install_base': '/ws/install/rae_camera', 'merge_install': False, 'path': '/ws/src/rae-ros/rae_camera', 'symlink_install': False, 'test_result_base': None}
[3.673s] INFO:colcon.colcon_core.executor:Executing jobs using 'parallel' executor
[3.732s] DEBUG:colcon.colcon_parallel_executor.executor.parallel:run_until_complete
[3.739s] INFO:colcon.colcon_ros.task.ament_cmake.build:Building ROS package in '/ws/src/rae-ros/rae_camera' with build type 'ament_cmake'
[3.740s] INFO:colcon.colcon_cmake.task.cmake.build:Building CMake package in '/ws/src/rae-ros/rae_camera'
[3.791s] INFO:colcon.colcon_core.plugin_system:Skipping extension 'colcon_core.shell.bat': Not used on non-Windows systems
[3.792s] INFO:colcon.colcon_core.shell:Skip shell extension 'powershell' for command environment: Not usable outside of PowerShell
[3.792s] DEBUG:colcon.colcon_core.shell:Skip shell extension 'dsv' for command environment
[4.040s] DEBUG:colcon.colcon_core.event_handler.log_command:Invoking command in '/ws/build/rae_camera': CMAKE_PREFIX_PATH=${CMAKE_PREFIX_PATH}:/underlay_ws/install/gst_pipeline:/opt/ros/humble /usr/bin/cmake --build /ws/build/rae_camera -- -j12 -l12
[4.795s] DEBUG:colcon.colcon_core.event_handler.log_command:Invoked command in '/ws/build/rae_camera' returned '0': CMAKE_PREFIX_PATH=${CMAKE_PREFIX_PATH}:/underlay_ws/install/gst_pipeline:/opt/ros/humble /usr/bin/cmake --build /ws/build/rae_camera -- -j12 -l12
[5.583s] DEBUG:colcon.colcon_core.event_handler.log_command:Invoking command in '/ws/build/rae_camera': CMAKE_PREFIX_PATH=${CMAKE_PREFIX_PATH}:/underlay_ws/install/gst_pipeline:/opt/ros/humble /usr/bin/cmake --install /ws/build/rae_camera
[5.806s] Level 1:colcon.colcon_core.environment:create_environment_scripts_only(rae_camera)
[5.808s] DEBUG:colcon.colcon_core.event_handler.log_command:Invoked command in '/ws/build/rae_camera' returned '0': CMAKE_PREFIX_PATH=${CMAKE_PREFIX_PATH}:/underlay_ws/install/gst_pipeline:/opt/ros/humble /usr/bin/cmake --install /ws/build/rae_camera
[5.863s] Level 1:colcon.colcon_core.environment:checking '/ws/install/rae_camera' for CMake module files
[5.865s] Level 1:colcon.colcon_core.environment:checking '/ws/install/rae_camera' for CMake config files
[5.868s] Level 1:colcon.colcon_core.shell:create_environment_hook('rae_camera', 'cmake_prefix_path')
[5.918s] INFO:colcon.colcon_core.shell:Creating environment hook '/ws/install/rae_camera/share/rae_camera/hook/cmake_prefix_path.ps1'
[5.921s] INFO:colcon.colcon_core.shell:Creating environment descriptor '/ws/install/rae_camera/share/rae_camera/hook/cmake_prefix_path.dsv'
[5.923s] INFO:colcon.colcon_core.shell:Creating environment hook '/ws/install/rae_camera/share/rae_camera/hook/cmake_prefix_path.sh'
[5.926s] Level 1:colcon.colcon_core.environment:checking '/ws/install/rae_camera/lib'
[5.926s] Level 1:colcon.colcon_core.environment:checking '/ws/install/rae_camera/bin'
[5.926s] Level 1:colcon.colcon_core.environment:checking '/ws/install/rae_camera/lib/pkgconfig/rae_camera.pc'
[5.930s] Level 1:colcon.colcon_core.environment:checking '/ws/install/rae_camera/lib/python3.10/site-packages'
[5.931s] Level 1:colcon.colcon_core.environment:checking '/ws/install/rae_camera/bin'
[5.974s] INFO:colcon.colcon_core.shell:Creating package script '/ws/install/rae_camera/share/rae_camera/package.ps1'
[5.977s] INFO:colcon.colcon_core.shell:Creating package descriptor '/ws/install/rae_camera/share/rae_camera/package.dsv'
[5.979s] INFO:colcon.colcon_core.shell:Creating package script '/ws/install/rae_camera/share/rae_camera/package.sh'
[5.981s] INFO:colcon.colcon_core.shell:Creating package script '/ws/install/rae_camera/share/rae_camera/package.bash'
[5.983s] INFO:colcon.colcon_core.shell:Creating package script '/ws/install/rae_camera/share/rae_camera/package.zsh'
[5.985s] Level 1:colcon.colcon_core.environment:create_file_with_runtime_dependencies(/ws/install/rae_camera/share/colcon-core/packages/rae_camera)
[6.703s] Level 1:colcon.colcon_core.environment:create_environment_scripts_only(rae_camera)
[6.751s] Level 1:colcon.colcon_core.environment:checking '/ws/install/rae_camera' for CMake module files
[6.753s] Level 1:colcon.colcon_core.environment:checking '/ws/install/rae_camera' for CMake config files
[6.754s] Level 1:colcon.colcon_core.shell:create_environment_hook('rae_camera', 'cmake_prefix_path')
[6.797s] INFO:colcon.colcon_core.shell:Creating environment hook '/ws/install/rae_camera/share/rae_camera/hook/cmake_prefix_path.ps1'
[6.798s] INFO:colcon.colcon_core.shell:Creating environment descriptor '/ws/install/rae_camera/share/rae_camera/hook/cmake_prefix_path.dsv'
[6.799s] INFO:colcon.colcon_core.shell:Creating environment hook '/ws/install/rae_camera/share/rae_camera/hook/cmake_prefix_path.sh'
[6.800s] Level 1:colcon.colcon_core.environment:checking '/ws/install/rae_camera/lib'
[6.801s] Level 1:colcon.colcon_core.environment:checking '/ws/install/rae_camera/bin'
[6.801s] Level 1:colcon.colcon_core.environment:checking '/ws/install/rae_camera/lib/pkgconfig/rae_camera.pc'
[6.802s] Level 1:colcon.colcon_core.environment:checking '/ws/install/rae_camera/lib/python3.10/site-packages'
[6.802s] Level 1:colcon.colcon_core.environment:checking '/ws/install/rae_camera/bin'
[6.843s] INFO:colcon.colcon_core.shell:Creating package script '/ws/install/rae_camera/share/rae_camera/package.ps1'
[6.845s] INFO:colcon.colcon_core.shell:Creating package descriptor '/ws/install/rae_camera/share/rae_camera/package.dsv'
[6.846s] INFO:colcon.colcon_core.shell:Creating package script '/ws/install/rae_camera/share/rae_camera/package.sh'
[6.847s] INFO:colcon.colcon_core.shell:Creating package script '/ws/install/rae_camera/share/rae_camera/package.bash'
[6.848s] INFO:colcon.colcon_core.shell:Creating package script '/ws/install/rae_camera/share/rae_camera/package.zsh'
[6.849s] Level 1:colcon.colcon_core.environment:create_file_with_runtime_dependencies(/ws/install/rae_camera/share/colcon-core/packages/rae_camera)
[6.850s] DEBUG:colcon.colcon_parallel_executor.executor.parallel:closing loop
[6.851s] DEBUG:colcon.colcon_parallel_executor.executor.parallel:loop closed
[6.851s] DEBUG:colcon.colcon_parallel_executor.executor.parallel:run_until_complete finished with '0'
[6.851s] DEBUG:colcon.colcon_core.event_reactor:joining thread
[6.915s] INFO:colcon.colcon_core.plugin_system:Skipping extension 'colcon_notification.desktop_notification.notify_send': Could not find 'notify-send'
[6.915s] INFO:colcon.colcon_core.plugin_system:Skipping extension 'colcon_notification.desktop_notification.terminal_notifier': Not used on non-Darwin systems
[6.915s] INFO:colcon.colcon_core.plugin_system:Skipping extension 'colcon_notification.desktop_notification.win32': Not used on non-Windows systems
[6.916s] INFO:colcon.colcon_notification.desktop_notification:Sending desktop notification using 'notify2'
[6.923s] DEBUG:colcon.colcon_notification.desktop_notification.notify2:Failed to initialize notify2: org.freedesktop.DBus.Error.Spawn.ExecFailed: /usr/bin/dbus-launch terminated abnormally without any error message
[6.924s] DEBUG:colcon.colcon_core.event_reactor:joined thread
[6.971s] INFO:colcon.colcon_core.shell:Creating prefix script '/ws/install/local_setup.ps1'
[6.974s] INFO:colcon.colcon_core.shell:Creating prefix util module '/ws/install/_local_setup_util_ps1.py'
[6.979s] INFO:colcon.colcon_core.shell:Creating prefix chain script '/ws/install/setup.ps1'
[7.025s] INFO:colcon.colcon_core.shell:Creating prefix script '/ws/install/local_setup.sh'
[7.027s] INFO:colcon.colcon_core.shell:Creating prefix util module '/ws/install/_local_setup_util_sh.py'
[7.028s] INFO:colcon.colcon_core.shell:Creating prefix chain script '/ws/install/setup.sh'
[7.075s] INFO:colcon.colcon_core.shell:Creating prefix script '/ws/install/local_setup.bash'
[7.077s] INFO:colcon.colcon_core.shell:Creating prefix chain script '/ws/install/setup.bash'
[7.124s] INFO:colcon.colcon_core.shell:Creating prefix script '/ws/install/local_setup.zsh'
[7.126s] INFO:colcon.colcon_core.shell:Creating prefix chain script '/ws/install/setup.zsh'
