[0.289s] Invoking command in '/ws/build/rae_camera': CMAKE_PREFIX_PATH=${CMAKE_PREFIX_PATH}:/underlay_ws/install/gst_pipeline:/opt/ros/humble /usr/bin/cmake --build /ws/build/rae_camera -- -j12 -l12
[0.812s] [ 20%] Built target yolo
[0.814s] [ 40%] Built target camera
[0.823s] [ 60%] Built target stereo_depth
[0.842s] [ 80%] Built target stereo_pair
[0.886s] [100%] Built target perception_ipc_rtabmap
[0.969s] Invoked command in '/ws/build/rae_camera' returned '0': CMAKE_PREFIX_PATH=${CMAKE_PREFIX_PATH}:/underlay_ws/install/gst_pipeline:/opt/ros/humble /usr/bin/cmake --build /ws/build/rae_camera -- -j12 -l12
[1.742s] Invoking command in '/ws/build/rae_camera': CMAKE_PREFIX_PATH=${CMAKE_PREFIX_PATH}:/underlay_ws/install/gst_pipeline:/opt/ros/humble /usr/bin/cmake --install /ws/build/rae_camera
[1.809s] -- Install configuration: "RelWithDebInfo"
[1.814s] -- Execute custom install script
[1.817s] -- Up-to-date symlink: /ws/install/rae_camera/share/cmake/xtl/xtlConfig.cmake
[1.818s] -- Up-to-date symlink: /ws/install/rae_camera/share/cmake/xtl/xtlConfigVersion.cmake
[1.818s] -- Up-to-date symlink: /ws/install/rae_camera/share/pkgconfig//xtl.pc
[1.820s] -- Up-to-date symlink: /ws/install/rae_camera/include/xtensor/xaccessible.hpp
[1.820s] -- Up-to-date symlink: /ws/install/rae_camera/include/xtensor/xaccumulator.hpp
[1.821s] -- Up-to-date symlink: /ws/install/rae_camera/include/xtensor/xadapt.hpp
[1.821s] -- Up-to-date symlink: /ws/install/rae_camera/include/xtensor/xarray.hpp
[1.822s] -- Up-to-date symlink: /ws/install/rae_camera/include/xtensor/xassign.hpp
[1.822s] -- Up-to-date symlink: /ws/install/rae_camera/include/xtensor/xaxis_iterator.hpp
[1.823s] -- Up-to-date symlink: /ws/install/rae_camera/include/xtensor/xaxis_slice_iterator.hpp
[1.823s] -- Up-to-date symlink: /ws/install/rae_camera/include/xtensor/xblockwise_reducer.hpp
[1.823s] -- Up-to-date symlink: /ws/install/rae_camera/include/xtensor/xblockwise_reducer_functors.hpp
[1.824s] -- Up-to-date symlink: /ws/install/rae_camera/include/xtensor/xbroadcast.hpp
[1.824s] -- Up-to-date symlink: /ws/install/rae_camera/include/xtensor/xbuffer_adaptor.hpp
[1.824s] -- Up-to-date symlink: /ws/install/rae_camera/include/xtensor/xbuilder.hpp
[1.824s] -- Up-to-date symlink: /ws/install/rae_camera/include/xtensor/xchunked_array.hpp
[1.825s] -- Up-to-date symlink: /ws/install/rae_camera/include/xtensor/xchunked_assign.hpp
[1.825s] -- Up-to-date symlink: /ws/install/rae_camera/include/xtensor/xchunked_view.hpp
[1.825s] -- Up-to-date symlink: /ws/install/rae_camera/include/xtensor/xcomplex.hpp
[1.825s] -- Up-to-date symlink: /ws/install/rae_camera/include/xtensor/xcontainer.hpp
[1.826s] -- Up-to-date symlink: /ws/install/rae_camera/include/xtensor/xcsv.hpp
[1.826s] -- Up-to-date symlink: /ws/install/rae_camera/include/xtensor/xdynamic_view.hpp
[1.826s] -- Up-to-date symlink: /ws/install/rae_camera/include/xtensor/xeval.hpp
[1.826s] -- Up-to-date symlink: /ws/install/rae_camera/include/xtensor/xexception.hpp
[1.827s] -- Up-to-date symlink: /ws/install/rae_camera/include/xtensor/xexpression.hpp
[1.827s] -- Up-to-date symlink: /ws/install/rae_camera/include/xtensor/xexpression_holder.hpp
[1.827s] -- Up-to-date symlink: /ws/install/rae_camera/include/xtensor/xexpression_traits.hpp
[1.827s] -- Up-to-date symlink: /ws/install/rae_camera/include/xtensor/xfixed.hpp
[1.828s] -- Up-to-date symlink: /ws/install/rae_camera/include/xtensor/xfunction.hpp
[1.828s] -- Up-to-date symlink: /ws/install/rae_camera/include/xtensor/xfunctor_view.hpp
[1.828s] -- Up-to-date symlink: /ws/install/rae_camera/include/xtensor/xgenerator.hpp
[1.828s] -- Up-to-date symlink: /ws/install/rae_camera/include/xtensor/xhistogram.hpp
[1.829s] -- Up-to-date symlink: /ws/install/rae_camera/include/xtensor/xindex_view.hpp
[1.829s] -- Up-to-date symlink: /ws/install/rae_camera/include/xtensor/xinfo.hpp
[1.829s] -- Up-to-date symlink: /ws/install/rae_camera/include/xtensor/xio.hpp
[1.829s] -- Up-to-date symlink: /ws/install/rae_camera/include/xtensor/xiterable.hpp
[1.830s] -- Up-to-date symlink: /ws/install/rae_camera/include/xtensor/xiterator.hpp
[1.830s] -- Up-to-date symlink: /ws/install/rae_camera/include/xtensor/xjson.hpp
[1.830s] -- Up-to-date symlink: /ws/install/rae_camera/include/xtensor/xlayout.hpp
[1.830s] -- Up-to-date symlink: /ws/install/rae_camera/include/xtensor/xmanipulation.hpp
[1.831s] -- Up-to-date symlink: /ws/install/rae_camera/include/xtensor/xmasked_view.hpp
[1.831s] -- Up-to-date symlink: /ws/install/rae_camera/include/xtensor/xmath.hpp
[1.831s] -- Up-to-date symlink: /ws/install/rae_camera/include/xtensor/xmime.hpp
[1.831s] -- Up-to-date symlink: /ws/install/rae_camera/include/xtensor/xmultiindex_iterator.hpp
[1.831s] -- Up-to-date symlink: /ws/install/rae_camera/include/xtensor/xnoalias.hpp
[1.832s] -- Up-to-date symlink: /ws/install/rae_camera/include/xtensor/xnorm.hpp
[1.832s] -- Up-to-date symlink: /ws/install/rae_camera/include/xtensor/xnpy.hpp
[1.832s] -- Up-to-date symlink: /ws/install/rae_camera/include/xtensor/xoffset_view.hpp
[1.832s] -- Up-to-date symlink: /ws/install/rae_camera/include/xtensor/xoperation.hpp
[1.833s] -- Up-to-date symlink: /ws/install/rae_camera/include/xtensor/xoptional.hpp
[1.833s] -- Up-to-date symlink: /ws/install/rae_camera/include/xtensor/xoptional_assembly.hpp
[1.833s] -- Up-to-date symlink: /ws/install/rae_camera/include/xtensor/xoptional_assembly_base.hpp
[1.833s] -- Up-to-date symlink: /ws/install/rae_camera/include/xtensor/xoptional_assembly_storage.hpp
[1.834s] -- Up-to-date symlink: /ws/install/rae_camera/include/xtensor/xpad.hpp
[1.834s] -- Up-to-date symlink: /ws/install/rae_camera/include/xtensor/xrandom.hpp
[1.834s] -- Up-to-date symlink: /ws/install/rae_camera/include/xtensor/xreducer.hpp
[1.834s] -- Up-to-date symlink: /ws/install/rae_camera/include/xtensor/xrepeat.hpp
[1.835s] -- Up-to-date symlink: /ws/install/rae_camera/include/xtensor/xscalar.hpp
[1.835s] -- Up-to-date symlink: /ws/install/rae_camera/include/xtensor/xsemantic.hpp
[1.835s] -- Up-to-date symlink: /ws/install/rae_camera/include/xtensor/xset_operation.hpp
[1.836s] -- Up-to-date symlink: /ws/install/rae_camera/include/xtensor/xshape.hpp
[1.836s] -- Up-to-date symlink: /ws/install/rae_camera/include/xtensor/xslice.hpp
[1.836s] -- Up-to-date symlink: /ws/install/rae_camera/include/xtensor/xsort.hpp
[1.836s] -- Up-to-date symlink: /ws/install/rae_camera/include/xtensor/xstorage.hpp
[1.837s] -- Up-to-date symlink: /ws/install/rae_camera/include/xtensor/xstrided_view.hpp
[1.837s] -- Up-to-date symlink: /ws/install/rae_camera/include/xtensor/xstrided_view_base.hpp
[1.837s] -- Up-to-date symlink: /ws/install/rae_camera/include/xtensor/xstrides.hpp
[1.838s] -- Up-to-date symlink: /ws/install/rae_camera/include/xtensor/xtensor.hpp
[1.838s] -- Up-to-date symlink: /ws/install/rae_camera/include/xtensor/xtensor_config.hpp
[1.838s] -- Up-to-date symlink: /ws/install/rae_camera/include/xtensor/xtensor_forward.hpp
[1.838s] -- Up-to-date symlink: /ws/install/rae_camera/include/xtensor/xtensor_simd.hpp
[1.839s] -- Up-to-date symlink: /ws/install/rae_camera/include/xtensor/xutils.hpp
[1.839s] -- Up-to-date symlink: /ws/install/rae_camera/include/xtensor/xvectorize.hpp
[1.839s] -- Up-to-date symlink: /ws/install/rae_camera/include/xtensor/xview.hpp
[1.840s] -- Up-to-date symlink: /ws/install/rae_camera/include/xtensor/xview_utils.hpp
[1.840s] -- Up-to-date symlink: /ws/install/rae_camera/lib/cmake/xtensor/xtensorConfig.cmake
[1.840s] -- Up-to-date symlink: /ws/install/rae_camera/lib/cmake/xtensor/xtensorConfigVersion.cmake
[1.841s] -- Up-to-date symlink: /ws/install/rae_camera/lib/pkgconfig//xtensor.pc
[1.841s] -- Up-to-date symlink: /ws/install/rae_camera/include/xtensor.hpp
[1.843s] -- Up-to-date symlink: /ws/install/rae_camera/lib/rae_camera/camera
[1.844s] -- Up-to-date symlink: /ws/install/rae_camera/lib/rae_camera/stereo_depth
[1.844s] -- Up-to-date symlink: /ws/install/rae_camera/lib/rae_camera/stereo_pair
[1.845s] -- Up-to-date symlink: /ws/install/rae_camera/lib/rae_camera/yolo
[1.846s] -- Up-to-date symlink: /ws/install/rae_camera/lib/rae_camera/perception_ipc_rtabmap
[1.852s] -- Up-to-date symlink: /ws/install/rae_camera/share/rae_camera/launch/perception_ipc.launch.py
[1.852s] -- Up-to-date symlink: /ws/install/rae_camera/share/rae_camera/launch/rae_camera.launch.py
[1.853s] -- Up-to-date symlink: /ws/install/rae_camera/share/rae_camera/config/cal.json
[1.853s] -- Up-to-date symlink: /ws/install/rae_camera/share/rae_camera/config/camera.yaml
[1.854s] -- Up-to-date symlink: /ws/install/rae_camera/share/rae_camera/config/ipc.yaml
[1.854s] -- Up-to-date symlink: /ws/install/rae_camera/share/rae_camera/config/laserscan_kinect.yaml
[1.854s] -- Up-to-date symlink: /ws/install/rae_camera/share/rae_camera/config/yolo.json
[1.855s] -- Up-to-date symlink: /ws/install/rae_camera/share/ament_index/resource_index/package_run_dependencies/rae_camera
[1.855s] -- Up-to-date symlink: /ws/install/rae_camera/share/ament_index/resource_index/parent_prefix_path/rae_camera
[1.856s] -- Up-to-date symlink: /ws/install/rae_camera/share/rae_camera/environment/ament_prefix_path.sh
[1.856s] -- Up-to-date symlink: /ws/install/rae_camera/share/rae_camera/environment/ament_prefix_path.dsv
[1.856s] -- Up-to-date symlink: /ws/install/rae_camera/share/rae_camera/environment/path.sh
[1.857s] -- Up-to-date symlink: /ws/install/rae_camera/share/rae_camera/environment/path.dsv
[1.858s] -- Up-to-date symlink: /ws/install/rae_camera/share/rae_camera/local_setup.bash
[1.858s] -- Up-to-date symlink: /ws/install/rae_camera/share/rae_camera/local_setup.sh
[1.859s] -- Up-to-date symlink: /ws/install/rae_camera/share/rae_camera/local_setup.zsh
[1.859s] -- Up-to-date symlink: /ws/install/rae_camera/share/rae_camera/local_setup.dsv
[1.859s] -- Symlinking: /ws/install/rae_camera/share/rae_camera/package.dsv
[1.920s] -- Up-to-date symlink: /ws/install/rae_camera/share/ament_index/resource_index/packages/rae_camera
[1.921s] -- Up-to-date symlink: /ws/install/rae_camera/share/rae_camera/cmake/ament_cmake_export_include_directories-extras.cmake
[1.922s] -- Up-to-date symlink: /ws/install/rae_camera/share/rae_camera/cmake/ament_cmake_export_dependencies-extras.cmake
[1.923s] -- Up-to-date symlink: /ws/install/rae_camera/share/rae_camera/cmake/rae_cameraConfig.cmake
[1.923s] -- Up-to-date symlink: /ws/install/rae_camera/share/rae_camera/cmake/rae_cameraConfig-version.cmake
[1.924s] -- Up-to-date symlink: /ws/install/rae_camera/share/rae_camera/package.xml
[1.928s] -- Up-to-date: /ws/install/rae_camera/include/xtl/xany.hpp
[1.929s] -- Up-to-date: /ws/install/rae_camera/include/xtl/xbasic_fixed_string.hpp
[1.929s] -- Up-to-date: /ws/install/rae_camera/include/xtl/xbase64.hpp
[1.930s] -- Up-to-date: /ws/install/rae_camera/include/xtl/xclosure.hpp
[1.930s] -- Up-to-date: /ws/install/rae_camera/include/xtl/xcomplex.hpp
[1.931s] -- Up-to-date: /ws/install/rae_camera/include/xtl/xcomplex_sequence.hpp
[1.931s] -- Up-to-date: /ws/install/rae_camera/include/xtl/xspan.hpp
[1.931s] -- Up-to-date: /ws/install/rae_camera/include/xtl/xspan_impl.hpp
[1.932s] -- Up-to-date: /ws/install/rae_camera/include/xtl/xdynamic_bitset.hpp
[1.932s] -- Up-to-date: /ws/install/rae_camera/include/xtl/xfunctional.hpp
[1.933s] -- Up-to-date: /ws/install/rae_camera/include/xtl/xhalf_float.hpp
[1.933s] -- Up-to-date: /ws/install/rae_camera/include/xtl/xhalf_float_impl.hpp
[1.933s] -- Up-to-date: /ws/install/rae_camera/include/xtl/xhash.hpp
[1.934s] -- Up-to-date: /ws/install/rae_camera/include/xtl/xhierarchy_generator.hpp
[1.934s] -- Up-to-date: /ws/install/rae_camera/include/xtl/xiterator_base.hpp
[1.934s] -- Up-to-date: /ws/install/rae_camera/include/xtl/xjson.hpp
[1.935s] -- Up-to-date: /ws/install/rae_camera/include/xtl/xmasked_value_meta.hpp
[1.935s] -- Up-to-date: /ws/install/rae_camera/include/xtl/xmasked_value.hpp
[1.936s] -- Up-to-date: /ws/install/rae_camera/include/xtl/xmeta_utils.hpp
[1.936s] -- Up-to-date: /ws/install/rae_camera/include/xtl/xmultimethods.hpp
[1.936s] -- Up-to-date: /ws/install/rae_camera/include/xtl/xoptional_meta.hpp
[1.937s] -- Up-to-date: /ws/install/rae_camera/include/xtl/xoptional.hpp
[1.937s] -- Up-to-date: /ws/install/rae_camera/include/xtl/xoptional_sequence.hpp
[1.938s] -- Up-to-date: /ws/install/rae_camera/include/xtl/xplatform.hpp
[1.939s] -- Up-to-date: /ws/install/rae_camera/include/xtl/xproxy_wrapper.hpp
[1.939s] -- Up-to-date: /ws/install/rae_camera/include/xtl/xsequence.hpp
[1.941s] -- Up-to-date: /ws/install/rae_camera/include/xtl/xsystem.hpp
[1.942s] -- Up-to-date: /ws/install/rae_camera/include/xtl/xtl_config.hpp
[1.942s] -- Up-to-date: /ws/install/rae_camera/include/xtl/xtype_traits.hpp
[1.943s] -- Up-to-date: /ws/install/rae_camera/include/xtl/xvariant.hpp
[1.943s] -- Up-to-date: /ws/install/rae_camera/include/xtl/xvariant_impl.hpp
[1.944s] -- Up-to-date: /ws/install/rae_camera/include/xtl/xvisitor.hpp
[1.944s] -- Up-to-date: /ws/install/rae_camera/share/cmake/xtl/xtlTargets.cmake
[1.945s] -- Up-to-date: /ws/install/rae_camera/lib/cmake/xtensor/xtensorTargets.cmake
[1.946s] Invoked command in '/ws/build/rae_camera' returned '0': CMAKE_PREFIX_PATH=${CMAKE_PREFIX_PATH}:/underlay_ws/install/gst_pipeline:/opt/ros/humble /usr/bin/cmake --install /ws/build/rae_camera
